C:\Users\sponheim\git\dasp\src\spectral_predict\scoring.py:374: FutureWarning: The behavior of DataFrame concatenation with empty or all-NA entries is deprecated. In a future version, this will no longer exclude empty or all-NA columns when determining the result dtypes. To retain the old behavior, exclude the relevant entries before the concat operation.
  return pd.concat([df_results, df_new], ignore_index=True)
C:\Users\sponheim\AppData\Local\Programs\Python\Python312\Lib\site-packages\sklearn\utils\validation.py:2749: UserWarning: X does not have valid feature names, but LGBMRegressor was fitted with feature names
  warnings.warn(
C:\Users\sponheim\AppData\Local\Programs\Python\Python312\Lib\site-packages\sklearn\utils\validation.py:2749: UserWarning: X does not have valid feature names, but LGBMRegressor was fitted with feature names
  warnings.warn(
C:\Users\sponheim\AppData\Local\Programs\Python\Python312\Lib\site-packages\sklearn\utils\validation.py:2749: UserWarning: X does not have valid feature names, but LGBMRegressor was fitted with feature names
  warnings.warn(
C:\Users\sponheim\AppData\Local\Programs\Python\Python312\Lib\site-packages\sklearn\utils\validation.py:2749: UserWarning: X does not have valid feature names, but LGBMRegressor was fitted with feature names
  warnings.warn(
C:\Users\sponheim\AppData\Local\Programs\Python\Python312\Lib\site-packages\sklearn\utils\validation.py:2749: UserWarning: X does not have valid feature names, but LGBMRegressor was fitted with feature names
  warnings.warn(
C:\Users\sponheim\AppData\Local\Programs\Python\Python312\Lib\site-packages\sklearn\utils\validation.py:2749: UserWarning: X does not have valid feature names, but LGBMRegressor was fitted with feature names
  warnings.warn(
C:\Users\sponheim\AppData\Local\Programs\Python\Python312\Lib\site-packages\sklearn\utils\validation.py:2749: UserWarning: X does not have valid feature names, but LGBMRegressor was fitted with feature names
  warnings.warn(
C:\Users\sponheim\AppData\Local\Programs\Python\Python312\Lib\site-packages\sklearn\utils\validation.py:2749: UserWarning: X does not have valid feature names, but LGBMRegressor was fitted with feature names
  warnings.warn(
C:\Users\sponheim\AppData\Local\Programs\Python\Python312\Lib\site-packages\sklearn\utils\validation.py:2749: UserWarning: X does not have valid feature names, but LGBMRegressor was fitted with feature names
  warnings.warn(
C:\Users\sponheim\AppData\Local\Programs\Python\Python312\Lib\site-packages\sklearn\utils\validation.py:2749: UserWarning: X does not have valid feature names, but LGBMRegressor was fitted with feature names
  warnings.warn(
C:\Users\sponheim\AppData\Local\Programs\Python\Python312\Lib\site-packages\sklearn\utils\validation.py:2749: UserWarning: X does not have valid feature names, but LGBMRegressor was fitted with feature names
  warnings.warn(
C:\Users\sponheim\AppData\Local\Programs\Python\Python312\Lib\site-packages\sklearn\utils\validation.py:2749: UserWarning: X does not have valid feature names, but LGBMRegressor was fitted with feature names
  warnings.warn(
C:\Users\sponheim\AppData\Local\Programs\Python\Python312\Lib\site-packages\sklearn\utils\validation.py:2749: UserWarning: X does not have valid feature names, but LGBMRegressor was fitted with feature names
  warnings.warn(
C:\Users\sponheim\AppData\Local\Programs\Python\Python312\Lib\site-packages\sklearn\utils\validation.py:2749: UserWarning: X does not have valid feature names, but LGBMRegressor was fitted with feature names
  warnings.warn(
C:\Users\sponheim\AppData\Local\Programs\Python\Python312\Lib\site-packages\sklearn\utils\validation.py:2749: UserWarning: X does not have valid feature names, but LGBMRegressor was fitted with feature names
  warnings.warn(

======================================================================
 V1 COMPREHENSIVE TESTING
 Started: 2025-12-21 09:57:39
======================================================================

============================================================
 STAGE 1: Data Loading & SPXY Split
============================================================

Loading spectral data from ASD files...
Found 49 ASD files
Detected data type: Reflectance (confidence: 77.8%)
  Loaded 49 spectra
  Wavelength range: 350.0 - 2500.0 nm
  Number of wavelengths: 2151

Loading reference data...
  Loaded 49 reference entries
  Columns: ['Sample no.', '%Collagen', 'CollagenCat']

Matched 49 samples

Regression target (%Collagen):
  Range: 0.90 - 22.10
  Mean: 9.47, Std: 6.91

Classification target (CollagenCat):
  Classes: {'High': 24, 'Medium': 15, 'Low': 10}

Creating SPXY split (8 test samples)...

Train set: 41 samples
  Regression range: 1.00 - 22.10
  Classification: {'High': 20, 'Medium': 15, 'Low': 6}

Test set: 8 samples
  Regression range: 0.90 - 21.70
  Classification: {'Low': 4, 'High': 4}

  Test set coverage looks good.

============================================================
CHECKPOINT: Stage 1: Data Loading Complete
============================================================

[--no-prompt] Auto-continuing...

============================================================
 STAGE 2: Grid Search Baseline
============================================================


--- 2A: Regression (%Collagen) ---

Running grid search with models: ['PLS', 'Ridge', 'LightGBM']
Using 5-fold CV on 41 training samples...
Note: Reducing max components from 8 to 7 due to dataset constraints (n_samples=41, n_features=2151, min_fold_size~8, task=regression)
Running regression search with 5-fold CV...
Models: ['PLS', 'Ridge', 'LightGBM']
Preprocessing configs: 14

Preprocessing breakdown:
  - raw
  - snv
  - deriv (deriv=1, window=7)
  - deriv (deriv=1, window=19)
  - snv_deriv (deriv=1, window=7)
  - snv_deriv (deriv=1, window=19)
  - deriv_snv (deriv=1, window=7)
  - deriv_snv (deriv=1, window=19)
  - deriv (deriv=2, window=7)
  - deriv (deriv=2, window=19)
  - snv_deriv (deriv=2, window=7)
  - snv_deriv (deriv=2, window=19)
  - deriv_snv (deriv=2, window=7)
  - deriv_snv (deriv=2, window=19)

Enable variable subsets: False
Variable counts: None
Enable region subsets: False

[1/266] Testing PLS (n_components=2, max_iter=500...) + raw

================================================================================
DIAGNOSTIC - PLS Training (Results Tab)
================================================================================
ALL PLS parameters after training:
  copy: True
  max_iter: 500
  n_components: 2
  scale: False
  tol: 1e-06

Old params dict (incomplete - only grid search params):
  {'n_components': 2, 'max_iter': 500, 'tol': 1e-06}

New params dict (complete - ALL parameters):
  {'copy': True, 'max_iter': 500, 'n_components': 2, 'scale': False, 'tol': 1e-06}
================================================================================

     Full model: R²=0.361, RMSE=3.524
  -> Skipping subset analysis for PLS (variable subsets disabled)
[2/266] Testing PLS (n_components=3, max_iter=500...) + raw | Best: R²=0.361, RMSE=3.524

================================================================================
DIAGNOSTIC - PLS Training (Results Tab)
================================================================================
ALL PLS parameters after training:
  copy: True
  max_iter: 500
  n_components: 3
  scale: False
  tol: 1e-06

Old params dict (incomplete - only grid search params):
  {'n_components': 3, 'max_iter': 500, 'tol': 1e-06}

New params dict (complete - ALL parameters):
  {'copy': True, 'max_iter': 500, 'n_components': 3, 'scale': False, 'tol': 1e-06}
================================================================================

     Full model: R²=0.367, RMSE=3.381
  -> Skipping subset analysis for PLS (variable subsets disabled)
[3/266] Testing PLS (n_components=4, max_iter=500...) + raw | Best: R²=0.367, RMSE=3.381

================================================================================
DIAGNOSTIC - PLS Training (Results Tab)
================================================================================
ALL PLS parameters after training:
  copy: True
  max_iter: 500
  n_components: 4
  scale: False
  tol: 1e-06

Old params dict (incomplete - only grid search params):
  {'n_components': 4, 'max_iter': 500, 'tol': 1e-06}

New params dict (complete - ALL parameters):
  {'copy': True, 'max_iter': 500, 'n_components': 4, 'scale': False, 'tol': 1e-06}
================================================================================

     Full model: R²=0.615, RMSE=2.766
  -> Skipping subset analysis for PLS (variable subsets disabled)
[4/266] Testing PLS (n_components=5, max_iter=500...) + raw | Best: R²=0.615, RMSE=2.766

================================================================================
DIAGNOSTIC - PLS Training (Results Tab)
================================================================================
ALL PLS parameters after training:
  copy: True
  max_iter: 500
  n_components: 5
  scale: False
  tol: 1e-06

Old params dict (incomplete - only grid search params):
  {'n_components': 5, 'max_iter': 500, 'tol': 1e-06}

New params dict (complete - ALL parameters):
  {'copy': True, 'max_iter': 500, 'n_components': 5, 'scale': False, 'tol': 1e-06}
================================================================================

     Full model: R²=0.664, RMSE=2.605
  -> Skipping subset analysis for PLS (variable subsets disabled)
[5/266] Testing PLS (n_components=6, max_iter=500...) + raw | Best: R²=0.664, RMSE=2.605

================================================================================
DIAGNOSTIC - PLS Training (Results Tab)
================================================================================
ALL PLS parameters after training:
  copy: True
  max_iter: 500
  n_components: 6
  scale: False
  tol: 1e-06

Old params dict (incomplete - only grid search params):
  {'n_components': 6, 'max_iter': 500, 'tol': 1e-06}

New params dict (complete - ALL parameters):
  {'copy': True, 'max_iter': 500, 'n_components': 6, 'scale': False, 'tol': 1e-06}
================================================================================

     Full model: R²=0.641, RMSE=2.675
  -> Skipping subset analysis for PLS (variable subsets disabled)
[6/266] Testing PLS (n_components=7, max_iter=500...) + raw | Best: R²=0.664, RMSE=2.605

================================================================================
DIAGNOSTIC - PLS Training (Results Tab)
================================================================================
ALL PLS parameters after training:
  copy: True
  max_iter: 500
  n_components: 7
  scale: False
  tol: 1e-06

Old params dict (incomplete - only grid search params):
  {'n_components': 7, 'max_iter': 500, 'tol': 1e-06}

New params dict (complete - ALL parameters):
  {'copy': True, 'max_iter': 500, 'n_components': 7, 'scale': False, 'tol': 1e-06}
================================================================================

     Full model: R²=0.652, RMSE=2.663
  -> Skipping subset analysis for PLS (variable subsets disabled)
[7/266] Testing Ridge (alpha=0.001, solver=auto...) + raw | Best: R²=0.664, RMSE=2.605

================================================================================
DIAGNOSTIC - Ridge Training (Results Tab)
================================================================================
ALL Ridge parameters after training:
  alpha: 0.001
  copy_X: True
  fit_intercept: True
  max_iter: None
  positive: False
  random_state: 42
  solver: auto
  tol: 0.0001

Old params dict (incomplete - only grid search params):
  {'alpha': 0.001, 'solver': 'auto', 'tol': 0.0001}

New params dict (complete - ALL parameters):
C:\Users\sponheim\AppData\Local\Programs\Python\Python312\Lib\site-packages\sklearn\utils\validation.py:2749: UserWarning: X does not have valid feature names, but LGBMRegressor was fitted with feature names
  warnings.warn(
C:\Users\sponheim\AppData\Local\Programs\Python\Python312\Lib\site-packages\sklearn\utils\validation.py:2749: UserWarning: X does not have valid feature names, but LGBMRegressor was fitted with feature names
  warnings.warn(
C:\Users\sponheim\AppData\Local\Programs\Python\Python312\Lib\site-packages\sklearn\utils\validation.py:2749: UserWarning: X does not have valid feature names, but LGBMRegressor was fitted with feature names
  warnings.warn(
C:\Users\sponheim\AppData\Local\Programs\Python\Python312\Lib\site-packages\sklearn\utils\validation.py:2749: UserWarning: X does not have valid feature names, but LGBMRegressor was fitted with feature names
  warnings.warn(
C:\Users\sponheim\AppData\Local\Programs\Python\Python312\Lib\site-packages\sklearn\utils\validation.py:2749: UserWarning: X does not have valid feature names, but LGBMRegressor was fitted with feature names
  warnings.warn(
C:\Users\sponheim\AppData\Local\Programs\Python\Python312\Lib\site-packages\sklearn\utils\validation.py:2749: UserWarning: X does not have valid feature names, but LGBMRegressor was fitted with feature names
  warnings.warn(
C:\Users\sponheim\AppData\Local\Programs\Python\Python312\Lib\site-packages\sklearn\utils\validation.py:2749: UserWarning: X does not have valid feature names, but LGBMRegressor was fitted with feature names
  warnings.warn(
C:\Users\sponheim\AppData\Local\Programs\Python\Python312\Lib\site-packages\sklearn\utils\validation.py:2749: UserWarning: X does not have valid feature names, but LGBMRegressor was fitted with feature names
  warnings.warn(
C:\Users\sponheim\AppData\Local\Programs\Python\Python312\Lib\site-packages\sklearn\utils\validation.py:2749: UserWarning: X does not have valid feature names, but LGBMRegressor was fitted with feature names
  warnings.warn(
C:\Users\sponheim\AppData\Local\Programs\Python\Python312\Lib\site-packages\sklearn\utils\validation.py:2749: UserWarning: X does not have valid feature names, but LGBMRegressor was fitted with feature names
  warnings.warn(
C:\Users\sponheim\AppData\Local\Programs\Python\Python312\Lib\site-packages\sklearn\utils\validation.py:2749: UserWarning: X does not have valid feature names, but LGBMRegressor was fitted with feature names
  warnings.warn(
C:\Users\sponheim\AppData\Local\Programs\Python\Python312\Lib\site-packages\sklearn\utils\validation.py:2749: UserWarning: X does not have valid feature names, but LGBMRegressor was fitted with feature names
  warnings.warn(
C:\Users\sponheim\AppData\Local\Programs\Python\Python312\Lib\site-packages\sklearn\utils\validation.py:2749: UserWarning: X does not have valid feature names, but LGBMRegressor was fitted with feature names
  warnings.warn(
C:\Users\sponheim\AppData\Local\Programs\Python\Python312\Lib\site-packages\sklearn\utils\validation.py:2749: UserWarning: X does not have valid feature names, but LGBMRegressor was fitted with feature names
  warnings.warn(
C:\Users\sponheim\AppData\Local\Programs\Python\Python312\Lib\site-packages\sklearn\utils\validation.py:2749: UserWarning: X does not have valid feature names, but LGBMRegressor was fitted with feature names
  warnings.warn(
C:\Users\sponheim\AppData\Local\Programs\Python\Python312\Lib\site-packages\sklearn\utils\validation.py:2749: UserWarning: X does not have valid feature names, but LGBMRegressor was fitted with feature names
  warnings.warn(
C:\Users\sponheim\AppData\Local\Programs\Python\Python312\Lib\site-packages\sklearn\utils\validation.py:2749: UserWarning: X does not have valid feature names, but LGBMRegressor was fitted with feature names
  warnings.warn(
C:\Users\sponheim\AppData\Local\Programs\Python\Python312\Lib\site-packages\sklearn\utils\validation.py:2749: UserWarning: X does not have valid feature names, but LGBMRegressor was fitted with feature names
  warnings.warn(
C:\Users\sponheim\AppData\Local\Programs\Python\Python312\Lib\site-packages\sklearn\utils\validation.py:2749: UserWarning: X does not have valid feature names, but LGBMRegressor was fitted with feature names
  warnings.warn(
C:\Users\sponheim\AppData\Local\Programs\Python\Python312\Lib\site-packages\sklearn\utils\validation.py:2749: UserWarning: X does not have valid feature names, but LGBMRegressor was fitted with feature names
  warnings.warn(
  {'alpha': 0.001, 'copy_X': True, 'fit_intercept': True, 'max_iter': None, 'positive': False, 'random_state': 42, 'solver': 'auto', 'tol': 0.0001}
================================================================================

     Full model: R²=0.815, RMSE=2.273
  -> Skipping subset analysis for Ridge (variable subsets disabled)
[8/266] Testing Ridge (alpha=0.01, solver=auto...) + raw | Best: R²=0.815, RMSE=2.273

================================================================================
DIAGNOSTIC - Ridge Training (Results Tab)
================================================================================
ALL Ridge parameters after training:
  alpha: 0.01
  copy_X: True
  fit_intercept: True
  max_iter: None
  positive: False
  random_state: 42
  solver: auto
  tol: 0.0001

Old params dict (incomplete - only grid search params):
  {'alpha': 0.01, 'solver': 'auto', 'tol': 0.0001}

New params dict (complete - ALL parameters):
  {'alpha': 0.01, 'copy_X': True, 'fit_intercept': True, 'max_iter': None, 'positive': False, 'random_state': 42, 'solver': 'auto', 'tol': 0.0001}
================================================================================

     Full model: R²=0.786, RMSE=2.146
  -> Skipping subset analysis for Ridge (variable subsets disabled)
[9/266] Testing Ridge (alpha=0.1, solver=auto...) + raw | Best: R²=0.786, RMSE=2.146

================================================================================
DIAGNOSTIC - Ridge Training (Results Tab)
================================================================================
ALL Ridge parameters after training:
  alpha: 0.1
  copy_X: True
  fit_intercept: True
  max_iter: None
  positive: False
  random_state: 42
  solver: auto
  tol: 0.0001

Old params dict (incomplete - only grid search params):
  {'alpha': 0.1, 'solver': 'auto', 'tol': 0.0001}

New params dict (complete - ALL parameters):
  {'alpha': 0.1, 'copy_X': True, 'fit_intercept': True, 'max_iter': None, 'positive': False, 'random_state': 42, 'solver': 'auto', 'tol': 0.0001}
================================================================================

     Full model: R²=0.736, RMSE=2.242
  -> Skipping subset analysis for Ridge (variable subsets disabled)
[10/266] Testing Ridge (alpha=1.0, solver=auto...) + raw | Best: R²=0.786, RMSE=2.146

================================================================================
DIAGNOSTIC - Ridge Training (Results Tab)
================================================================================
ALL Ridge parameters after training:
  alpha: 1.0
  copy_X: True
  fit_intercept: True
  max_iter: None
  positive: False
  random_state: 42
  solver: auto
  tol: 0.0001

Old params dict (incomplete - only grid search params):
  {'alpha': 1.0, 'solver': 'auto', 'tol': 0.0001}

New params dict (complete - ALL parameters):
  {'alpha': 1.0, 'copy_X': True, 'fit_intercept': True, 'max_iter': None, 'positive': False, 'random_state': 42, 'solver': 'auto', 'tol': 0.0001}
================================================================================

     Full model: R²=0.649, RMSE=2.477
  -> Skipping subset analysis for Ridge (variable subsets disabled)
[11/266] Testing Ridge (alpha=10.0, solver=auto...) + raw | Best: R²=0.786, RMSE=2.146

================================================================================
DIAGNOSTIC - Ridge Training (Results Tab)
================================================================================
ALL Ridge parameters after training:
  alpha: 10.0
  copy_X: True
  fit_intercept: True
  max_iter: None
  positive: False
  random_state: 42
  solver: auto
  tol: 0.0001

Old params dict (incomplete - only grid search params):
  {'alpha': 10.0, 'solver': 'auto', 'tol': 0.0001}

New params dict (complete - ALL parameters):
  {'alpha': 10.0, 'copy_X': True, 'fit_intercept': True, 'max_iter': None, 'positive': False, 'random_state': 42, 'solver': 'auto', 'tol': 0.0001}
================================================================================

     Full model: R²=0.471, RMSE=3.187
  -> Skipping subset analysis for Ridge (variable subsets disabled)
[12/266] Testing LightGBM (n_estimators=100, learning_rate=0.05...) + raw | Best: R²=0.786, RMSE=2.146

================================================================================
DIAGNOSTIC - LightGBM Training (Results Tab)
================================================================================
ALL LightGBM parameters after training:
  bagging_freq: 1
  boosting_type: gbdt
  class_weight: None
  colsample_bytree: 0.8
  importance_type: split
  learning_rate: 0.05
  max_depth: -1
  min_child_samples: 5
  min_child_weight: 0.001
  min_split_gain: 0.0
  n_estimators: 100
  n_jobs: -1
  num_leaves: 31
  objective: None
  random_state: 42
  reg_alpha: 0.1
  reg_lambda: 1.0
  subsample: 0.8
  subsample_for_bin: 200000
  subsample_freq: 0
  verbosity: -1

Old params dict (incomplete - only grid search params):
  {'n_estimators': 100, 'learning_rate': 0.05, 'num_leaves': 31, 'max_depth': -1, 'min_child_samples': 5, 'subsample': 0.8, 'bagging_freq': 1, 'colsample_bytree': 0.8, 'reg_alpha': 0.1, 'reg_lambda': 1.0}

New params dict (complete - ALL parameters):
  {'boosting_type': 'gbdt', 'class_weight': None, 'colsample_bytree': 0.8, 'importance_type': 'split', 'learning_rate': 0.05, 'max_depth': -1, 'min_child_samples': 5, 'min_child_weight': 0.001, 'min_split_gain': 0.0, 'n_estimators': 100, 'n_jobs': -1, 'num_leaves': 31, 'objective': None, 'random_state': 42, 'reg_alpha': 0.1, 'reg_lambda': 1.0, 'subsample': 0.8, 'subsample_for_bin': 200000, 'subsample_freq': 0, 'bagging_freq': 1, 'verbosity': -1}
================================================================================

     Full model: R²=0.426, RMSE=3.495
  -> Skipping subset analysis for LightGBM (variable subsets disabled)
[13/266] Testing LightGBM (n_estimators=100, learning_rate=0.05...) + raw | Best: R²=0.786, RMSE=2.146

================================================================================
DIAGNOSTIC - LightGBM Training (Results Tab)
================================================================================
ALL LightGBM parameters after training:
  bagging_freq: 1
  boosting_type: gbdt
  class_weight: None
  colsample_bytree: 0.8
  importance_type: split
  learning_rate: 0.05
  max_depth: -1
  min_child_samples: 5
  min_child_weight: 0.001
  min_split_gain: 0.0
  n_estimators: 100
  n_jobs: -1
  num_leaves: 63
  objective: None
  random_state: 42
  reg_alpha: 0.1
  reg_lambda: 1.0
  subsample: 0.8
  subsample_for_bin: 200000
  subsample_freq: 0
  verbosity: -1

Old params dict (incomplete - only grid search params):
  {'n_estimators': 100, 'learning_rate': 0.05, 'num_leaves': 63, 'max_depth': -1, 'min_child_samples': 5, 'subsample': 0.8, 'bagging_freq': 1, 'colsample_bytree': 0.8, 'reg_alpha': 0.1, 'reg_lambda': 1.0}

New params dict (complete - ALL parameters):
  {'boosting_type': 'gbdt', 'class_weight': None, 'colsample_bytree': 0.8, 'importance_type': 'split', 'learning_rate': 0.05, 'max_depth': -1, 'min_child_samples': 5, 'min_child_weight': 0.001, 'min_split_gain': 0.0, 'n_estimators': 100, 'n_jobs': -1, 'num_leaves': 63, 'objective': None, 'random_state': 42, 'reg_alpha': 0.1, 'reg_lambda': 1.0, 'subsample': 0.8, 'subsample_for_bin': 200000, 'subsample_freq': 0, 'bagging_freq': 1, 'verbosity': -1}
================================================================================

     Full model: R²=0.426, RMSE=3.495
  -> Skipping subset analysis for LightGBM (variable subsets disabled)
[14/266] Testing LightGBM (n_estimators=100, learning_rate=0.1...) + raw | Best: R²=0.786, RMSE=2.146

================================================================================
DIAGNOSTIC - LightGBM Training (Results Tab)
================================================================================
ALL LightGBM parameters after training:
  bagging_freq: 1
  boosting_type: gbdt
  class_weight: None
C:\Users\sponheim\AppData\Local\Programs\Python\Python312\Lib\site-packages\sklearn\utils\validation.py:2749: UserWarning: X does not have valid feature names, but LGBMRegressor was fitted with feature names
  warnings.warn(
C:\Users\sponheim\AppData\Local\Programs\Python\Python312\Lib\site-packages\sklearn\utils\validation.py:2749: UserWarning: X does not have valid feature names, but LGBMRegressor was fitted with feature names
  warnings.warn(
C:\Users\sponheim\AppData\Local\Programs\Python\Python312\Lib\site-packages\sklearn\utils\validation.py:2749: UserWarning: X does not have valid feature names, but LGBMRegressor was fitted with feature names
  warnings.warn(
C:\Users\sponheim\AppData\Local\Programs\Python\Python312\Lib\site-packages\sklearn\utils\validation.py:2749: UserWarning: X does not have valid feature names, but LGBMRegressor was fitted with feature names
  warnings.warn(
C:\Users\sponheim\AppData\Local\Programs\Python\Python312\Lib\site-packages\sklearn\utils\validation.py:2749: UserWarning: X does not have valid feature names, but LGBMRegressor was fitted with feature names
  warnings.warn(
  colsample_bytree: 0.8
  importance_type: split
  learning_rate: 0.1
  max_depth: -1
  min_child_samples: 5
  min_child_weight: 0.001
  min_split_gain: 0.0
  n_estimators: 100
  n_jobs: -1
  num_leaves: 31
  objective: None
  random_state: 42
  reg_alpha: 0.1
  reg_lambda: 1.0
  subsample: 0.8
  subsample_for_bin: 200000
  subsample_freq: 0
  verbosity: -1

Old params dict (incomplete - only grid search params):
  {'n_estimators': 100, 'learning_rate': 0.1, 'num_leaves': 31, 'max_depth': -1, 'min_child_samples': 5, 'subsample': 0.8, 'bagging_freq': 1, 'colsample_bytree': 0.8, 'reg_alpha': 0.1, 'reg_lambda': 1.0}

New params dict (complete - ALL parameters):
  {'boosting_type': 'gbdt', 'class_weight': None, 'colsample_bytree': 0.8, 'importance_type': 'split', 'learning_rate': 0.1, 'max_depth': -1, 'min_child_samples': 5, 'min_child_weight': 0.001, 'min_split_gain': 0.0, 'n_estimators': 100, 'n_jobs': -1, 'num_leaves': 31, 'objective': None, 'random_state': 42, 'reg_alpha': 0.1, 'reg_lambda': 1.0, 'subsample': 0.8, 'subsample_for_bin': 200000, 'subsample_freq': 0, 'bagging_freq': 1, 'verbosity': -1}
================================================================================

     Full model: R²=0.375, RMSE=3.601
  -> Skipping subset analysis for LightGBM (variable subsets disabled)
[15/266] Testing LightGBM (n_estimators=100, learning_rate=0.1...) + raw | Best: R²=0.786, RMSE=2.146

================================================================================
DIAGNOSTIC - LightGBM Training (Results Tab)
================================================================================
ALL LightGBM parameters after training:
  bagging_freq: 1
  boosting_type: gbdt
  class_weight: None
  colsample_bytree: 0.8
  importance_type: split
  learning_rate: 0.1
  max_depth: -1
  min_child_samples: 5
  min_child_weight: 0.001
  min_split_gain: 0.0
  n_estimators: 100
  n_jobs: -1
  num_leaves: 63
  objective: None
  random_state: 42
  reg_alpha: 0.1
  reg_lambda: 1.0
  subsample: 0.8
  subsample_for_bin: 200000
  subsample_freq: 0
  verbosity: -1

Old params dict (incomplete - only grid search params):
  {'n_estimators': 100, 'learning_rate': 0.1, 'num_leaves': 63, 'max_depth': -1, 'min_child_samples': 5, 'subsample': 0.8, 'bagging_freq': 1, 'colsample_bytree': 0.8, 'reg_alpha': 0.1, 'reg_lambda': 1.0}

New params dict (complete - ALL parameters):
  {'boosting_type': 'gbdt', 'class_weight': None, 'colsample_bytree': 0.8, 'importance_type': 'split', 'learning_rate': 0.1, 'max_depth': -1, 'min_child_samples': 5, 'min_child_weight': 0.001, 'min_split_gain': 0.0, 'n_estimators': 100, 'n_jobs': -1, 'num_leaves': 63, 'objective': None, 'random_state': 42, 'reg_alpha': 0.1, 'reg_lambda': 1.0, 'subsample': 0.8, 'subsample_for_bin': 200000, 'subsample_freq': 0, 'bagging_freq': 1, 'verbosity': -1}
================================================================================

     Full model: R²=0.375, RMSE=3.601
  -> Skipping subset analysis for LightGBM (variable subsets disabled)
[16/266] Testing LightGBM (n_estimators=200, learning_rate=0.05...) + raw | Best: R²=0.786, RMSE=2.146

================================================================================
DIAGNOSTIC - LightGBM Training (Results Tab)
================================================================================
ALL LightGBM parameters after training:
  bagging_freq: 1
  boosting_type: gbdt
  class_weight: None
  colsample_bytree: 0.8
  importance_type: split
  learning_rate: 0.05
  max_depth: -1
  min_child_samples: 5
  min_child_weight: 0.001
  min_split_gain: 0.0
  n_estimators: 200
  n_jobs: -1
  num_leaves: 31
  objective: None
  random_state: 42
  reg_alpha: 0.1
  reg_lambda: 1.0
  subsample: 0.8
  subsample_for_bin: 200000
  subsample_freq: 0
  verbosity: -1

Old params dict (incomplete - only grid search params):
  {'n_estimators': 200, 'learning_rate': 0.05, 'num_leaves': 31, 'max_depth': -1, 'min_child_samples': 5, 'subsample': 0.8, 'bagging_freq': 1, 'colsample_bytree': 0.8, 'reg_alpha': 0.1, 'reg_lambda': 1.0}

New params dict (complete - ALL parameters):
  {'boosting_type': 'gbdt', 'class_weight': None, 'colsample_bytree': 0.8, 'importance_type': 'split', 'learning_rate': 0.05, 'max_depth': -1, 'min_child_samples': 5, 'min_child_weight': 0.001, 'min_split_gain': 0.0, 'n_estimators': 200, 'n_jobs': -1, 'num_leaves': 31, 'objective': None, 'random_state': 42, 'reg_alpha': 0.1, 'reg_lambda': 1.0, 'subsample': 0.8, 'subsample_for_bin': 200000, 'subsample_freq': 0, 'bagging_freq': 1, 'verbosity': -1}
================================================================================

     Full model: R²=0.429, RMSE=3.557
  -> Skipping subset analysis for LightGBM (variable subsets disabled)
[17/266] Testing LightGBM (n_estimators=200, learning_rate=0.05...) + raw | Best: R²=0.786, RMSE=2.146

================================================================================
DIAGNOSTIC - LightGBM Training (Results Tab)
================================================================================
ALL LightGBM parameters after training:
  bagging_freq: 1
  boosting_type: gbdt
  class_weight: None
  colsample_bytree: 0.8
  importance_type: split
  learning_rate: 0.05
  max_depth: -1
  min_child_samples: 5
  min_child_weight: 0.001
  min_split_gain: 0.0
  n_estimators: 200
  n_jobs: -1
  num_leaves: 63
  objective: None
  random_state: 42
  reg_alpha: 0.1
  reg_lambda: 1.0
  subsample: 0.8
  subsample_for_bin: 200000
  subsample_freq: 0
  verbosity: -1

Old params dict (incomplete - only grid search params):
  {'n_estimators': 200, 'learning_rate': 0.05, 'num_leaves': 63, 'max_depth': -1, 'min_child_samples': 5, 'subsample': 0.8, 'bagging_freq': 1, 'colsample_bytree': 0.8, 'reg_alpha': 0.1, 'reg_lambda': 1.0}

New params dict (complete - ALL parameters):
  {'boosting_type': 'gbdt', 'class_weight': None, 'colsample_bytree': 0.8, 'importance_type': 'split', 'learning_rate': 0.05, 'max_depth': -1, 'min_child_samples': 5, 'min_child_weight': 0.001, 'min_split_gain': 0.0, 'n_estimators': 200, 'n_jobs': -1, 'num_leaves': 63, 'objective': None, 'random_state': 42, 'reg_alpha': 0.1, 'reg_lambda': 1.0, 'subsample': 0.8, 'subsample_for_bin': 200000, 'subsample_freq': 0, 'bagging_freq': 1, 'verbosity': -1}
================================================================================

     Full model: R²=0.429, RMSE=3.557
  -> Skipping subset analysis for LightGBM (variable subsets disabled)
[18/266] Testing LightGBM (n_estimators=200, learning_rate=0.1...) + raw | Best: R²=0.786, RMSE=2.146

================================================================================
DIAGNOSTIC - LightGBM Training (Results Tab)
================================================================================
ALL LightGBM parameters after training:
  bagging_freq: 1
  boosting_type: gbdt
  class_weight: None
  colsample_bytree: 0.8
  importance_type: split
  learning_rate: 0.1
  max_depth: -1
  min_child_samples: 5
  min_child_weight: 0.001
  min_split_gain: 0.0
  n_estimators: 200
  n_jobs: -1
  num_leaves: 31
  objective: None
  random_state: 42
  reg_alpha: 0.1
  reg_lambda: 1.0
  subsample: 0.8
  subsample_for_bin: 200000
  subsample_freq: 0
  verbosity: -1

Old params dict (incomplete - only grid search params):
  {'n_estimators': 200, 'learning_rate': 0.1, 'num_leaves': 31, 'max_depth': -1, 'min_child_samples': 5, 'subsample': 0.8, 'bagging_freq': 1, 'colsample_bytree': 0.8, 'reg_alpha': 0.1, 'reg_lambda': 1.0}

New params dict (complete - ALL parameters):
  {'boosting_type': 'gbdt', 'class_weight': None, 'colsample_bytree': 0.8, 'importance_type': 'split', 'learning_rate': 0.1, 'max_depth': -1, 'min_child_samples': 5, 'min_child_weight': 0.001, 'min_split_gain': 0.0, 'n_estimators': 200, 'n_jobs': -1, 'num_leaves': 31, 'objective': None, 'random_state': 42, 'reg_alpha': 0.1, 'reg_lambda': 1.0, 'subsample': 0.8, 'subsample_for_bin': 200000, 'subsample_freq': 0, 'bagging_freq': 1, 'verbosity': -1}
C:\Users\sponheim\AppData\Local\Programs\Python\Python312\Lib\site-packages\sklearn\utils\validation.py:2749: UserWarning: X does not have valid feature names, but LGBMRegressor was fitted with feature names
  warnings.warn(
C:\Users\sponheim\AppData\Local\Programs\Python\Python312\Lib\site-packages\sklearn\utils\validation.py:2749: UserWarning: X does not have valid feature names, but LGBMRegressor was fitted with feature names
  warnings.warn(
C:\Users\sponheim\AppData\Local\Programs\Python\Python312\Lib\site-packages\sklearn\utils\validation.py:2749: UserWarning: X does not have valid feature names, but LGBMRegressor was fitted with feature names
  warnings.warn(
C:\Users\sponheim\AppData\Local\Programs\Python\Python312\Lib\site-packages\sklearn\utils\validation.py:2749: UserWarning: X does not have valid feature names, but LGBMRegressor was fitted with feature names
  warnings.warn(
C:\Users\sponheim\AppData\Local\Programs\Python\Python312\Lib\site-packages\sklearn\utils\validation.py:2749: UserWarning: X does not have valid feature names, but LGBMRegressor was fitted with feature names
  warnings.warn(
C:\Users\sponheim\AppData\Local\Programs\Python\Python312\Lib\site-packages\sklearn\utils\validation.py:2749: UserWarning: X does not have valid feature names, but LGBMRegressor was fitted with feature names
  warnings.warn(
C:\Users\sponheim\AppData\Local\Programs\Python\Python312\Lib\site-packages\sklearn\utils\validation.py:2749: UserWarning: X does not have valid feature names, but LGBMRegressor was fitted with feature names
  warnings.warn(
C:\Users\sponheim\AppData\Local\Programs\Python\Python312\Lib\site-packages\sklearn\utils\validation.py:2749: UserWarning: X does not have valid feature names, but LGBMRegressor was fitted with feature names
  warnings.warn(
C:\Users\sponheim\AppData\Local\Programs\Python\Python312\Lib\site-packages\sklearn\utils\validation.py:2749: UserWarning: X does not have valid feature names, but LGBMRegressor was fitted with feature names
  warnings.warn(
C:\Users\sponheim\AppData\Local\Programs\Python\Python312\Lib\site-packages\sklearn\utils\validation.py:2749: UserWarning: X does not have valid feature names, but LGBMRegressor was fitted with feature names
  warnings.warn(
C:\Users\sponheim\AppData\Local\Programs\Python\Python312\Lib\site-packages\sklearn\utils\validation.py:2749: UserWarning: X does not have valid feature names, but LGBMRegressor was fitted with feature names
  warnings.warn(
C:\Users\sponheim\AppData\Local\Programs\Python\Python312\Lib\site-packages\sklearn\utils\validation.py:2749: UserWarning: X does not have valid feature names, but LGBMRegressor was fitted with feature names
  warnings.warn(
C:\Users\sponheim\AppData\Local\Programs\Python\Python312\Lib\site-packages\sklearn\utils\validation.py:2749: UserWarning: X does not have valid feature names, but LGBMRegressor was fitted with feature names
  warnings.warn(
C:\Users\sponheim\AppData\Local\Programs\Python\Python312\Lib\site-packages\sklearn\utils\validation.py:2749: UserWarning: X does not have valid feature names, but LGBMRegressor was fitted with feature names
  warnings.warn(
C:\Users\sponheim\AppData\Local\Programs\Python\Python312\Lib\site-packages\sklearn\utils\validation.py:2749: UserWarning: X does not have valid feature names, but LGBMRegressor was fitted with feature names
  warnings.warn(
================================================================================

     Full model: R²=0.360, RMSE=3.640
  -> Skipping subset analysis for LightGBM (variable subsets disabled)
[19/266] Testing LightGBM (n_estimators=200, learning_rate=0.1...) + raw | Best: R²=0.786, RMSE=2.146

================================================================================
DIAGNOSTIC - LightGBM Training (Results Tab)
================================================================================
ALL LightGBM parameters after training:
  bagging_freq: 1
  boosting_type: gbdt
  class_weight: None
  colsample_bytree: 0.8
  importance_type: split
  learning_rate: 0.1
  max_depth: -1
  min_child_samples: 5
  min_child_weight: 0.001
  min_split_gain: 0.0
  n_estimators: 200
  n_jobs: -1
  num_leaves: 63
  objective: None
  random_state: 42
  reg_alpha: 0.1
  reg_lambda: 1.0
  subsample: 0.8
  subsample_for_bin: 200000
  subsample_freq: 0
  verbosity: -1

Old params dict (incomplete - only grid search params):
  {'n_estimators': 200, 'learning_rate': 0.1, 'num_leaves': 63, 'max_depth': -1, 'min_child_samples': 5, 'subsample': 0.8, 'bagging_freq': 1, 'colsample_bytree': 0.8, 'reg_alpha': 0.1, 'reg_lambda': 1.0}

New params dict (complete - ALL parameters):
  {'boosting_type': 'gbdt', 'class_weight': None, 'colsample_bytree': 0.8, 'importance_type': 'split', 'learning_rate': 0.1, 'max_depth': -1, 'min_child_samples': 5, 'min_child_weight': 0.001, 'min_split_gain': 0.0, 'n_estimators': 200, 'n_jobs': -1, 'num_leaves': 63, 'objective': None, 'random_state': 42, 'reg_alpha': 0.1, 'reg_lambda': 1.0, 'subsample': 0.8, 'subsample_for_bin': 200000, 'subsample_freq': 0, 'bagging_freq': 1, 'verbosity': -1}
================================================================================

     Full model: R²=0.360, RMSE=3.640
  -> Skipping subset analysis for LightGBM (variable subsets disabled)
[20/266] Testing PLS (n_components=2, max_iter=500...) + snv | Best: R²=0.786, RMSE=2.146

================================================================================
DIAGNOSTIC - PLS Training (Results Tab)
================================================================================
ALL PLS parameters after training:
  copy: True
  max_iter: 500
  n_components: 2
  scale: False
  tol: 1e-06

Old params dict (incomplete - only grid search params):
  {'n_components': 2, 'max_iter': 500, 'tol': 1e-06}

New params dict (complete - ALL parameters):
  {'copy': True, 'max_iter': 500, 'n_components': 2, 'scale': False, 'tol': 1e-06}
================================================================================

     Full model: R²=-0.078, RMSE=4.690
  -> Skipping subset analysis for PLS (variable subsets disabled)
[21/266] Testing PLS (n_components=3, max_iter=500...) + snv | Best: R²=0.786, RMSE=2.146

================================================================================
DIAGNOSTIC - PLS Training (Results Tab)
================================================================================
ALL PLS parameters after training:
  copy: True
  max_iter: 500
  n_components: 3
  scale: False
  tol: 1e-06

Old params dict (incomplete - only grid search params):
  {'n_components': 3, 'max_iter': 500, 'tol': 1e-06}

New params dict (complete - ALL parameters):
  {'copy': True, 'max_iter': 500, 'n_components': 3, 'scale': False, 'tol': 1e-06}
================================================================================

     Full model: R²=0.350, RMSE=3.616
  -> Skipping subset analysis for PLS (variable subsets disabled)
[22/266] Testing PLS (n_components=4, max_iter=500...) + snv | Best: R²=0.786, RMSE=2.146

================================================================================
DIAGNOSTIC - PLS Training (Results Tab)
================================================================================
ALL PLS parameters after training:
  copy: True
  max_iter: 500
  n_components: 4
  scale: False
  tol: 1e-06

Old params dict (incomplete - only grid search params):
  {'n_components': 4, 'max_iter': 500, 'tol': 1e-06}

New params dict (complete - ALL parameters):
  {'copy': True, 'max_iter': 500, 'n_components': 4, 'scale': False, 'tol': 1e-06}
================================================================================

     Full model: R²=0.640, RMSE=2.566
  -> Skipping subset analysis for PLS (variable subsets disabled)
[23/266] Testing PLS (n_components=5, max_iter=500...) + snv | Best: R²=0.786, RMSE=2.146

================================================================================
DIAGNOSTIC - PLS Training (Results Tab)
================================================================================
ALL PLS parameters after training:
  copy: True
  max_iter: 500
  n_components: 5
  scale: False
  tol: 1e-06

Old params dict (incomplete - only grid search params):
  {'n_components': 5, 'max_iter': 500, 'tol': 1e-06}

New params dict (complete - ALL parameters):
  {'copy': True, 'max_iter': 500, 'n_components': 5, 'scale': False, 'tol': 1e-06}
================================================================================

     Full model: R²=0.608, RMSE=2.813
  -> Skipping subset analysis for PLS (variable subsets disabled)
[24/266] Testing PLS (n_components=6, max_iter=500...) + snv | Best: R²=0.786, RMSE=2.146

================================================================================
DIAGNOSTIC - PLS Training (Results Tab)
================================================================================
ALL PLS parameters after training:
  copy: True
  max_iter: 500
  n_components: 6
  scale: False
  tol: 1e-06

Old params dict (incomplete - only grid search params):
  {'n_components': 6, 'max_iter': 500, 'tol': 1e-06}

New params dict (complete - ALL parameters):
  {'copy': True, 'max_iter': 500, 'n_components': 6, 'scale': False, 'tol': 1e-06}
================================================================================

     Full model: R²=0.592, RMSE=2.793
  -> Skipping subset analysis for PLS (variable subsets disabled)
[25/266] Testing PLS (n_components=7, max_iter=500...) + snv | Best: R²=0.786, RMSE=2.146

================================================================================
DIAGNOSTIC - PLS Training (Results Tab)
================================================================================
ALL PLS parameters after training:
  copy: True
  max_iter: 500
  n_components: 7
  scale: False
  tol: 1e-06

Old params dict (incomplete - only grid search params):
  {'n_components': 7, 'max_iter': 500, 'tol': 1e-06}

New params dict (complete - ALL parameters):
  {'copy': True, 'max_iter': 500, 'n_components': 7, 'scale': False, 'tol': 1e-06}
================================================================================

     Full model: R²=0.589, RMSE=2.726
  -> Skipping subset analysis for PLS (variable subsets disabled)
[26/266] Testing Ridge (alpha=0.001, solver=auto...) + snv | Best: R²=0.786, RMSE=2.146

================================================================================
DIAGNOSTIC - Ridge Training (Results Tab)
================================================================================
ALL Ridge parameters after training:
  alpha: 0.001
  copy_X: True
  fit_intercept: True
  max_iter: None
  positive: False
  random_state: 42
  solver: auto
  tol: 0.0001

Old params dict (incomplete - only grid search params):
  {'alpha': 0.001, 'solver': 'auto', 'tol': 0.0001}

New params dict (complete - ALL parameters):
  {'alpha': 0.001, 'copy_X': True, 'fit_intercept': True, 'max_iter': None, 'positive': False, 'random_state': 42, 'solver': 'auto', 'tol': 0.0001}
================================================================================

     Full model: R²=0.715, RMSE=3.026
  -> Skipping subset analysis for Ridge (variable subsets disabled)
[27/266] Testing Ridge (alpha=0.01, solver=auto...) + snv | Best: R²=0.786, RMSE=2.146
C:\Users\sponheim\AppData\Local\Programs\Python\Python312\Lib\site-packages\sklearn\utils\validation.py:2749: UserWarning: X does not have valid feature names, but LGBMRegressor was fitted with feature names
  warnings.warn(
C:\Users\sponheim\AppData\Local\Programs\Python\Python312\Lib\site-packages\sklearn\utils\validation.py:2749: UserWarning: X does not have valid feature names, but LGBMRegressor was fitted with feature names
  warnings.warn(
C:\Users\sponheim\AppData\Local\Programs\Python\Python312\Lib\site-packages\sklearn\utils\validation.py:2749: UserWarning: X does not have valid feature names, but LGBMRegressor was fitted with feature names
  warnings.warn(
C:\Users\sponheim\AppData\Local\Programs\Python\Python312\Lib\site-packages\sklearn\utils\validation.py:2749: UserWarning: X does not have valid feature names, but LGBMRegressor was fitted with feature names
  warnings.warn(
C:\Users\sponheim\AppData\Local\Programs\Python\Python312\Lib\site-packages\sklearn\utils\validation.py:2749: UserWarning: X does not have valid feature names, but LGBMRegressor was fitted with feature names
  warnings.warn(
C:\Users\sponheim\AppData\Local\Programs\Python\Python312\Lib\site-packages\sklearn\utils\validation.py:2749: UserWarning: X does not have valid feature names, but LGBMRegressor was fitted with feature names
  warnings.warn(
C:\Users\sponheim\AppData\Local\Programs\Python\Python312\Lib\site-packages\sklearn\utils\validation.py:2749: UserWarning: X does not have valid feature names, but LGBMRegressor was fitted with feature names
  warnings.warn(
C:\Users\sponheim\AppData\Local\Programs\Python\Python312\Lib\site-packages\sklearn\utils\validation.py:2749: UserWarning: X does not have valid feature names, but LGBMRegressor was fitted with feature names
  warnings.warn(
C:\Users\sponheim\AppData\Local\Programs\Python\Python312\Lib\site-packages\sklearn\utils\validation.py:2749: UserWarning: X does not have valid feature names, but LGBMRegressor was fitted with feature names
  warnings.warn(
C:\Users\sponheim\AppData\Local\Programs\Python\Python312\Lib\site-packages\sklearn\utils\validation.py:2749: UserWarning: X does not have valid feature names, but LGBMRegressor was fitted with feature names
  warnings.warn(
C:\Users\sponheim\AppData\Local\Programs\Python\Python312\Lib\site-packages\sklearn\utils\validation.py:2749: UserWarning: X does not have valid feature names, but LGBMRegressor was fitted with feature names
  warnings.warn(
C:\Users\sponheim\AppData\Local\Programs\Python\Python312\Lib\site-packages\sklearn\utils\validation.py:2749: UserWarning: X does not have valid feature names, but LGBMRegressor was fitted with feature names
  warnings.warn(
C:\Users\sponheim\AppData\Local\Programs\Python\Python312\Lib\site-packages\sklearn\utils\validation.py:2749: UserWarning: X does not have valid feature names, but LGBMRegressor was fitted with feature names
  warnings.warn(
C:\Users\sponheim\AppData\Local\Programs\Python\Python312\Lib\site-packages\sklearn\utils\validation.py:2749: UserWarning: X does not have valid feature names, but LGBMRegressor was fitted with feature names
  warnings.warn(
C:\Users\sponheim\AppData\Local\Programs\Python\Python312\Lib\site-packages\sklearn\utils\validation.py:2749: UserWarning: X does not have valid feature names, but LGBMRegressor was fitted with feature names
  warnings.warn(
C:\Users\sponheim\AppData\Local\Programs\Python\Python312\Lib\site-packages\sklearn\utils\validation.py:2749: UserWarning: X does not have valid feature names, but LGBMRegressor was fitted with feature names
  warnings.warn(
C:\Users\sponheim\AppData\Local\Programs\Python\Python312\Lib\site-packages\sklearn\utils\validation.py:2749: UserWarning: X does not have valid feature names, but LGBMRegressor was fitted with feature names
  warnings.warn(
C:\Users\sponheim\AppData\Local\Programs\Python\Python312\Lib\site-packages\sklearn\utils\validation.py:2749: UserWarning: X does not have valid feature names, but LGBMRegressor was fitted with feature names
  warnings.warn(
C:\Users\sponheim\AppData\Local\Programs\Python\Python312\Lib\site-packages\sklearn\utils\validation.py:2749: UserWarning: X does not have valid feature names, but LGBMRegressor was fitted with feature names
  warnings.warn(
C:\Users\sponheim\AppData\Local\Programs\Python\Python312\Lib\site-packages\sklearn\utils\validation.py:2749: UserWarning: X does not have valid feature names, but LGBMRegressor was fitted with feature names
  warnings.warn(
C:\Users\sponheim\AppData\Local\Programs\Python\Python312\Lib\site-packages\sklearn\utils\validation.py:2749: UserWarning: X does not have valid feature names, but LGBMRegressor was fitted with feature names
  warnings.warn(
C:\Users\sponheim\AppData\Local\Programs\Python\Python312\Lib\site-packages\sklearn\utils\validation.py:2749: UserWarning: X does not have valid feature names, but LGBMRegressor was fitted with feature names
  warnings.warn(
C:\Users\sponheim\AppData\Local\Programs\Python\Python312\Lib\site-packages\sklearn\utils\validation.py:2749: UserWarning: X does not have valid feature names, but LGBMRegressor was fitted with feature names
  warnings.warn(
C:\Users\sponheim\AppData\Local\Programs\Python\Python312\Lib\site-packages\sklearn\utils\validation.py:2749: UserWarning: X does not have valid feature names, but LGBMRegressor was fitted with feature names
  warnings.warn(
C:\Users\sponheim\AppData\Local\Programs\Python\Python312\Lib\site-packages\sklearn\utils\validation.py:2749: UserWarning: X does not have valid feature names, but LGBMRegressor was fitted with feature names
  warnings.warn(

================================================================================
DIAGNOSTIC - Ridge Training (Results Tab)
================================================================================
ALL Ridge parameters after training:
  alpha: 0.01
  copy_X: True
  fit_intercept: True
  max_iter: None
  positive: False
  random_state: 42
  solver: auto
  tol: 0.0001

Old params dict (incomplete - only grid search params):
  {'alpha': 0.01, 'solver': 'auto', 'tol': 0.0001}

New params dict (complete - ALL parameters):
  {'alpha': 0.01, 'copy_X': True, 'fit_intercept': True, 'max_iter': None, 'positive': False, 'random_state': 42, 'solver': 'auto', 'tol': 0.0001}
================================================================================

     Full model: R²=0.807, RMSE=2.361
  -> Skipping subset analysis for Ridge (variable subsets disabled)
[28/266] Testing Ridge (alpha=0.1, solver=auto...) + snv | Best: R²=0.786, RMSE=2.146

================================================================================
DIAGNOSTIC - Ridge Training (Results Tab)
================================================================================
ALL Ridge parameters after training:
  alpha: 0.1
  copy_X: True
  fit_intercept: True
  max_iter: None
  positive: False
  random_state: 42
  solver: auto
  tol: 0.0001

Old params dict (incomplete - only grid search params):
  {'alpha': 0.1, 'solver': 'auto', 'tol': 0.0001}

New params dict (complete - ALL parameters):
  {'alpha': 0.1, 'copy_X': True, 'fit_intercept': True, 'max_iter': None, 'positive': False, 'random_state': 42, 'solver': 'auto', 'tol': 0.0001}
================================================================================

     Full model: R²=0.797, RMSE=1.972
  -> Skipping subset analysis for Ridge (variable subsets disabled)
[29/266] Testing Ridge (alpha=1.0, solver=auto...) + snv | Best: R²=0.797, RMSE=1.972

================================================================================
DIAGNOSTIC - Ridge Training (Results Tab)
================================================================================
ALL Ridge parameters after training:
  alpha: 1.0
  copy_X: True
  fit_intercept: True
  max_iter: None
  positive: False
  random_state: 42
  solver: auto
  tol: 0.0001

Old params dict (incomplete - only grid search params):
  {'alpha': 1.0, 'solver': 'auto', 'tol': 0.0001}

New params dict (complete - ALL parameters):
  {'alpha': 1.0, 'copy_X': True, 'fit_intercept': True, 'max_iter': None, 'positive': False, 'random_state': 42, 'solver': 'auto', 'tol': 0.0001}
================================================================================

     Full model: R²=0.725, RMSE=2.096
  -> Skipping subset analysis for Ridge (variable subsets disabled)
[30/266] Testing Ridge (alpha=10.0, solver=auto...) + snv | Best: R²=0.797, RMSE=1.972

================================================================================
DIAGNOSTIC - Ridge Training (Results Tab)
================================================================================
ALL Ridge parameters after training:
  alpha: 10.0
  copy_X: True
  fit_intercept: True
  max_iter: None
  positive: False
  random_state: 42
  solver: auto
  tol: 0.0001

Old params dict (incomplete - only grid search params):
  {'alpha': 10.0, 'solver': 'auto', 'tol': 0.0001}

New params dict (complete - ALL parameters):
  {'alpha': 10.0, 'copy_X': True, 'fit_intercept': True, 'max_iter': None, 'positive': False, 'random_state': 42, 'solver': 'auto', 'tol': 0.0001}
================================================================================

     Full model: R²=0.619, RMSE=2.594
  -> Skipping subset analysis for Ridge (variable subsets disabled)
[31/266] Testing LightGBM (n_estimators=100, learning_rate=0.05...) + snv | Best: R²=0.797, RMSE=1.972

================================================================================
DIAGNOSTIC - LightGBM Training (Results Tab)
================================================================================
ALL LightGBM parameters after training:
  bagging_freq: 1
  boosting_type: gbdt
  class_weight: None
  colsample_bytree: 0.8
  importance_type: split
  learning_rate: 0.05
  max_depth: -1
  min_child_samples: 5
  min_child_weight: 0.001
  min_split_gain: 0.0
  n_estimators: 100
  n_jobs: -1
  num_leaves: 31
  objective: None
  random_state: 42
  reg_alpha: 0.1
  reg_lambda: 1.0
  subsample: 0.8
  subsample_for_bin: 200000
  subsample_freq: 0
  verbosity: -1

Old params dict (incomplete - only grid search params):
  {'n_estimators': 100, 'learning_rate': 0.05, 'num_leaves': 31, 'max_depth': -1, 'min_child_samples': 5, 'subsample': 0.8, 'bagging_freq': 1, 'colsample_bytree': 0.8, 'reg_alpha': 0.1, 'reg_lambda': 1.0}

New params dict (complete - ALL parameters):
  {'boosting_type': 'gbdt', 'class_weight': None, 'colsample_bytree': 0.8, 'importance_type': 'split', 'learning_rate': 0.05, 'max_depth': -1, 'min_child_samples': 5, 'min_child_weight': 0.001, 'min_split_gain': 0.0, 'n_estimators': 100, 'n_jobs': -1, 'num_leaves': 31, 'objective': None, 'random_state': 42, 'reg_alpha': 0.1, 'reg_lambda': 1.0, 'subsample': 0.8, 'subsample_for_bin': 200000, 'subsample_freq': 0, 'bagging_freq': 1, 'verbosity': -1}
================================================================================

     Full model: R²=0.071, RMSE=4.132
  -> Skipping subset analysis for LightGBM (variable subsets disabled)
[32/266] Testing LightGBM (n_estimators=100, learning_rate=0.05...) + snv | Best: R²=0.797, RMSE=1.972

================================================================================
DIAGNOSTIC - LightGBM Training (Results Tab)
================================================================================
ALL LightGBM parameters after training:
  bagging_freq: 1
  boosting_type: gbdt
  class_weight: None
  colsample_bytree: 0.8
  importance_type: split
  learning_rate: 0.05
  max_depth: -1
  min_child_samples: 5
  min_child_weight: 0.001
  min_split_gain: 0.0
  n_estimators: 100
  n_jobs: -1
  num_leaves: 63
  objective: None
  random_state: 42
  reg_alpha: 0.1
  reg_lambda: 1.0
  subsample: 0.8
  subsample_for_bin: 200000
  subsample_freq: 0
  verbosity: -1

Old params dict (incomplete - only grid search params):
  {'n_estimators': 100, 'learning_rate': 0.05, 'num_leaves': 63, 'max_depth': -1, 'min_child_samples': 5, 'subsample': 0.8, 'bagging_freq': 1, 'colsample_bytree': 0.8, 'reg_alpha': 0.1, 'reg_lambda': 1.0}

New params dict (complete - ALL parameters):
  {'boosting_type': 'gbdt', 'class_weight': None, 'colsample_bytree': 0.8, 'importance_type': 'split', 'learning_rate': 0.05, 'max_depth': -1, 'min_child_samples': 5, 'min_child_weight': 0.001, 'min_split_gain': 0.0, 'n_estimators': 100, 'n_jobs': -1, 'num_leaves': 63, 'objective': None, 'random_state': 42, 'reg_alpha': 0.1, 'reg_lambda': 1.0, 'subsample': 0.8, 'subsample_for_bin': 200000, 'subsample_freq': 0, 'bagging_freq': 1, 'verbosity': -1}
================================================================================

     Full model: R²=0.071, RMSE=4.132
  -> Skipping subset analysis for LightGBM (variable subsets disabled)
[33/266] Testing LightGBM (n_estimators=100, learning_rate=0.1...) + snv | Best: R²=0.797, RMSE=1.972

================================================================================
DIAGNOSTIC - LightGBM Training (Results Tab)
================================================================================
ALL LightGBM parameters after training:
  bagging_freq: 1
  boosting_type: gbdt
  class_weight: None
  colsample_bytree: 0.8
  importance_type: split
  learning_rate: 0.1
  max_depth: -1
  min_child_samples: 5
  min_child_weight: 0.001
  min_split_gain: 0.0
  n_estimators: 100
  n_jobs: -1
  num_leaves: 31
  objective: None
  random_state: 42
  reg_alpha: 0.1
  reg_lambda: 1.0
  subsample: 0.8
  subsample_for_bin: 200000
  subsample_freq: 0
  verbosity: -1

Old params dict (incomplete - only grid search params):
  {'n_estimators': 100, 'learning_rate': 0.1, 'num_leaves': 31, 'max_depth': -1, 'min_child_samples': 5, 'subsample': 0.8, 'bagging_freq': 1, 'colsample_bytree': 0.8, 'reg_alpha': 0.1, 'reg_lambda': 1.0}

New params dict (complete - ALL parameters):
  {'boosting_type': 'gbdt', 'class_weight': None, 'colsample_bytree': 0.8, 'importance_type': 'split', 'learning_rate': 0.1, 'max_depth': -1, 'min_child_samples': 5, 'min_child_weight': 0.001, 'min_split_gain': 0.0, 'n_estimators': 100, 'n_jobs': -1, 'num_leaves': 31, 'objective': None, 'random_state': 42, 'reg_alpha': 0.1, 'reg_lambda': 1.0, 'subsample': 0.8, 'subsample_for_bin': 200000, 'subsample_freq': 0, 'bagging_freq': 1, 'verbosity': -1}
================================================================================

     Full model: R²=0.071, RMSE=4.223
  -> Skipping subset analysis for LightGBM (variable subsets disabled)
[34/266] Testing LightGBM (n_estimators=100, learning_rate=0.1...) + snv | Best: R²=0.797, RMSE=1.972

================================================================================
DIAGNOSTIC - LightGBM Training (Results Tab)
================================================================================
ALL LightGBM parameters after training:
  bagging_freq: 1
  boosting_type: gbdt
  class_weight: None
  colsample_bytree: 0.8
  importance_type: split
  learning_rate: 0.1
  max_depth: -1
  min_child_samples: 5
  min_child_weight: 0.001
  min_split_gain: 0.0
  n_estimators: 100
  n_jobs: -1
  num_leaves: 63
  objective: None
  random_state: 42
  reg_alpha: 0.1
  reg_lambda: 1.0
  subsample: 0.8
  subsample_for_bin: 200000
  subsample_freq: 0
  verbosity: -1

Old params dict (incomplete - only grid search params):
  {'n_estimators': 100, 'learning_rate': 0.1, 'num_leaves': 63, 'max_depth': -1, 'min_child_samples': 5, 'subsample': 0.8, 'bagging_freq': 1, 'colsample_bytree': 0.8, 'reg_alpha': 0.1, 'reg_lambda': 1.0}

New params dict (complete - ALL parameters):
  {'boosting_type': 'gbdt', 'class_weight': None, 'colsample_bytree': 0.8, 'importance_type': 'split', 'learning_rate': 0.1, 'max_depth': -1, 'min_child_samples': 5, 'min_child_weight': 0.001, 'min_split_gain': 0.0, 'n_estimators': 100, 'n_jobs': -1, 'num_leaves': 63, 'objective': None, 'random_state': 42, 'reg_alpha': 0.1, 'reg_lambda': 1.0, 'subsample': 0.8, 'subsample_for_bin': 200000, 'subsample_freq': 0, 'bagging_freq': 1, 'verbosity': -1}
================================================================================

     Full model: R²=0.071, RMSE=4.223
  -> Skipping subset analysis for LightGBM (variable subsets disabled)
[35/266] Testing LightGBM (n_estimators=200, learning_rate=0.05...) + snv | Best: R²=0.797, RMSE=1.972

================================================================================
DIAGNOSTIC - LightGBM Training (Results Tab)
================================================================================
ALL LightGBM parameters after training:
  bagging_freq: 1
  boosting_type: gbdt
  class_weight: None
  colsample_bytree: 0.8
  importance_type: split
  learning_rate: 0.05
  max_depth: -1
  min_child_samples: 5
  min_child_weight: 0.001
  min_split_gain: 0.0
  n_estimators: 200
  n_jobs: -1
  num_leaves: 31
  objective: None
  random_state: 42
  reg_alpha: 0.1
  reg_lambda: 1.0
  subsample: 0.8
  subsample_for_bin: 200000
  subsample_freq: 0
  verbosity: -1

Old params dict (incomplete - only grid search params):
  {'n_estimators': 200, 'learning_rate': 0.05, 'num_leaves': 31, 'max_depth': -1, 'min_child_samples': 5, 'subsample': 0.8, 'bagging_freq': 1, 'colsample_bytree': 0.8, 'reg_alpha': 0.1, 'reg_lambda': 1.0}

New params dict (complete - ALL parameters):
  {'boosting_type': 'gbdt', 'class_weight': None, 'colsample_bytree': 0.8, 'importance_type': 'split', 'learning_rate': 0.05, 'max_depth': -1, 'min_child_samples': 5, 'min_child_weight': 0.001, 'min_split_gain': 0.0, 'n_estimators': 200, 'n_jobs': -1, 'num_leaves': 31, 'objective': None, 'random_state': 42, 'reg_alpha': 0.1, 'reg_lambda': 1.0, 'subsample': 0.8, 'subsample_for_bin': 200000, 'subsample_freq': 0, 'bagging_freq': 1, 'verbosity': -1}
================================================================================

     Full model: R²=0.077, RMSE=4.168
  -> Skipping subset analysis for LightGBM (variable subsets disabled)
[36/266] Testing LightGBM (n_estimators=200, learning_rate=0.05...) + snv | Best: R²=0.797, RMSE=1.972

================================================================================
DIAGNOSTIC - LightGBM Training (Results Tab)
================================================================================
ALL LightGBM parameters after training:
  bagging_freq: 1
  boosting_type: gbdt
  class_weight: None
  colsample_bytree: 0.8
  importance_type: split
  learning_rate: 0.05
  max_depth: -1
  min_child_samples: 5
  min_child_weight: 0.001
  min_split_gain: 0.0
  n_estimators: 200
  n_jobs: -1
  num_leaves: 63
  objective: None
  random_state: 42
  reg_alpha: 0.1
  reg_lambda: 1.0
  subsample: 0.8
  subsample_for_bin: 200000
  subsample_freq: 0
  verbosity: -1

Old params dict (incomplete - only grid search params):
  {'n_estimators': 200, 'learning_rate': 0.05, 'num_leaves': 63, 'max_depth': -1, 'min_child_samples': 5, 'subsample': 0.8, 'bagging_freq': 1, 'colsample_bytree': 0.8, 'reg_alpha': 0.1, 'reg_lambda': 1.0}

New params dict (complete - ALL parameters):
  {'boosting_type': 'gbdt', 'class_weight': None, 'colsample_bytree': 0.8, 'importance_type': 'split', 'learning_rate': 0.05, 'max_depth': -1, 'min_child_samples': 5, 'min_child_weight': 0.001, 'min_split_gain': 0.0, 'n_estimators': 200, 'n_jobs': -1, 'num_leaves': 63, 'objective': None, 'random_state': 42, 'reg_alpha': 0.1, 'reg_lambda': 1.0, 'subsample': 0.8, 'subsample_for_bin': 200000, 'subsample_freq': 0, 'bagging_freq': 1, 'verbosity': -1}
================================================================================

     Full model: R²=0.077, RMSE=4.168
  -> Skipping subset analysis for LightGBM (variable subsets disabled)
[37/266] Testing LightGBM (n_estimators=200, learning_rate=0.1...) + snv | Best: R²=0.797, RMSE=1.972

================================================================================
DIAGNOSTIC - LightGBM Training (Results Tab)
================================================================================
ALL LightGBM parameters after training:
  bagging_freq: 1
  boosting_type: gbdt
  class_weight: None
  colsample_bytree: 0.8
  importance_type: split
  learning_rate: 0.1
  max_depth: -1
  min_child_samples: 5
  min_child_weight: 0.001
  min_split_gain: 0.0
  n_estimators: 200
  n_jobs: -1
  num_leaves: 31
  objective: None
  random_state: 42
  reg_alpha: 0.1
  reg_lambda: 1.0
  subsample: 0.8
  subsample_for_bin: 200000
  subsample_freq: 0
  verbosity: -1

Old params dict (incomplete - only grid search params):
  {'n_estimators': 200, 'learning_rate': 0.1, 'num_leaves': 31, 'max_depth': -1, 'min_child_samples': 5, 'subsample': 0.8, 'bagging_freq': 1, 'colsample_bytree': 0.8, 'reg_alpha': 0.1, 'reg_lambda': 1.0}

New params dict (complete - ALL parameters):
  {'boosting_type': 'gbdt', 'class_weight': None, 'colsample_bytree': 0.8, 'importance_type': 'split', 'learning_rate': 0.1, 'max_depth': -1, 'min_child_samples': 5, 'min_child_weight': 0.001, 'min_split_gain': 0.0, 'n_estimators': 200, 'n_jobs': -1, 'num_leaves': 31, 'objective': None, 'random_state': 42, 'reg_alpha': 0.1, 'reg_lambda': 1.0, 'subsample': 0.8, 'subsample_for_bin': 200000, 'subsample_freq': 0, 'bagging_freq': 1, 'verbosity': -1}
================================================================================

     Full model: R²=0.090, RMSE=4.212
  -> Skipping subset analysis for LightGBM (variable subsets disabled)
[38/266] Testing LightGBM (n_estimators=200, learning_rate=0.1...) + snv | Best: R²=0.797, RMSE=1.972

================================================================================
DIAGNOSTIC - LightGBM Training (Results Tab)
C:\Users\sponheim\AppData\Local\Programs\Python\Python312\Lib\site-packages\sklearn\utils\validation.py:2749: UserWarning: X does not have valid feature names, but LGBMRegressor was fitted with feature names
  warnings.warn(
C:\Users\sponheim\AppData\Local\Programs\Python\Python312\Lib\site-packages\sklearn\utils\validation.py:2749: UserWarning: X does not have valid feature names, but LGBMRegressor was fitted with feature names
  warnings.warn(
C:\Users\sponheim\AppData\Local\Programs\Python\Python312\Lib\site-packages\sklearn\utils\validation.py:2749: UserWarning: X does not have valid feature names, but LGBMRegressor was fitted with feature names
  warnings.warn(
C:\Users\sponheim\AppData\Local\Programs\Python\Python312\Lib\site-packages\sklearn\utils\validation.py:2749: UserWarning: X does not have valid feature names, but LGBMRegressor was fitted with feature names
  warnings.warn(
C:\Users\sponheim\AppData\Local\Programs\Python\Python312\Lib\site-packages\sklearn\utils\validation.py:2749: UserWarning: X does not have valid feature names, but LGBMRegressor was fitted with feature names
  warnings.warn(
C:\Users\sponheim\AppData\Local\Programs\Python\Python312\Lib\site-packages\sklearn\utils\validation.py:2749: UserWarning: X does not have valid feature names, but LGBMRegressor was fitted with feature names
  warnings.warn(
C:\Users\sponheim\AppData\Local\Programs\Python\Python312\Lib\site-packages\sklearn\utils\validation.py:2749: UserWarning: X does not have valid feature names, but LGBMRegressor was fitted with feature names
  warnings.warn(
C:\Users\sponheim\AppData\Local\Programs\Python\Python312\Lib\site-packages\sklearn\utils\validation.py:2749: UserWarning: X does not have valid feature names, but LGBMRegressor was fitted with feature names
  warnings.warn(
C:\Users\sponheim\AppData\Local\Programs\Python\Python312\Lib\site-packages\sklearn\utils\validation.py:2749: UserWarning: X does not have valid feature names, but LGBMRegressor was fitted with feature names
  warnings.warn(
C:\Users\sponheim\AppData\Local\Programs\Python\Python312\Lib\site-packages\sklearn\utils\validation.py:2749: UserWarning: X does not have valid feature names, but LGBMRegressor was fitted with feature names
  warnings.warn(
C:\Users\sponheim\AppData\Local\Programs\Python\Python312\Lib\site-packages\sklearn\utils\validation.py:2749: UserWarning: X does not have valid feature names, but LGBMRegressor was fitted with feature names
  warnings.warn(
C:\Users\sponheim\AppData\Local\Programs\Python\Python312\Lib\site-packages\sklearn\utils\validation.py:2749: UserWarning: X does not have valid feature names, but LGBMRegressor was fitted with feature names
  warnings.warn(
C:\Users\sponheim\AppData\Local\Programs\Python\Python312\Lib\site-packages\sklearn\utils\validation.py:2749: UserWarning: X does not have valid feature names, but LGBMRegressor was fitted with feature names
  warnings.warn(
C:\Users\sponheim\AppData\Local\Programs\Python\Python312\Lib\site-packages\sklearn\utils\validation.py:2749: UserWarning: X does not have valid feature names, but LGBMRegressor was fitted with feature names
  warnings.warn(
C:\Users\sponheim\AppData\Local\Programs\Python\Python312\Lib\site-packages\sklearn\utils\validation.py:2749: UserWarning: X does not have valid feature names, but LGBMRegressor was fitted with feature names
  warnings.warn(
================================================================================
ALL LightGBM parameters after training:
  bagging_freq: 1
  boosting_type: gbdt
  class_weight: None
  colsample_bytree: 0.8
  importance_type: split
  learning_rate: 0.1
  max_depth: -1
  min_child_samples: 5
  min_child_weight: 0.001
  min_split_gain: 0.0
  n_estimators: 200
  n_jobs: -1
  num_leaves: 63
  objective: None
  random_state: 42
  reg_alpha: 0.1
  reg_lambda: 1.0
  subsample: 0.8
  subsample_for_bin: 200000
  subsample_freq: 0
  verbosity: -1

Old params dict (incomplete - only grid search params):
  {'n_estimators': 200, 'learning_rate': 0.1, 'num_leaves': 63, 'max_depth': -1, 'min_child_samples': 5, 'subsample': 0.8, 'bagging_freq': 1, 'colsample_bytree': 0.8, 'reg_alpha': 0.1, 'reg_lambda': 1.0}

New params dict (complete - ALL parameters):
  {'boosting_type': 'gbdt', 'class_weight': None, 'colsample_bytree': 0.8, 'importance_type': 'split', 'learning_rate': 0.1, 'max_depth': -1, 'min_child_samples': 5, 'min_child_weight': 0.001, 'min_split_gain': 0.0, 'n_estimators': 200, 'n_jobs': -1, 'num_leaves': 63, 'objective': None, 'random_state': 42, 'reg_alpha': 0.1, 'reg_lambda': 1.0, 'subsample': 0.8, 'subsample_for_bin': 200000, 'subsample_freq': 0, 'bagging_freq': 1, 'verbosity': -1}
================================================================================

     Full model: R²=0.090, RMSE=4.212
  -> Skipping subset analysis for LightGBM (variable subsets disabled)
[39/266] Testing PLS (n_components=2, max_iter=500...) + deriv_d1 | Best: R²=0.797, RMSE=1.972

================================================================================
DIAGNOSTIC - PLS Training (Results Tab)
================================================================================
ALL PLS parameters after training:
  copy: True
  max_iter: 500
  n_components: 2
  scale: False
  tol: 1e-06

Old params dict (incomplete - only grid search params):
  {'n_components': 2, 'max_iter': 500, 'tol': 1e-06}

New params dict (complete - ALL parameters):
  {'copy': True, 'max_iter': 500, 'n_components': 2, 'scale': False, 'tol': 1e-06}
================================================================================

     Full model: R²=0.644, RMSE=2.992
  -> Skipping subset analysis for PLS (variable subsets disabled)
[40/266] Testing PLS (n_components=3, max_iter=500...) + deriv_d1 | Best: R²=0.797, RMSE=1.972

================================================================================
DIAGNOSTIC - PLS Training (Results Tab)
================================================================================
ALL PLS parameters after training:
  copy: True
  max_iter: 500
  n_components: 3
  scale: False
  tol: 1e-06

Old params dict (incomplete - only grid search params):
  {'n_components': 3, 'max_iter': 500, 'tol': 1e-06}

New params dict (complete - ALL parameters):
  {'copy': True, 'max_iter': 500, 'n_components': 3, 'scale': False, 'tol': 1e-06}
================================================================================

     Full model: R²=0.652, RMSE=2.585
  -> Skipping subset analysis for PLS (variable subsets disabled)
[41/266] Testing PLS (n_components=4, max_iter=500...) + deriv_d1 | Best: R²=0.797, RMSE=1.972

================================================================================
DIAGNOSTIC - PLS Training (Results Tab)
================================================================================
ALL PLS parameters after training:
  copy: True
  max_iter: 500
  n_components: 4
  scale: False
  tol: 1e-06

Old params dict (incomplete - only grid search params):
  {'n_components': 4, 'max_iter': 500, 'tol': 1e-06}

New params dict (complete - ALL parameters):
  {'copy': True, 'max_iter': 500, 'n_components': 4, 'scale': False, 'tol': 1e-06}
================================================================================

     Full model: R²=0.741, RMSE=2.544
  -> Skipping subset analysis for PLS (variable subsets disabled)
[42/266] Testing PLS (n_components=5, max_iter=500...) + deriv_d1 | Best: R²=0.797, RMSE=1.972

================================================================================
DIAGNOSTIC - PLS Training (Results Tab)
================================================================================
ALL PLS parameters after training:
  copy: True
  max_iter: 500
  n_components: 5
  scale: False
  tol: 1e-06

Old params dict (incomplete - only grid search params):
  {'n_components': 5, 'max_iter': 500, 'tol': 1e-06}

New params dict (complete - ALL parameters):
  {'copy': True, 'max_iter': 500, 'n_components': 5, 'scale': False, 'tol': 1e-06}
================================================================================

     Full model: R²=0.779, RMSE=2.314
  -> Skipping subset analysis for PLS (variable subsets disabled)
[43/266] Testing PLS (n_components=6, max_iter=500...) + deriv_d1 | Best: R²=0.797, RMSE=1.972

================================================================================
DIAGNOSTIC - PLS Training (Results Tab)
================================================================================
ALL PLS parameters after training:
  copy: True
  max_iter: 500
  n_components: 6
  scale: False
  tol: 1e-06

Old params dict (incomplete - only grid search params):
  {'n_components': 6, 'max_iter': 500, 'tol': 1e-06}

New params dict (complete - ALL parameters):
  {'copy': True, 'max_iter': 500, 'n_components': 6, 'scale': False, 'tol': 1e-06}
================================================================================

     Full model: R²=0.777, RMSE=2.321
  -> Skipping subset analysis for PLS (variable subsets disabled)
[44/266] Testing PLS (n_components=7, max_iter=500...) + deriv_d1 | Best: R²=0.797, RMSE=1.972

================================================================================
DIAGNOSTIC - PLS Training (Results Tab)
================================================================================
ALL PLS parameters after training:
  copy: True
  max_iter: 500
  n_components: 7
  scale: False
  tol: 1e-06

Old params dict (incomplete - only grid search params):
  {'n_components': 7, 'max_iter': 500, 'tol': 1e-06}

New params dict (complete - ALL parameters):
  {'copy': True, 'max_iter': 500, 'n_components': 7, 'scale': False, 'tol': 1e-06}
================================================================================

     Full model: R²=0.814, RMSE=2.185
  -> Skipping subset analysis for PLS (variable subsets disabled)
[45/266] Testing Ridge (alpha=0.001, solver=auto...) + deriv_d1 | Best: R²=0.797, RMSE=1.972

================================================================================
DIAGNOSTIC - Ridge Training (Results Tab)
================================================================================
ALL Ridge parameters after training:
  alpha: 0.001
  copy_X: True
  fit_intercept: True
  max_iter: None
  positive: False
  random_state: 42
  solver: auto
  tol: 0.0001

Old params dict (incomplete - only grid search params):
  {'alpha': 0.001, 'solver': 'auto', 'tol': 0.0001}

New params dict (complete - ALL parameters):
  {'alpha': 0.001, 'copy_X': True, 'fit_intercept': True, 'max_iter': None, 'positive': False, 'random_state': 42, 'solver': 'auto', 'tol': 0.0001}
================================================================================

     Full model: R²=0.633, RMSE=2.960
  -> Skipping subset analysis for Ridge (variable subsets disabled)
[46/266] Testing Ridge (alpha=0.01, solver=auto...) + deriv_d1 | Best: R²=0.797, RMSE=1.972

================================================================================
DIAGNOSTIC - Ridge Training (Results Tab)
================================================================================
ALL Ridge parameters after training:
  alpha: 0.01
  copy_X: True
  fit_intercept: True
  max_iter: None
  positive: False
  random_state: 42
  solver: auto
  tol: 0.0001

Old params dict (incomplete - only grid search params):
C:\Users\sponheim\AppData\Local\Programs\Python\Python312\Lib\site-packages\sklearn\utils\validation.py:2749: UserWarning: X does not have valid feature names, but LGBMRegressor was fitted with feature names
  warnings.warn(
C:\Users\sponheim\AppData\Local\Programs\Python\Python312\Lib\site-packages\sklearn\utils\validation.py:2749: UserWarning: X does not have valid feature names, but LGBMRegressor was fitted with feature names
  warnings.warn(
C:\Users\sponheim\AppData\Local\Programs\Python\Python312\Lib\site-packages\sklearn\utils\validation.py:2749: UserWarning: X does not have valid feature names, but LGBMRegressor was fitted with feature names
  warnings.warn(
C:\Users\sponheim\AppData\Local\Programs\Python\Python312\Lib\site-packages\sklearn\utils\validation.py:2749: UserWarning: X does not have valid feature names, but LGBMRegressor was fitted with feature names
  warnings.warn(
C:\Users\sponheim\AppData\Local\Programs\Python\Python312\Lib\site-packages\sklearn\utils\validation.py:2749: UserWarning: X does not have valid feature names, but LGBMRegressor was fitted with feature names
  warnings.warn(
C:\Users\sponheim\AppData\Local\Programs\Python\Python312\Lib\site-packages\sklearn\utils\validation.py:2749: UserWarning: X does not have valid feature names, but LGBMRegressor was fitted with feature names
  warnings.warn(
C:\Users\sponheim\AppData\Local\Programs\Python\Python312\Lib\site-packages\sklearn\utils\validation.py:2749: UserWarning: X does not have valid feature names, but LGBMRegressor was fitted with feature names
  warnings.warn(
C:\Users\sponheim\AppData\Local\Programs\Python\Python312\Lib\site-packages\sklearn\utils\validation.py:2749: UserWarning: X does not have valid feature names, but LGBMRegressor was fitted with feature names
  warnings.warn(
C:\Users\sponheim\AppData\Local\Programs\Python\Python312\Lib\site-packages\sklearn\utils\validation.py:2749: UserWarning: X does not have valid feature names, but LGBMRegressor was fitted with feature names
  warnings.warn(
C:\Users\sponheim\AppData\Local\Programs\Python\Python312\Lib\site-packages\sklearn\utils\validation.py:2749: UserWarning: X does not have valid feature names, but LGBMRegressor was fitted with feature names
  warnings.warn(
C:\Users\sponheim\AppData\Local\Programs\Python\Python312\Lib\site-packages\sklearn\utils\validation.py:2749: UserWarning: X does not have valid feature names, but LGBMRegressor was fitted with feature names
  warnings.warn(
C:\Users\sponheim\AppData\Local\Programs\Python\Python312\Lib\site-packages\sklearn\utils\validation.py:2749: UserWarning: X does not have valid feature names, but LGBMRegressor was fitted with feature names
  warnings.warn(
C:\Users\sponheim\AppData\Local\Programs\Python\Python312\Lib\site-packages\sklearn\utils\validation.py:2749: UserWarning: X does not have valid feature names, but LGBMRegressor was fitted with feature names
  warnings.warn(
C:\Users\sponheim\AppData\Local\Programs\Python\Python312\Lib\site-packages\sklearn\utils\validation.py:2749: UserWarning: X does not have valid feature names, but LGBMRegressor was fitted with feature names
  warnings.warn(
C:\Users\sponheim\AppData\Local\Programs\Python\Python312\Lib\site-packages\sklearn\utils\validation.py:2749: UserWarning: X does not have valid feature names, but LGBMRegressor was fitted with feature names
  warnings.warn(
C:\Users\sponheim\AppData\Local\Programs\Python\Python312\Lib\site-packages\sklearn\utils\validation.py:2749: UserWarning: X does not have valid feature names, but LGBMRegressor was fitted with feature names
  warnings.warn(
C:\Users\sponheim\AppData\Local\Programs\Python\Python312\Lib\site-packages\sklearn\utils\validation.py:2749: UserWarning: X does not have valid feature names, but LGBMRegressor was fitted with feature names
  warnings.warn(
C:\Users\sponheim\AppData\Local\Programs\Python\Python312\Lib\site-packages\sklearn\utils\validation.py:2749: UserWarning: X does not have valid feature names, but LGBMRegressor was fitted with feature names
  warnings.warn(
C:\Users\sponheim\AppData\Local\Programs\Python\Python312\Lib\site-packages\sklearn\utils\validation.py:2749: UserWarning: X does not have valid feature names, but LGBMRegressor was fitted with feature names
  warnings.warn(
C:\Users\sponheim\AppData\Local\Programs\Python\Python312\Lib\site-packages\sklearn\utils\validation.py:2749: UserWarning: X does not have valid feature names, but LGBMRegressor was fitted with feature names
  warnings.warn(
C:\Users\sponheim\AppData\Local\Programs\Python\Python312\Lib\site-packages\sklearn\utils\validation.py:2749: UserWarning: X does not have valid feature names, but LGBMRegressor was fitted with feature names
  warnings.warn(
C:\Users\sponheim\AppData\Local\Programs\Python\Python312\Lib\site-packages\sklearn\utils\validation.py:2749: UserWarning: X does not have valid feature names, but LGBMRegressor was fitted with feature names
  warnings.warn(
C:\Users\sponheim\AppData\Local\Programs\Python\Python312\Lib\site-packages\sklearn\utils\validation.py:2749: UserWarning: X does not have valid feature names, but LGBMRegressor was fitted with feature names
  warnings.warn(
C:\Users\sponheim\AppData\Local\Programs\Python\Python312\Lib\site-packages\sklearn\utils\validation.py:2749: UserWarning: X does not have valid feature names, but LGBMRegressor was fitted with feature names
  warnings.warn(
C:\Users\sponheim\AppData\Local\Programs\Python\Python312\Lib\site-packages\sklearn\utils\validation.py:2749: UserWarning: X does not have valid feature names, but LGBMRegressor was fitted with feature names
  warnings.warn(
  {'alpha': 0.01, 'solver': 'auto', 'tol': 0.0001}

New params dict (complete - ALL parameters):
  {'alpha': 0.01, 'copy_X': True, 'fit_intercept': True, 'max_iter': None, 'positive': False, 'random_state': 42, 'solver': 'auto', 'tol': 0.0001}
================================================================================

     Full model: R²=0.214, RMSE=4.738
  -> Skipping subset analysis for Ridge (variable subsets disabled)
[47/266] Testing Ridge (alpha=0.1, solver=auto...) + deriv_d1 | Best: R²=0.797, RMSE=1.972

================================================================================
DIAGNOSTIC - Ridge Training (Results Tab)
================================================================================
ALL Ridge parameters after training:
  alpha: 0.1
  copy_X: True
  fit_intercept: True
  max_iter: None
  positive: False
  random_state: 42
  solver: auto
  tol: 0.0001

Old params dict (incomplete - only grid search params):
  {'alpha': 0.1, 'solver': 'auto', 'tol': 0.0001}

New params dict (complete - ALL parameters):
  {'alpha': 0.1, 'copy_X': True, 'fit_intercept': True, 'max_iter': None, 'positive': False, 'random_state': 42, 'solver': 'auto', 'tol': 0.0001}
================================================================================

     Full model: R²=-0.478, RMSE=6.508
  -> Skipping subset analysis for Ridge (variable subsets disabled)
[48/266] Testing Ridge (alpha=1.0, solver=auto...) + deriv_d1 | Best: R²=0.797, RMSE=1.972

================================================================================
DIAGNOSTIC - Ridge Training (Results Tab)
================================================================================
ALL Ridge parameters after training:
  alpha: 1.0
  copy_X: True
  fit_intercept: True
  max_iter: None
  positive: False
  random_state: 42
  solver: auto
  tol: 0.0001

Old params dict (incomplete - only grid search params):
  {'alpha': 1.0, 'solver': 'auto', 'tol': 0.0001}

New params dict (complete - ALL parameters):
  {'alpha': 1.0, 'copy_X': True, 'fit_intercept': True, 'max_iter': None, 'positive': False, 'random_state': 42, 'solver': 'auto', 'tol': 0.0001}
================================================================================

     Full model: R²=-0.675, RMSE=6.916
  -> Skipping subset analysis for Ridge (variable subsets disabled)
[49/266] Testing Ridge (alpha=10.0, solver=auto...) + deriv_d1 | Best: R²=0.797, RMSE=1.972

================================================================================
DIAGNOSTIC - Ridge Training (Results Tab)
================================================================================
ALL Ridge parameters after training:
  alpha: 10.0
  copy_X: True
  fit_intercept: True
  max_iter: None
  positive: False
  random_state: 42
  solver: auto
  tol: 0.0001

Old params dict (incomplete - only grid search params):
  {'alpha': 10.0, 'solver': 'auto', 'tol': 0.0001}

New params dict (complete - ALL parameters):
  {'alpha': 10.0, 'copy_X': True, 'fit_intercept': True, 'max_iter': None, 'positive': False, 'random_state': 42, 'solver': 'auto', 'tol': 0.0001}
================================================================================

     Full model: R²=-0.698, RMSE=6.962
  -> Skipping subset analysis for Ridge (variable subsets disabled)
[50/266] Testing LightGBM (n_estimators=100, learning_rate=0.05...) + deriv_d1 | Best: R²=0.797, RMSE=1.972

================================================================================
DIAGNOSTIC - LightGBM Training (Results Tab)
================================================================================
ALL LightGBM parameters after training:
  bagging_freq: 1
  boosting_type: gbdt
  class_weight: None
  colsample_bytree: 0.8
  importance_type: split
  learning_rate: 0.05
  max_depth: -1
  min_child_samples: 5
  min_child_weight: 0.001
  min_split_gain: 0.0
  n_estimators: 100
  n_jobs: -1
  num_leaves: 31
  objective: None
  random_state: 42
  reg_alpha: 0.1
  reg_lambda: 1.0
  subsample: 0.8
  subsample_for_bin: 200000
  subsample_freq: 0
  verbosity: -1

Old params dict (incomplete - only grid search params):
  {'n_estimators': 100, 'learning_rate': 0.05, 'num_leaves': 31, 'max_depth': -1, 'min_child_samples': 5, 'subsample': 0.8, 'bagging_freq': 1, 'colsample_bytree': 0.8, 'reg_alpha': 0.1, 'reg_lambda': 1.0}

New params dict (complete - ALL parameters):
  {'boosting_type': 'gbdt', 'class_weight': None, 'colsample_bytree': 0.8, 'importance_type': 'split', 'learning_rate': 0.05, 'max_depth': -1, 'min_child_samples': 5, 'min_child_weight': 0.001, 'min_split_gain': 0.0, 'n_estimators': 100, 'n_jobs': -1, 'num_leaves': 31, 'objective': None, 'random_state': 42, 'reg_alpha': 0.1, 'reg_lambda': 1.0, 'subsample': 0.8, 'subsample_for_bin': 200000, 'subsample_freq': 0, 'bagging_freq': 1, 'verbosity': -1}
================================================================================

     Full model: R²=0.799, RMSE=2.114
  -> Skipping subset analysis for LightGBM (variable subsets disabled)
[51/266] Testing LightGBM (n_estimators=100, learning_rate=0.05...) + deriv_d1 | Best: R²=0.797, RMSE=1.972

================================================================================
DIAGNOSTIC - LightGBM Training (Results Tab)
================================================================================
ALL LightGBM parameters after training:
  bagging_freq: 1
  boosting_type: gbdt
  class_weight: None
  colsample_bytree: 0.8
  importance_type: split
  learning_rate: 0.05
  max_depth: -1
  min_child_samples: 5
  min_child_weight: 0.001
  min_split_gain: 0.0
  n_estimators: 100
  n_jobs: -1
  num_leaves: 63
  objective: None
  random_state: 42
  reg_alpha: 0.1
  reg_lambda: 1.0
  subsample: 0.8
  subsample_for_bin: 200000
  subsample_freq: 0
  verbosity: -1

Old params dict (incomplete - only grid search params):
  {'n_estimators': 100, 'learning_rate': 0.05, 'num_leaves': 63, 'max_depth': -1, 'min_child_samples': 5, 'subsample': 0.8, 'bagging_freq': 1, 'colsample_bytree': 0.8, 'reg_alpha': 0.1, 'reg_lambda': 1.0}

New params dict (complete - ALL parameters):
  {'boosting_type': 'gbdt', 'class_weight': None, 'colsample_bytree': 0.8, 'importance_type': 'split', 'learning_rate': 0.05, 'max_depth': -1, 'min_child_samples': 5, 'min_child_weight': 0.001, 'min_split_gain': 0.0, 'n_estimators': 100, 'n_jobs': -1, 'num_leaves': 63, 'objective': None, 'random_state': 42, 'reg_alpha': 0.1, 'reg_lambda': 1.0, 'subsample': 0.8, 'subsample_for_bin': 200000, 'subsample_freq': 0, 'bagging_freq': 1, 'verbosity': -1}
================================================================================

     Full model: R²=0.799, RMSE=2.114
  -> Skipping subset analysis for LightGBM (variable subsets disabled)
[52/266] Testing LightGBM (n_estimators=100, learning_rate=0.1...) + deriv_d1 | Best: R²=0.797, RMSE=1.972

================================================================================
DIAGNOSTIC - LightGBM Training (Results Tab)
================================================================================
ALL LightGBM parameters after training:
  bagging_freq: 1
  boosting_type: gbdt
  class_weight: None
  colsample_bytree: 0.8
  importance_type: split
  learning_rate: 0.1
  max_depth: -1
  min_child_samples: 5
  min_child_weight: 0.001
  min_split_gain: 0.0
  n_estimators: 100
  n_jobs: -1
  num_leaves: 31
  objective: None
  random_state: 42
  reg_alpha: 0.1
  reg_lambda: 1.0
  subsample: 0.8
  subsample_for_bin: 200000
  subsample_freq: 0
  verbosity: -1

Old params dict (incomplete - only grid search params):
  {'n_estimators': 100, 'learning_rate': 0.1, 'num_leaves': 31, 'max_depth': -1, 'min_child_samples': 5, 'subsample': 0.8, 'bagging_freq': 1, 'colsample_bytree': 0.8, 'reg_alpha': 0.1, 'reg_lambda': 1.0}

New params dict (complete - ALL parameters):
  {'boosting_type': 'gbdt', 'class_weight': None, 'colsample_bytree': 0.8, 'importance_type': 'split', 'learning_rate': 0.1, 'max_depth': -1, 'min_child_samples': 5, 'min_child_weight': 0.001, 'min_split_gain': 0.0, 'n_estimators': 100, 'n_jobs': -1, 'num_leaves': 31, 'objective': None, 'random_state': 42, 'reg_alpha': 0.1, 'reg_lambda': 1.0, 'subsample': 0.8, 'subsample_for_bin': 200000, 'subsample_freq': 0, 'bagging_freq': 1, 'verbosity': -1}
================================================================================

     Full model: R²=0.747, RMSE=2.339
  -> Skipping subset analysis for LightGBM (variable subsets disabled)
[53/266] Testing LightGBM (n_estimators=100, learning_rate=0.1...) + deriv_d1 | Best: R²=0.797, RMSE=1.972

================================================================================
DIAGNOSTIC - LightGBM Training (Results Tab)
================================================================================
ALL LightGBM parameters after training:
  bagging_freq: 1
  boosting_type: gbdt
  class_weight: None
  colsample_bytree: 0.8
  importance_type: split
  learning_rate: 0.1
  max_depth: -1
  min_child_samples: 5
  min_child_weight: 0.001
  min_split_gain: 0.0
  n_estimators: 100
  n_jobs: -1
  num_leaves: 63
  objective: None
  random_state: 42
  reg_alpha: 0.1
  reg_lambda: 1.0
  subsample: 0.8
  subsample_for_bin: 200000
  subsample_freq: 0
  verbosity: -1

Old params dict (incomplete - only grid search params):
  {'n_estimators': 100, 'learning_rate': 0.1, 'num_leaves': 63, 'max_depth': -1, 'min_child_samples': 5, 'subsample': 0.8, 'bagging_freq': 1, 'colsample_bytree': 0.8, 'reg_alpha': 0.1, 'reg_lambda': 1.0}

New params dict (complete - ALL parameters):
  {'boosting_type': 'gbdt', 'class_weight': None, 'colsample_bytree': 0.8, 'importance_type': 'split', 'learning_rate': 0.1, 'max_depth': -1, 'min_child_samples': 5, 'min_child_weight': 0.001, 'min_split_gain': 0.0, 'n_estimators': 100, 'n_jobs': -1, 'num_leaves': 63, 'objective': None, 'random_state': 42, 'reg_alpha': 0.1, 'reg_lambda': 1.0, 'subsample': 0.8, 'subsample_for_bin': 200000, 'subsample_freq': 0, 'bagging_freq': 1, 'verbosity': -1}
================================================================================

     Full model: R²=0.747, RMSE=2.339
  -> Skipping subset analysis for LightGBM (variable subsets disabled)
[54/266] Testing LightGBM (n_estimators=200, learning_rate=0.05...) + deriv_d1 | Best: R²=0.797, RMSE=1.972

================================================================================
DIAGNOSTIC - LightGBM Training (Results Tab)
================================================================================
ALL LightGBM parameters after training:
  bagging_freq: 1
  boosting_type: gbdt
  class_weight: None
  colsample_bytree: 0.8
  importance_type: split
  learning_rate: 0.05
  max_depth: -1
  min_child_samples: 5
  min_child_weight: 0.001
  min_split_gain: 0.0
  n_estimators: 200
  n_jobs: -1
  num_leaves: 31
  objective: None
  random_state: 42
  reg_alpha: 0.1
  reg_lambda: 1.0
  subsample: 0.8
  subsample_for_bin: 200000
  subsample_freq: 0
  verbosity: -1

Old params dict (incomplete - only grid search params):
  {'n_estimators': 200, 'learning_rate': 0.05, 'num_leaves': 31, 'max_depth': -1, 'min_child_samples': 5, 'subsample': 0.8, 'bagging_freq': 1, 'colsample_bytree': 0.8, 'reg_alpha': 0.1, 'reg_lambda': 1.0}

New params dict (complete - ALL parameters):
  {'boosting_type': 'gbdt', 'class_weight': None, 'colsample_bytree': 0.8, 'importance_type': 'split', 'learning_rate': 0.05, 'max_depth': -1, 'min_child_samples': 5, 'min_child_weight': 0.001, 'min_split_gain': 0.0, 'n_estimators': 200, 'n_jobs': -1, 'num_leaves': 31, 'objective': None, 'random_state': 42, 'reg_alpha': 0.1, 'reg_lambda': 1.0, 'subsample': 0.8, 'subsample_for_bin': 200000, 'subsample_freq': 0, 'bagging_freq': 1, 'verbosity': -1}
================================================================================

     Full model: R²=0.799, RMSE=2.105
  -> Skipping subset analysis for LightGBM (variable subsets disabled)
[55/266] Testing LightGBM (n_estimators=200, learning_rate=0.05...) + deriv_d1 | Best: R²=0.797, RMSE=1.972

================================================================================
DIAGNOSTIC - LightGBM Training (Results Tab)
================================================================================
ALL LightGBM parameters after training:
  bagging_freq: 1
  boosting_type: gbdt
  class_weight: None
  colsample_bytree: 0.8
  importance_type: split
  learning_rate: 0.05
  max_depth: -1
  min_child_samples: 5
  min_child_weight: 0.001
  min_split_gain: 0.0
  n_estimators: 200
  n_jobs: -1
  num_leaves: 63
  objective: None
  random_state: 42
  reg_alpha: 0.1
  reg_lambda: 1.0
  subsample: 0.8
  subsample_for_bin: 200000
  subsample_freq: 0
  verbosity: -1

Old params dict (incomplete - only grid search params):
  {'n_estimators': 200, 'learning_rate': 0.05, 'num_leaves': 63, 'max_depth': -1, 'min_child_samples': 5, 'subsample': 0.8, 'bagging_freq': 1, 'colsample_bytree': 0.8, 'reg_alpha': 0.1, 'reg_lambda': 1.0}

New params dict (complete - ALL parameters):
  {'boosting_type': 'gbdt', 'class_weight': None, 'colsample_bytree': 0.8, 'importance_type': 'split', 'learning_rate': 0.05, 'max_depth': -1, 'min_child_samples': 5, 'min_child_weight': 0.001, 'min_split_gain': 0.0, 'n_estimators': 200, 'n_jobs': -1, 'num_leaves': 63, 'objective': None, 'random_state': 42, 'reg_alpha': 0.1, 'reg_lambda': 1.0, 'subsample': 0.8, 'subsample_for_bin': 200000, 'subsample_freq': 0, 'bagging_freq': 1, 'verbosity': -1}
================================================================================

     Full model: R²=0.799, RMSE=2.105
  -> Skipping subset analysis for LightGBM (variable subsets disabled)
[56/266] Testing LightGBM (n_estimators=200, learning_rate=0.1...) + deriv_d1 | Best: R²=0.797, RMSE=1.972

================================================================================
DIAGNOSTIC - LightGBM Training (Results Tab)
================================================================================
ALL LightGBM parameters after training:
  bagging_freq: 1
  boosting_type: gbdt
  class_weight: None
  colsample_bytree: 0.8
  importance_type: split
  learning_rate: 0.1
  max_depth: -1
  min_child_samples: 5
  min_child_weight: 0.001
  min_split_gain: 0.0
  n_estimators: 200
  n_jobs: -1
  num_leaves: 31
  objective: None
  random_state: 42
  reg_alpha: 0.1
  reg_lambda: 1.0
  subsample: 0.8
  subsample_for_bin: 200000
  subsample_freq: 0
  verbosity: -1

Old params dict (incomplete - only grid search params):
  {'n_estimators': 200, 'learning_rate': 0.1, 'num_leaves': 31, 'max_depth': -1, 'min_child_samples': 5, 'subsample': 0.8, 'bagging_freq': 1, 'colsample_bytree': 0.8, 'reg_alpha': 0.1, 'reg_lambda': 1.0}

New params dict (complete - ALL parameters):
  {'boosting_type': 'gbdt', 'class_weight': None, 'colsample_bytree': 0.8, 'importance_type': 'split', 'learning_rate': 0.1, 'max_depth': -1, 'min_child_samples': 5, 'min_child_weight': 0.001, 'min_split_gain': 0.0, 'n_estimators': 200, 'n_jobs': -1, 'num_leaves': 31, 'objective': None, 'random_state': 42, 'reg_alpha': 0.1, 'reg_lambda': 1.0, 'subsample': 0.8, 'subsample_for_bin': 200000, 'subsample_freq': 0, 'bagging_freq': 1, 'verbosity': -1}
================================================================================

     Full model: R²=0.749, RMSE=2.340
  -> Skipping subset analysis for LightGBM (variable subsets disabled)
[57/266] Testing LightGBM (n_estimators=200, learning_rate=0.1...) + deriv_d1 | Best: R²=0.797, RMSE=1.972

================================================================================
DIAGNOSTIC - LightGBM Training (Results Tab)
================================================================================
ALL LightGBM parameters after training:
  bagging_freq: 1
  boosting_type: gbdt
  class_weight: None
  colsample_bytree: 0.8
  importance_type: split
  learning_rate: 0.1
C:\Users\sponheim\AppData\Local\Programs\Python\Python312\Lib\site-packages\sklearn\utils\validation.py:2749: UserWarning: X does not have valid feature names, but LGBMRegressor was fitted with feature names
  warnings.warn(
C:\Users\sponheim\AppData\Local\Programs\Python\Python312\Lib\site-packages\sklearn\utils\validation.py:2749: UserWarning: X does not have valid feature names, but LGBMRegressor was fitted with feature names
  warnings.warn(
C:\Users\sponheim\AppData\Local\Programs\Python\Python312\Lib\site-packages\sklearn\utils\validation.py:2749: UserWarning: X does not have valid feature names, but LGBMRegressor was fitted with feature names
  warnings.warn(
C:\Users\sponheim\AppData\Local\Programs\Python\Python312\Lib\site-packages\sklearn\utils\validation.py:2749: UserWarning: X does not have valid feature names, but LGBMRegressor was fitted with feature names
  warnings.warn(
C:\Users\sponheim\AppData\Local\Programs\Python\Python312\Lib\site-packages\sklearn\utils\validation.py:2749: UserWarning: X does not have valid feature names, but LGBMRegressor was fitted with feature names
  warnings.warn(
C:\Users\sponheim\AppData\Local\Programs\Python\Python312\Lib\site-packages\sklearn\utils\validation.py:2749: UserWarning: X does not have valid feature names, but LGBMRegressor was fitted with feature names
  warnings.warn(
C:\Users\sponheim\AppData\Local\Programs\Python\Python312\Lib\site-packages\sklearn\utils\validation.py:2749: UserWarning: X does not have valid feature names, but LGBMRegressor was fitted with feature names
  warnings.warn(
C:\Users\sponheim\AppData\Local\Programs\Python\Python312\Lib\site-packages\sklearn\utils\validation.py:2749: UserWarning: X does not have valid feature names, but LGBMRegressor was fitted with feature names
  warnings.warn(
C:\Users\sponheim\AppData\Local\Programs\Python\Python312\Lib\site-packages\sklearn\utils\validation.py:2749: UserWarning: X does not have valid feature names, but LGBMRegressor was fitted with feature names
  warnings.warn(
C:\Users\sponheim\AppData\Local\Programs\Python\Python312\Lib\site-packages\sklearn\utils\validation.py:2749: UserWarning: X does not have valid feature names, but LGBMRegressor was fitted with feature names
  warnings.warn(
C:\Users\sponheim\AppData\Local\Programs\Python\Python312\Lib\site-packages\sklearn\utils\validation.py:2749: UserWarning: X does not have valid feature names, but LGBMRegressor was fitted with feature names
  warnings.warn(
C:\Users\sponheim\AppData\Local\Programs\Python\Python312\Lib\site-packages\sklearn\utils\validation.py:2749: UserWarning: X does not have valid feature names, but LGBMRegressor was fitted with feature names
  warnings.warn(
C:\Users\sponheim\AppData\Local\Programs\Python\Python312\Lib\site-packages\sklearn\utils\validation.py:2749: UserWarning: X does not have valid feature names, but LGBMRegressor was fitted with feature names
  warnings.warn(
C:\Users\sponheim\AppData\Local\Programs\Python\Python312\Lib\site-packages\sklearn\utils\validation.py:2749: UserWarning: X does not have valid feature names, but LGBMRegressor was fitted with feature names
  warnings.warn(
C:\Users\sponheim\AppData\Local\Programs\Python\Python312\Lib\site-packages\sklearn\utils\validation.py:2749: UserWarning: X does not have valid feature names, but LGBMRegressor was fitted with feature names
  warnings.warn(
  max_depth: -1
  min_child_samples: 5
  min_child_weight: 0.001
  min_split_gain: 0.0
  n_estimators: 200
  n_jobs: -1
  num_leaves: 63
  objective: None
  random_state: 42
  reg_alpha: 0.1
  reg_lambda: 1.0
  subsample: 0.8
  subsample_for_bin: 200000
  subsample_freq: 0
  verbosity: -1

Old params dict (incomplete - only grid search params):
  {'n_estimators': 200, 'learning_rate': 0.1, 'num_leaves': 63, 'max_depth': -1, 'min_child_samples': 5, 'subsample': 0.8, 'bagging_freq': 1, 'colsample_bytree': 0.8, 'reg_alpha': 0.1, 'reg_lambda': 1.0}

New params dict (complete - ALL parameters):
  {'boosting_type': 'gbdt', 'class_weight': None, 'colsample_bytree': 0.8, 'importance_type': 'split', 'learning_rate': 0.1, 'max_depth': -1, 'min_child_samples': 5, 'min_child_weight': 0.001, 'min_split_gain': 0.0, 'n_estimators': 200, 'n_jobs': -1, 'num_leaves': 63, 'objective': None, 'random_state': 42, 'reg_alpha': 0.1, 'reg_lambda': 1.0, 'subsample': 0.8, 'subsample_for_bin': 200000, 'subsample_freq': 0, 'bagging_freq': 1, 'verbosity': -1}
================================================================================

     Full model: R²=0.749, RMSE=2.340
  -> Skipping subset analysis for LightGBM (variable subsets disabled)
[58/266] Testing PLS (n_components=2, max_iter=500...) + deriv_d1 | Best: R²=0.797, RMSE=1.972

================================================================================
DIAGNOSTIC - PLS Training (Results Tab)
================================================================================
ALL PLS parameters after training:
  copy: True
  max_iter: 500
  n_components: 2
  scale: False
  tol: 1e-06

Old params dict (incomplete - only grid search params):
  {'n_components': 2, 'max_iter': 500, 'tol': 1e-06}

New params dict (complete - ALL parameters):
  {'copy': True, 'max_iter': 500, 'n_components': 2, 'scale': False, 'tol': 1e-06}
================================================================================

     Full model: R²=0.640, RMSE=3.005
  -> Skipping subset analysis for PLS (variable subsets disabled)
[59/266] Testing PLS (n_components=3, max_iter=500...) + deriv_d1 | Best: R²=0.797, RMSE=1.972

================================================================================
DIAGNOSTIC - PLS Training (Results Tab)
================================================================================
ALL PLS parameters after training:
  copy: True
  max_iter: 500
  n_components: 3
  scale: False
  tol: 1e-06

Old params dict (incomplete - only grid search params):
  {'n_components': 3, 'max_iter': 500, 'tol': 1e-06}

New params dict (complete - ALL parameters):
  {'copy': True, 'max_iter': 500, 'n_components': 3, 'scale': False, 'tol': 1e-06}
================================================================================

     Full model: R²=0.654, RMSE=2.577
  -> Skipping subset analysis for PLS (variable subsets disabled)
[60/266] Testing PLS (n_components=4, max_iter=500...) + deriv_d1 | Best: R²=0.797, RMSE=1.972

================================================================================
DIAGNOSTIC - PLS Training (Results Tab)
================================================================================
ALL PLS parameters after training:
  copy: True
  max_iter: 500
  n_components: 4
  scale: False
  tol: 1e-06

Old params dict (incomplete - only grid search params):
  {'n_components': 4, 'max_iter': 500, 'tol': 1e-06}

New params dict (complete - ALL parameters):
  {'copy': True, 'max_iter': 500, 'n_components': 4, 'scale': False, 'tol': 1e-06}
================================================================================

     Full model: R²=0.738, RMSE=2.581
  -> Skipping subset analysis for PLS (variable subsets disabled)
[61/266] Testing PLS (n_components=5, max_iter=500...) + deriv_d1 | Best: R²=0.797, RMSE=1.972

================================================================================
DIAGNOSTIC - PLS Training (Results Tab)
================================================================================
ALL PLS parameters after training:
  copy: True
  max_iter: 500
  n_components: 5
  scale: False
  tol: 1e-06

Old params dict (incomplete - only grid search params):
  {'n_components': 5, 'max_iter': 500, 'tol': 1e-06}

New params dict (complete - ALL parameters):
  {'copy': True, 'max_iter': 500, 'n_components': 5, 'scale': False, 'tol': 1e-06}
================================================================================

     Full model: R²=0.783, RMSE=2.268
  -> Skipping subset analysis for PLS (variable subsets disabled)
[62/266] Testing PLS (n_components=6, max_iter=500...) + deriv_d1 | Best: R²=0.797, RMSE=1.972

================================================================================
DIAGNOSTIC - PLS Training (Results Tab)
================================================================================
ALL PLS parameters after training:
  copy: True
  max_iter: 500
  n_components: 6
  scale: False
  tol: 1e-06

Old params dict (incomplete - only grid search params):
  {'n_components': 6, 'max_iter': 500, 'tol': 1e-06}

New params dict (complete - ALL parameters):
  {'copy': True, 'max_iter': 500, 'n_components': 6, 'scale': False, 'tol': 1e-06}
================================================================================

     Full model: R²=0.786, RMSE=2.287
  -> Skipping subset analysis for PLS (variable subsets disabled)
[63/266] Testing PLS (n_components=7, max_iter=500...) + deriv_d1 | Best: R²=0.797, RMSE=1.972

================================================================================
DIAGNOSTIC - PLS Training (Results Tab)
================================================================================
ALL PLS parameters after training:
  copy: True
  max_iter: 500
  n_components: 7
  scale: False
  tol: 1e-06

Old params dict (incomplete - only grid search params):
  {'n_components': 7, 'max_iter': 500, 'tol': 1e-06}

New params dict (complete - ALL parameters):
  {'copy': True, 'max_iter': 500, 'n_components': 7, 'scale': False, 'tol': 1e-06}
================================================================================

     Full model: R²=0.823, RMSE=2.132
  -> Skipping subset analysis for PLS (variable subsets disabled)
[64/266] Testing Ridge (alpha=0.001, solver=auto...) + deriv_d1 | Best: R²=0.797, RMSE=1.972

================================================================================
DIAGNOSTIC - Ridge Training (Results Tab)
================================================================================
ALL Ridge parameters after training:
  alpha: 0.001
  copy_X: True
  fit_intercept: True
  max_iter: None
  positive: False
  random_state: 42
  solver: auto
  tol: 0.0001

Old params dict (incomplete - only grid search params):
  {'alpha': 0.001, 'solver': 'auto', 'tol': 0.0001}

New params dict (complete - ALL parameters):
  {'alpha': 0.001, 'copy_X': True, 'fit_intercept': True, 'max_iter': None, 'positive': False, 'random_state': 42, 'solver': 'auto', 'tol': 0.0001}
================================================================================

     Full model: R²=0.627, RMSE=2.979
  -> Skipping subset analysis for Ridge (variable subsets disabled)
[65/266] Testing Ridge (alpha=0.01, solver=auto...) + deriv_d1 | Best: R²=0.797, RMSE=1.972

================================================================================
DIAGNOSTIC - Ridge Training (Results Tab)
================================================================================
ALL Ridge parameters after training:
  alpha: 0.01
  copy_X: True
  fit_intercept: True
  max_iter: None
  positive: False
  random_state: 42
  solver: auto
  tol: 0.0001

Old params dict (incomplete - only grid search params):
  {'alpha': 0.01, 'solver': 'auto', 'tol': 0.0001}

New params dict (complete - ALL parameters):
  {'alpha': 0.01, 'copy_X': True, 'fit_intercept': True, 'max_iter': None, 'positive': False, 'random_state': 42, 'solver': 'auto', 'tol': 0.0001}
C:\Users\sponheim\AppData\Local\Programs\Python\Python312\Lib\site-packages\sklearn\utils\validation.py:2749: UserWarning: X does not have valid feature names, but LGBMRegressor was fitted with feature names
  warnings.warn(
C:\Users\sponheim\AppData\Local\Programs\Python\Python312\Lib\site-packages\sklearn\utils\validation.py:2749: UserWarning: X does not have valid feature names, but LGBMRegressor was fitted with feature names
  warnings.warn(
C:\Users\sponheim\AppData\Local\Programs\Python\Python312\Lib\site-packages\sklearn\utils\validation.py:2749: UserWarning: X does not have valid feature names, but LGBMRegressor was fitted with feature names
  warnings.warn(
C:\Users\sponheim\AppData\Local\Programs\Python\Python312\Lib\site-packages\sklearn\utils\validation.py:2749: UserWarning: X does not have valid feature names, but LGBMRegressor was fitted with feature names
  warnings.warn(
C:\Users\sponheim\AppData\Local\Programs\Python\Python312\Lib\site-packages\sklearn\utils\validation.py:2749: UserWarning: X does not have valid feature names, but LGBMRegressor was fitted with feature names
  warnings.warn(
C:\Users\sponheim\AppData\Local\Programs\Python\Python312\Lib\site-packages\sklearn\utils\validation.py:2749: UserWarning: X does not have valid feature names, but LGBMRegressor was fitted with feature names
  warnings.warn(
C:\Users\sponheim\AppData\Local\Programs\Python\Python312\Lib\site-packages\sklearn\utils\validation.py:2749: UserWarning: X does not have valid feature names, but LGBMRegressor was fitted with feature names
  warnings.warn(
C:\Users\sponheim\AppData\Local\Programs\Python\Python312\Lib\site-packages\sklearn\utils\validation.py:2749: UserWarning: X does not have valid feature names, but LGBMRegressor was fitted with feature names
  warnings.warn(
C:\Users\sponheim\AppData\Local\Programs\Python\Python312\Lib\site-packages\sklearn\utils\validation.py:2749: UserWarning: X does not have valid feature names, but LGBMRegressor was fitted with feature names
  warnings.warn(
C:\Users\sponheim\AppData\Local\Programs\Python\Python312\Lib\site-packages\sklearn\utils\validation.py:2749: UserWarning: X does not have valid feature names, but LGBMRegressor was fitted with feature names
  warnings.warn(
C:\Users\sponheim\AppData\Local\Programs\Python\Python312\Lib\site-packages\sklearn\utils\validation.py:2749: UserWarning: X does not have valid feature names, but LGBMRegressor was fitted with feature names
  warnings.warn(
C:\Users\sponheim\AppData\Local\Programs\Python\Python312\Lib\site-packages\sklearn\utils\validation.py:2749: UserWarning: X does not have valid feature names, but LGBMRegressor was fitted with feature names
  warnings.warn(
C:\Users\sponheim\AppData\Local\Programs\Python\Python312\Lib\site-packages\sklearn\utils\validation.py:2749: UserWarning: X does not have valid feature names, but LGBMRegressor was fitted with feature names
  warnings.warn(
C:\Users\sponheim\AppData\Local\Programs\Python\Python312\Lib\site-packages\sklearn\utils\validation.py:2749: UserWarning: X does not have valid feature names, but LGBMRegressor was fitted with feature names
  warnings.warn(
C:\Users\sponheim\AppData\Local\Programs\Python\Python312\Lib\site-packages\sklearn\utils\validation.py:2749: UserWarning: X does not have valid feature names, but LGBMRegressor was fitted with feature names
  warnings.warn(
C:\Users\sponheim\AppData\Local\Programs\Python\Python312\Lib\site-packages\sklearn\utils\validation.py:2749: UserWarning: X does not have valid feature names, but LGBMRegressor was fitted with feature names
  warnings.warn(
C:\Users\sponheim\AppData\Local\Programs\Python\Python312\Lib\site-packages\sklearn\utils\validation.py:2749: UserWarning: X does not have valid feature names, but LGBMRegressor was fitted with feature names
  warnings.warn(
C:\Users\sponheim\AppData\Local\Programs\Python\Python312\Lib\site-packages\sklearn\utils\validation.py:2749: UserWarning: X does not have valid feature names, but LGBMRegressor was fitted with feature names
  warnings.warn(
C:\Users\sponheim\AppData\Local\Programs\Python\Python312\Lib\site-packages\sklearn\utils\validation.py:2749: UserWarning: X does not have valid feature names, but LGBMRegressor was fitted with feature names
  warnings.warn(
C:\Users\sponheim\AppData\Local\Programs\Python\Python312\Lib\site-packages\sklearn\utils\validation.py:2749: UserWarning: X does not have valid feature names, but LGBMRegressor was fitted with feature names
  warnings.warn(
C:\Users\sponheim\AppData\Local\Programs\Python\Python312\Lib\site-packages\sklearn\utils\validation.py:2749: UserWarning: X does not have valid feature names, but LGBMRegressor was fitted with feature names
  warnings.warn(
C:\Users\sponheim\AppData\Local\Programs\Python\Python312\Lib\site-packages\sklearn\utils\validation.py:2749: UserWarning: X does not have valid feature names, but LGBMRegressor was fitted with feature names
  warnings.warn(
C:\Users\sponheim\AppData\Local\Programs\Python\Python312\Lib\site-packages\sklearn\utils\validation.py:2749: UserWarning: X does not have valid feature names, but LGBMRegressor was fitted with feature names
  warnings.warn(
C:\Users\sponheim\AppData\Local\Programs\Python\Python312\Lib\site-packages\sklearn\utils\validation.py:2749: UserWarning: X does not have valid feature names, but LGBMRegressor was fitted with feature names
  warnings.warn(
C:\Users\sponheim\AppData\Local\Programs\Python\Python312\Lib\site-packages\sklearn\utils\validation.py:2749: UserWarning: X does not have valid feature names, but LGBMRegressor was fitted with feature names
  warnings.warn(
================================================================================

     Full model: R²=0.197, RMSE=4.787
  -> Skipping subset analysis for Ridge (variable subsets disabled)
[66/266] Testing Ridge (alpha=0.1, solver=auto...) + deriv_d1 | Best: R²=0.797, RMSE=1.972

================================================================================
DIAGNOSTIC - Ridge Training (Results Tab)
================================================================================
ALL Ridge parameters after training:
  alpha: 0.1
  copy_X: True
  fit_intercept: True
  max_iter: None
  positive: False
  random_state: 42
  solver: auto
  tol: 0.0001

Old params dict (incomplete - only grid search params):
  {'alpha': 0.1, 'solver': 'auto', 'tol': 0.0001}

New params dict (complete - ALL parameters):
  {'alpha': 0.1, 'copy_X': True, 'fit_intercept': True, 'max_iter': None, 'positive': False, 'random_state': 42, 'solver': 'auto', 'tol': 0.0001}
================================================================================

     Full model: R²=-0.485, RMSE=6.524
  -> Skipping subset analysis for Ridge (variable subsets disabled)
[67/266] Testing Ridge (alpha=1.0, solver=auto...) + deriv_d1 | Best: R²=0.797, RMSE=1.972

================================================================================
DIAGNOSTIC - Ridge Training (Results Tab)
================================================================================
ALL Ridge parameters after training:
  alpha: 1.0
  copy_X: True
  fit_intercept: True
  max_iter: None
  positive: False
  random_state: 42
  solver: auto
  tol: 0.0001

Old params dict (incomplete - only grid search params):
  {'alpha': 1.0, 'solver': 'auto', 'tol': 0.0001}

New params dict (complete - ALL parameters):
  {'alpha': 1.0, 'copy_X': True, 'fit_intercept': True, 'max_iter': None, 'positive': False, 'random_state': 42, 'solver': 'auto', 'tol': 0.0001}
================================================================================

     Full model: R²=-0.676, RMSE=6.918
  -> Skipping subset analysis for Ridge (variable subsets disabled)
[68/266] Testing Ridge (alpha=10.0, solver=auto...) + deriv_d1 | Best: R²=0.797, RMSE=1.972

================================================================================
DIAGNOSTIC - Ridge Training (Results Tab)
================================================================================
ALL Ridge parameters after training:
  alpha: 10.0
  copy_X: True
  fit_intercept: True
  max_iter: None
  positive: False
  random_state: 42
  solver: auto
  tol: 0.0001

Old params dict (incomplete - only grid search params):
  {'alpha': 10.0, 'solver': 'auto', 'tol': 0.0001}

New params dict (complete - ALL parameters):
  {'alpha': 10.0, 'copy_X': True, 'fit_intercept': True, 'max_iter': None, 'positive': False, 'random_state': 42, 'solver': 'auto', 'tol': 0.0001}
================================================================================

     Full model: R²=-0.698, RMSE=6.962
  -> Skipping subset analysis for Ridge (variable subsets disabled)
[69/266] Testing LightGBM (n_estimators=100, learning_rate=0.05...) + deriv_d1 | Best: R²=0.797, RMSE=1.972

================================================================================
DIAGNOSTIC - LightGBM Training (Results Tab)
================================================================================
ALL LightGBM parameters after training:
  bagging_freq: 1
  boosting_type: gbdt
  class_weight: None
  colsample_bytree: 0.8
  importance_type: split
  learning_rate: 0.05
  max_depth: -1
  min_child_samples: 5
  min_child_weight: 0.001
  min_split_gain: 0.0
  n_estimators: 100
  n_jobs: -1
  num_leaves: 31
  objective: None
  random_state: 42
  reg_alpha: 0.1
  reg_lambda: 1.0
  subsample: 0.8
  subsample_for_bin: 200000
  subsample_freq: 0
  verbosity: -1

Old params dict (incomplete - only grid search params):
  {'n_estimators': 100, 'learning_rate': 0.05, 'num_leaves': 31, 'max_depth': -1, 'min_child_samples': 5, 'subsample': 0.8, 'bagging_freq': 1, 'colsample_bytree': 0.8, 'reg_alpha': 0.1, 'reg_lambda': 1.0}

New params dict (complete - ALL parameters):
  {'boosting_type': 'gbdt', 'class_weight': None, 'colsample_bytree': 0.8, 'importance_type': 'split', 'learning_rate': 0.05, 'max_depth': -1, 'min_child_samples': 5, 'min_child_weight': 0.001, 'min_split_gain': 0.0, 'n_estimators': 100, 'n_jobs': -1, 'num_leaves': 31, 'objective': None, 'random_state': 42, 'reg_alpha': 0.1, 'reg_lambda': 1.0, 'subsample': 0.8, 'subsample_for_bin': 200000, 'subsample_freq': 0, 'bagging_freq': 1, 'verbosity': -1}
================================================================================

     Full model: R²=0.781, RMSE=2.129
  -> Skipping subset analysis for LightGBM (variable subsets disabled)
[70/266] Testing LightGBM (n_estimators=100, learning_rate=0.05...) + deriv_d1 | Best: R²=0.797, RMSE=1.972

================================================================================
DIAGNOSTIC - LightGBM Training (Results Tab)
================================================================================
ALL LightGBM parameters after training:
  bagging_freq: 1
  boosting_type: gbdt
  class_weight: None
  colsample_bytree: 0.8
  importance_type: split
  learning_rate: 0.05
  max_depth: -1
  min_child_samples: 5
  min_child_weight: 0.001
  min_split_gain: 0.0
  n_estimators: 100
  n_jobs: -1
  num_leaves: 63
  objective: None
  random_state: 42
  reg_alpha: 0.1
  reg_lambda: 1.0
  subsample: 0.8
  subsample_for_bin: 200000
  subsample_freq: 0
  verbosity: -1

Old params dict (incomplete - only grid search params):
  {'n_estimators': 100, 'learning_rate': 0.05, 'num_leaves': 63, 'max_depth': -1, 'min_child_samples': 5, 'subsample': 0.8, 'bagging_freq': 1, 'colsample_bytree': 0.8, 'reg_alpha': 0.1, 'reg_lambda': 1.0}

New params dict (complete - ALL parameters):
  {'boosting_type': 'gbdt', 'class_weight': None, 'colsample_bytree': 0.8, 'importance_type': 'split', 'learning_rate': 0.05, 'max_depth': -1, 'min_child_samples': 5, 'min_child_weight': 0.001, 'min_split_gain': 0.0, 'n_estimators': 100, 'n_jobs': -1, 'num_leaves': 63, 'objective': None, 'random_state': 42, 'reg_alpha': 0.1, 'reg_lambda': 1.0, 'subsample': 0.8, 'subsample_for_bin': 200000, 'subsample_freq': 0, 'bagging_freq': 1, 'verbosity': -1}
================================================================================

     Full model: R²=0.781, RMSE=2.129
  -> Skipping subset analysis for LightGBM (variable subsets disabled)
[71/266] Testing LightGBM (n_estimators=100, learning_rate=0.1...) + deriv_d1 | Best: R²=0.797, RMSE=1.972

================================================================================
DIAGNOSTIC - LightGBM Training (Results Tab)
================================================================================
ALL LightGBM parameters after training:
  bagging_freq: 1
  boosting_type: gbdt
  class_weight: None
  colsample_bytree: 0.8
  importance_type: split
  learning_rate: 0.1
  max_depth: -1
  min_child_samples: 5
  min_child_weight: 0.001
  min_split_gain: 0.0
  n_estimators: 100
  n_jobs: -1
  num_leaves: 31
  objective: None
  random_state: 42
  reg_alpha: 0.1
  reg_lambda: 1.0
  subsample: 0.8
  subsample_for_bin: 200000
  subsample_freq: 0
  verbosity: -1

Old params dict (incomplete - only grid search params):
  {'n_estimators': 100, 'learning_rate': 0.1, 'num_leaves': 31, 'max_depth': -1, 'min_child_samples': 5, 'subsample': 0.8, 'bagging_freq': 1, 'colsample_bytree': 0.8, 'reg_alpha': 0.1, 'reg_lambda': 1.0}

New params dict (complete - ALL parameters):
  {'boosting_type': 'gbdt', 'class_weight': None, 'colsample_bytree': 0.8, 'importance_type': 'split', 'learning_rate': 0.1, 'max_depth': -1, 'min_child_samples': 5, 'min_child_weight': 0.001, 'min_split_gain': 0.0, 'n_estimators': 100, 'n_jobs': -1, 'num_leaves': 31, 'objective': None, 'random_state': 42, 'reg_alpha': 0.1, 'reg_lambda': 1.0, 'subsample': 0.8, 'subsample_for_bin': 200000, 'subsample_freq': 0, 'bagging_freq': 1, 'verbosity': -1}
================================================================================

     Full model: R²=0.780, RMSE=2.135
  -> Skipping subset analysis for LightGBM (variable subsets disabled)
[72/266] Testing LightGBM (n_estimators=100, learning_rate=0.1...) + deriv_d1 | Best: R²=0.797, RMSE=1.972

================================================================================
DIAGNOSTIC - LightGBM Training (Results Tab)
================================================================================
ALL LightGBM parameters after training:
  bagging_freq: 1
  boosting_type: gbdt
  class_weight: None
  colsample_bytree: 0.8
  importance_type: split
  learning_rate: 0.1
  max_depth: -1
  min_child_samples: 5
  min_child_weight: 0.001
  min_split_gain: 0.0
  n_estimators: 100
  n_jobs: -1
  num_leaves: 63
  objective: None
  random_state: 42
  reg_alpha: 0.1
  reg_lambda: 1.0
  subsample: 0.8
  subsample_for_bin: 200000
  subsample_freq: 0
  verbosity: -1

Old params dict (incomplete - only grid search params):
  {'n_estimators': 100, 'learning_rate': 0.1, 'num_leaves': 63, 'max_depth': -1, 'min_child_samples': 5, 'subsample': 0.8, 'bagging_freq': 1, 'colsample_bytree': 0.8, 'reg_alpha': 0.1, 'reg_lambda': 1.0}

New params dict (complete - ALL parameters):
  {'boosting_type': 'gbdt', 'class_weight': None, 'colsample_bytree': 0.8, 'importance_type': 'split', 'learning_rate': 0.1, 'max_depth': -1, 'min_child_samples': 5, 'min_child_weight': 0.001, 'min_split_gain': 0.0, 'n_estimators': 100, 'n_jobs': -1, 'num_leaves': 63, 'objective': None, 'random_state': 42, 'reg_alpha': 0.1, 'reg_lambda': 1.0, 'subsample': 0.8, 'subsample_for_bin': 200000, 'subsample_freq': 0, 'bagging_freq': 1, 'verbosity': -1}
================================================================================

     Full model: R²=0.780, RMSE=2.135
  -> Skipping subset analysis for LightGBM (variable subsets disabled)
[73/266] Testing LightGBM (n_estimators=200, learning_rate=0.05...) + deriv_d1 | Best: R²=0.797, RMSE=1.972

================================================================================
DIAGNOSTIC - LightGBM Training (Results Tab)
================================================================================
ALL LightGBM parameters after training:
  bagging_freq: 1
  boosting_type: gbdt
  class_weight: None
  colsample_bytree: 0.8
  importance_type: split
  learning_rate: 0.05
  max_depth: -1
  min_child_samples: 5
  min_child_weight: 0.001
  min_split_gain: 0.0
  n_estimators: 200
  n_jobs: -1
  num_leaves: 31
  objective: None
  random_state: 42
  reg_alpha: 0.1
  reg_lambda: 1.0
  subsample: 0.8
  subsample_for_bin: 200000
  subsample_freq: 0
  verbosity: -1

Old params dict (incomplete - only grid search params):
  {'n_estimators': 200, 'learning_rate': 0.05, 'num_leaves': 31, 'max_depth': -1, 'min_child_samples': 5, 'subsample': 0.8, 'bagging_freq': 1, 'colsample_bytree': 0.8, 'reg_alpha': 0.1, 'reg_lambda': 1.0}

New params dict (complete - ALL parameters):
  {'boosting_type': 'gbdt', 'class_weight': None, 'colsample_bytree': 0.8, 'importance_type': 'split', 'learning_rate': 0.05, 'max_depth': -1, 'min_child_samples': 5, 'min_child_weight': 0.001, 'min_split_gain': 0.0, 'n_estimators': 200, 'n_jobs': -1, 'num_leaves': 31, 'objective': None, 'random_state': 42, 'reg_alpha': 0.1, 'reg_lambda': 1.0, 'subsample': 0.8, 'subsample_for_bin': 200000, 'subsample_freq': 0, 'bagging_freq': 1, 'verbosity': -1}
================================================================================

     Full model: R²=0.789, RMSE=2.099
  -> Skipping subset analysis for LightGBM (variable subsets disabled)
[74/266] Testing LightGBM (n_estimators=200, learning_rate=0.05...) + deriv_d1 | Best: R²=0.797, RMSE=1.972

================================================================================
DIAGNOSTIC - LightGBM Training (Results Tab)
================================================================================
ALL LightGBM parameters after training:
  bagging_freq: 1
  boosting_type: gbdt
  class_weight: None
  colsample_bytree: 0.8
  importance_type: split
  learning_rate: 0.05
  max_depth: -1
  min_child_samples: 5
  min_child_weight: 0.001
  min_split_gain: 0.0
  n_estimators: 200
  n_jobs: -1
  num_leaves: 63
  objective: None
  random_state: 42
  reg_alpha: 0.1
  reg_lambda: 1.0
  subsample: 0.8
  subsample_for_bin: 200000
  subsample_freq: 0
  verbosity: -1

Old params dict (incomplete - only grid search params):
  {'n_estimators': 200, 'learning_rate': 0.05, 'num_leaves': 63, 'max_depth': -1, 'min_child_samples': 5, 'subsample': 0.8, 'bagging_freq': 1, 'colsample_bytree': 0.8, 'reg_alpha': 0.1, 'reg_lambda': 1.0}

New params dict (complete - ALL parameters):
  {'boosting_type': 'gbdt', 'class_weight': None, 'colsample_bytree': 0.8, 'importance_type': 'split', 'learning_rate': 0.05, 'max_depth': -1, 'min_child_samples': 5, 'min_child_weight': 0.001, 'min_split_gain': 0.0, 'n_estimators': 200, 'n_jobs': -1, 'num_leaves': 63, 'objective': None, 'random_state': 42, 'reg_alpha': 0.1, 'reg_lambda': 1.0, 'subsample': 0.8, 'subsample_for_bin': 200000, 'subsample_freq': 0, 'bagging_freq': 1, 'verbosity': -1}
================================================================================

     Full model: R²=0.789, RMSE=2.099
  -> Skipping subset analysis for LightGBM (variable subsets disabled)
[75/266] Testing LightGBM (n_estimators=200, learning_rate=0.1...) + deriv_d1 | Best: R²=0.797, RMSE=1.972

================================================================================
DIAGNOSTIC - LightGBM Training (Results Tab)
================================================================================
ALL LightGBM parameters after training:
  bagging_freq: 1
  boosting_type: gbdt
  class_weight: None
  colsample_bytree: 0.8
  importance_type: split
  learning_rate: 0.1
  max_depth: -1
  min_child_samples: 5
  min_child_weight: 0.001
  min_split_gain: 0.0
  n_estimators: 200
  n_jobs: -1
  num_leaves: 31
  objective: None
  random_state: 42
  reg_alpha: 0.1
  reg_lambda: 1.0
  subsample: 0.8
  subsample_for_bin: 200000
  subsample_freq: 0
  verbosity: -1

Old params dict (incomplete - only grid search params):
  {'n_estimators': 200, 'learning_rate': 0.1, 'num_leaves': 31, 'max_depth': -1, 'min_child_samples': 5, 'subsample': 0.8, 'bagging_freq': 1, 'colsample_bytree': 0.8, 'reg_alpha': 0.1, 'reg_lambda': 1.0}

New params dict (complete - ALL parameters):
  {'boosting_type': 'gbdt', 'class_weight': None, 'colsample_bytree': 0.8, 'importance_type': 'split', 'learning_rate': 0.1, 'max_depth': -1, 'min_child_samples': 5, 'min_child_weight': 0.001, 'min_split_gain': 0.0, 'n_estimators': 200, 'n_jobs': -1, 'num_leaves': 31, 'objective': None, 'random_state': 42, 'reg_alpha': 0.1, 'reg_lambda': 1.0, 'subsample': 0.8, 'subsample_for_bin': 200000, 'subsample_freq': 0, 'bagging_freq': 1, 'verbosity': -1}
================================================================================

     Full model: R²=0.779, RMSE=2.149
  -> Skipping subset analysis for LightGBM (variable subsets disabled)
[76/266] Testing LightGBM (n_estimators=200, learning_rate=0.1...) + deriv_d1 | Best: R²=0.797, RMSE=1.972

================================================================================
DIAGNOSTIC - LightGBM Training (Results Tab)
================================================================================
ALL LightGBM parameters after training:
  bagging_freq: 1
  boosting_type: gbdt
  class_weight: None
  colsample_bytree: 0.8
  importance_type: split
  learning_rate: 0.1
C:\Users\sponheim\AppData\Local\Programs\Python\Python312\Lib\site-packages\sklearn\utils\validation.py:2749: UserWarning: X does not have valid feature names, but LGBMRegressor was fitted with feature names
  warnings.warn(
C:\Users\sponheim\AppData\Local\Programs\Python\Python312\Lib\site-packages\sklearn\utils\validation.py:2749: UserWarning: X does not have valid feature names, but LGBMRegressor was fitted with feature names
  warnings.warn(
C:\Users\sponheim\AppData\Local\Programs\Python\Python312\Lib\site-packages\sklearn\utils\validation.py:2749: UserWarning: X does not have valid feature names, but LGBMRegressor was fitted with feature names
  warnings.warn(
C:\Users\sponheim\AppData\Local\Programs\Python\Python312\Lib\site-packages\sklearn\utils\validation.py:2749: UserWarning: X does not have valid feature names, but LGBMRegressor was fitted with feature names
  warnings.warn(
C:\Users\sponheim\AppData\Local\Programs\Python\Python312\Lib\site-packages\sklearn\utils\validation.py:2749: UserWarning: X does not have valid feature names, but LGBMRegressor was fitted with feature names
  warnings.warn(
C:\Users\sponheim\AppData\Local\Programs\Python\Python312\Lib\site-packages\sklearn\utils\validation.py:2749: UserWarning: X does not have valid feature names, but LGBMRegressor was fitted with feature names
  warnings.warn(
C:\Users\sponheim\AppData\Local\Programs\Python\Python312\Lib\site-packages\sklearn\utils\validation.py:2749: UserWarning: X does not have valid feature names, but LGBMRegressor was fitted with feature names
  warnings.warn(
C:\Users\sponheim\AppData\Local\Programs\Python\Python312\Lib\site-packages\sklearn\utils\validation.py:2749: UserWarning: X does not have valid feature names, but LGBMRegressor was fitted with feature names
  warnings.warn(
C:\Users\sponheim\AppData\Local\Programs\Python\Python312\Lib\site-packages\sklearn\utils\validation.py:2749: UserWarning: X does not have valid feature names, but LGBMRegressor was fitted with feature names
  warnings.warn(
C:\Users\sponheim\AppData\Local\Programs\Python\Python312\Lib\site-packages\sklearn\utils\validation.py:2749: UserWarning: X does not have valid feature names, but LGBMRegressor was fitted with feature names
  warnings.warn(
C:\Users\sponheim\AppData\Local\Programs\Python\Python312\Lib\site-packages\sklearn\utils\validation.py:2749: UserWarning: X does not have valid feature names, but LGBMRegressor was fitted with feature names
  warnings.warn(
C:\Users\sponheim\AppData\Local\Programs\Python\Python312\Lib\site-packages\sklearn\utils\validation.py:2749: UserWarning: X does not have valid feature names, but LGBMRegressor was fitted with feature names
  warnings.warn(
C:\Users\sponheim\AppData\Local\Programs\Python\Python312\Lib\site-packages\sklearn\utils\validation.py:2749: UserWarning: X does not have valid feature names, but LGBMRegressor was fitted with feature names
  warnings.warn(
C:\Users\sponheim\AppData\Local\Programs\Python\Python312\Lib\site-packages\sklearn\utils\validation.py:2749: UserWarning: X does not have valid feature names, but LGBMRegressor was fitted with feature names
  warnings.warn(
C:\Users\sponheim\AppData\Local\Programs\Python\Python312\Lib\site-packages\sklearn\utils\validation.py:2749: UserWarning: X does not have valid feature names, but LGBMRegressor was fitted with feature names
  warnings.warn(
  max_depth: -1
  min_child_samples: 5
  min_child_weight: 0.001
  min_split_gain: 0.0
  n_estimators: 200
  n_jobs: -1
  num_leaves: 63
  objective: None
  random_state: 42
  reg_alpha: 0.1
  reg_lambda: 1.0
  subsample: 0.8
  subsample_for_bin: 200000
  subsample_freq: 0
  verbosity: -1

Old params dict (incomplete - only grid search params):
  {'n_estimators': 200, 'learning_rate': 0.1, 'num_leaves': 63, 'max_depth': -1, 'min_child_samples': 5, 'subsample': 0.8, 'bagging_freq': 1, 'colsample_bytree': 0.8, 'reg_alpha': 0.1, 'reg_lambda': 1.0}

New params dict (complete - ALL parameters):
  {'boosting_type': 'gbdt', 'class_weight': None, 'colsample_bytree': 0.8, 'importance_type': 'split', 'learning_rate': 0.1, 'max_depth': -1, 'min_child_samples': 5, 'min_child_weight': 0.001, 'min_split_gain': 0.0, 'n_estimators': 200, 'n_jobs': -1, 'num_leaves': 63, 'objective': None, 'random_state': 42, 'reg_alpha': 0.1, 'reg_lambda': 1.0, 'subsample': 0.8, 'subsample_for_bin': 200000, 'subsample_freq': 0, 'bagging_freq': 1, 'verbosity': -1}
================================================================================

     Full model: R²=0.779, RMSE=2.149
  -> Skipping subset analysis for LightGBM (variable subsets disabled)
[77/266] Testing PLS (n_components=2, max_iter=500...) + snv_deriv_d1 | Best: R²=0.797, RMSE=1.972

================================================================================
DIAGNOSTIC - PLS Training (Results Tab)
================================================================================
ALL PLS parameters after training:
  copy: True
  max_iter: 500
  n_components: 2
  scale: False
  tol: 1e-06

Old params dict (incomplete - only grid search params):
  {'n_components': 2, 'max_iter': 500, 'tol': 1e-06}

New params dict (complete - ALL parameters):
  {'copy': True, 'max_iter': 500, 'n_components': 2, 'scale': False, 'tol': 1e-06}
================================================================================

     Full model: R²=0.439, RMSE=3.295
  -> Skipping subset analysis for PLS (variable subsets disabled)
[78/266] Testing PLS (n_components=3, max_iter=500...) + snv_deriv_d1 | Best: R²=0.797, RMSE=1.972

================================================================================
DIAGNOSTIC - PLS Training (Results Tab)
================================================================================
ALL PLS parameters after training:
  copy: True
  max_iter: 500
  n_components: 3
  scale: False
  tol: 1e-06

Old params dict (incomplete - only grid search params):
  {'n_components': 3, 'max_iter': 500, 'tol': 1e-06}

New params dict (complete - ALL parameters):
  {'copy': True, 'max_iter': 500, 'n_components': 3, 'scale': False, 'tol': 1e-06}
================================================================================

     Full model: R²=0.623, RMSE=2.853
  -> Skipping subset analysis for PLS (variable subsets disabled)
[79/266] Testing PLS (n_components=4, max_iter=500...) + snv_deriv_d1 | Best: R²=0.797, RMSE=1.972

================================================================================
DIAGNOSTIC - PLS Training (Results Tab)
================================================================================
ALL PLS parameters after training:
  copy: True
  max_iter: 500
  n_components: 4
  scale: False
  tol: 1e-06

Old params dict (incomplete - only grid search params):
  {'n_components': 4, 'max_iter': 500, 'tol': 1e-06}

New params dict (complete - ALL parameters):
  {'copy': True, 'max_iter': 500, 'n_components': 4, 'scale': False, 'tol': 1e-06}
================================================================================

     Full model: R²=0.549, RMSE=2.928
  -> Skipping subset analysis for PLS (variable subsets disabled)
[80/266] Testing PLS (n_components=5, max_iter=500...) + snv_deriv_d1 | Best: R²=0.797, RMSE=1.972

================================================================================
DIAGNOSTIC - PLS Training (Results Tab)
================================================================================
ALL PLS parameters after training:
  copy: True
  max_iter: 500
  n_components: 5
  scale: False
  tol: 1e-06

Old params dict (incomplete - only grid search params):
  {'n_components': 5, 'max_iter': 500, 'tol': 1e-06}

New params dict (complete - ALL parameters):
  {'copy': True, 'max_iter': 500, 'n_components': 5, 'scale': False, 'tol': 1e-06}
================================================================================

     Full model: R²=0.612, RMSE=2.562
  -> Skipping subset analysis for PLS (variable subsets disabled)
[81/266] Testing PLS (n_components=6, max_iter=500...) + snv_deriv_d1 | Best: R²=0.797, RMSE=1.972

================================================================================
DIAGNOSTIC - PLS Training (Results Tab)
================================================================================
ALL PLS parameters after training:
  copy: True
  max_iter: 500
  n_components: 6
  scale: False
  tol: 1e-06

Old params dict (incomplete - only grid search params):
  {'n_components': 6, 'max_iter': 500, 'tol': 1e-06}

New params dict (complete - ALL parameters):
  {'copy': True, 'max_iter': 500, 'n_components': 6, 'scale': False, 'tol': 1e-06}
================================================================================

     Full model: R²=0.665, RMSE=2.420
  -> Skipping subset analysis for PLS (variable subsets disabled)
[82/266] Testing PLS (n_components=7, max_iter=500...) + snv_deriv_d1 | Best: R²=0.797, RMSE=1.972

================================================================================
DIAGNOSTIC - PLS Training (Results Tab)
================================================================================
ALL PLS parameters after training:
  copy: True
  max_iter: 500
  n_components: 7
  scale: False
  tol: 1e-06

Old params dict (incomplete - only grid search params):
  {'n_components': 7, 'max_iter': 500, 'tol': 1e-06}

New params dict (complete - ALL parameters):
  {'copy': True, 'max_iter': 500, 'n_components': 7, 'scale': False, 'tol': 1e-06}
================================================================================

     Full model: R²=0.675, RMSE=2.505
  -> Skipping subset analysis for PLS (variable subsets disabled)
[83/266] Testing Ridge (alpha=0.001, solver=auto...) + snv_deriv_d1 | Best: R²=0.797, RMSE=1.972

================================================================================
DIAGNOSTIC - Ridge Training (Results Tab)
================================================================================
ALL Ridge parameters after training:
  alpha: 0.001
  copy_X: True
  fit_intercept: True
  max_iter: None
  positive: False
  random_state: 42
  solver: auto
  tol: 0.0001

Old params dict (incomplete - only grid search params):
  {'alpha': 0.001, 'solver': 'auto', 'tol': 0.0001}

New params dict (complete - ALL parameters):
  {'alpha': 0.001, 'copy_X': True, 'fit_intercept': True, 'max_iter': None, 'positive': False, 'random_state': 42, 'solver': 'auto', 'tol': 0.0001}
================================================================================

     Full model: R²=0.661, RMSE=2.399
  -> Skipping subset analysis for Ridge (variable subsets disabled)
[84/266] Testing Ridge (alpha=0.01, solver=auto...) + snv_deriv_d1 | Best: R²=0.797, RMSE=1.972

================================================================================
DIAGNOSTIC - Ridge Training (Results Tab)
================================================================================
ALL Ridge parameters after training:
  alpha: 0.01
  copy_X: True
  fit_intercept: True
  max_iter: None
  positive: False
  random_state: 42
  solver: auto
  tol: 0.0001

Old params dict (incomplete - only grid search params):
  {'alpha': 0.01, 'solver': 'auto', 'tol': 0.0001}

New params dict (complete - ALL parameters):
  {'alpha': 0.01, 'copy_X': True, 'fit_intercept': True, 'max_iter': None, 'positive': False, 'random_state': 42, 'solver': 'auto', 'tol': 0.0001}
C:\Users\sponheim\AppData\Local\Programs\Python\Python312\Lib\site-packages\sklearn\utils\validation.py:2749: UserWarning: X does not have valid feature names, but LGBMRegressor was fitted with feature names
  warnings.warn(
C:\Users\sponheim\AppData\Local\Programs\Python\Python312\Lib\site-packages\sklearn\utils\validation.py:2749: UserWarning: X does not have valid feature names, but LGBMRegressor was fitted with feature names
  warnings.warn(
C:\Users\sponheim\AppData\Local\Programs\Python\Python312\Lib\site-packages\sklearn\utils\validation.py:2749: UserWarning: X does not have valid feature names, but LGBMRegressor was fitted with feature names
  warnings.warn(
C:\Users\sponheim\AppData\Local\Programs\Python\Python312\Lib\site-packages\sklearn\utils\validation.py:2749: UserWarning: X does not have valid feature names, but LGBMRegressor was fitted with feature names
  warnings.warn(
C:\Users\sponheim\AppData\Local\Programs\Python\Python312\Lib\site-packages\sklearn\utils\validation.py:2749: UserWarning: X does not have valid feature names, but LGBMRegressor was fitted with feature names
  warnings.warn(
C:\Users\sponheim\AppData\Local\Programs\Python\Python312\Lib\site-packages\sklearn\utils\validation.py:2749: UserWarning: X does not have valid feature names, but LGBMRegressor was fitted with feature names
  warnings.warn(
C:\Users\sponheim\AppData\Local\Programs\Python\Python312\Lib\site-packages\sklearn\utils\validation.py:2749: UserWarning: X does not have valid feature names, but LGBMRegressor was fitted with feature names
  warnings.warn(
C:\Users\sponheim\AppData\Local\Programs\Python\Python312\Lib\site-packages\sklearn\utils\validation.py:2749: UserWarning: X does not have valid feature names, but LGBMRegressor was fitted with feature names
  warnings.warn(
C:\Users\sponheim\AppData\Local\Programs\Python\Python312\Lib\site-packages\sklearn\utils\validation.py:2749: UserWarning: X does not have valid feature names, but LGBMRegressor was fitted with feature names
  warnings.warn(
C:\Users\sponheim\AppData\Local\Programs\Python\Python312\Lib\site-packages\sklearn\utils\validation.py:2749: UserWarning: X does not have valid feature names, but LGBMRegressor was fitted with feature names
  warnings.warn(
C:\Users\sponheim\AppData\Local\Programs\Python\Python312\Lib\site-packages\sklearn\utils\validation.py:2749: UserWarning: X does not have valid feature names, but LGBMRegressor was fitted with feature names
  warnings.warn(
C:\Users\sponheim\AppData\Local\Programs\Python\Python312\Lib\site-packages\sklearn\utils\validation.py:2749: UserWarning: X does not have valid feature names, but LGBMRegressor was fitted with feature names
  warnings.warn(
C:\Users\sponheim\AppData\Local\Programs\Python\Python312\Lib\site-packages\sklearn\utils\validation.py:2749: UserWarning: X does not have valid feature names, but LGBMRegressor was fitted with feature names
  warnings.warn(
C:\Users\sponheim\AppData\Local\Programs\Python\Python312\Lib\site-packages\sklearn\utils\validation.py:2749: UserWarning: X does not have valid feature names, but LGBMRegressor was fitted with feature names
  warnings.warn(
C:\Users\sponheim\AppData\Local\Programs\Python\Python312\Lib\site-packages\sklearn\utils\validation.py:2749: UserWarning: X does not have valid feature names, but LGBMRegressor was fitted with feature names
  warnings.warn(
C:\Users\sponheim\AppData\Local\Programs\Python\Python312\Lib\site-packages\sklearn\utils\validation.py:2749: UserWarning: X does not have valid feature names, but LGBMRegressor was fitted with feature names
  warnings.warn(
C:\Users\sponheim\AppData\Local\Programs\Python\Python312\Lib\site-packages\sklearn\utils\validation.py:2749: UserWarning: X does not have valid feature names, but LGBMRegressor was fitted with feature names
  warnings.warn(
C:\Users\sponheim\AppData\Local\Programs\Python\Python312\Lib\site-packages\sklearn\utils\validation.py:2749: UserWarning: X does not have valid feature names, but LGBMRegressor was fitted with feature names
  warnings.warn(
C:\Users\sponheim\AppData\Local\Programs\Python\Python312\Lib\site-packages\sklearn\utils\validation.py:2749: UserWarning: X does not have valid feature names, but LGBMRegressor was fitted with feature names
  warnings.warn(
C:\Users\sponheim\AppData\Local\Programs\Python\Python312\Lib\site-packages\sklearn\utils\validation.py:2749: UserWarning: X does not have valid feature names, but LGBMRegressor was fitted with feature names
  warnings.warn(
C:\Users\sponheim\AppData\Local\Programs\Python\Python312\Lib\site-packages\sklearn\utils\validation.py:2749: UserWarning: X does not have valid feature names, but LGBMRegressor was fitted with feature names
  warnings.warn(
C:\Users\sponheim\AppData\Local\Programs\Python\Python312\Lib\site-packages\sklearn\utils\validation.py:2749: UserWarning: X does not have valid feature names, but LGBMRegressor was fitted with feature names
  warnings.warn(
C:\Users\sponheim\AppData\Local\Programs\Python\Python312\Lib\site-packages\sklearn\utils\validation.py:2749: UserWarning: X does not have valid feature names, but LGBMRegressor was fitted with feature names
  warnings.warn(
C:\Users\sponheim\AppData\Local\Programs\Python\Python312\Lib\site-packages\sklearn\utils\validation.py:2749: UserWarning: X does not have valid feature names, but LGBMRegressor was fitted with feature names
  warnings.warn(
C:\Users\sponheim\AppData\Local\Programs\Python\Python312\Lib\site-packages\sklearn\utils\validation.py:2749: UserWarning: X does not have valid feature names, but LGBMRegressor was fitted with feature names
  warnings.warn(
================================================================================

     Full model: R²=0.547, RMSE=3.106
  -> Skipping subset analysis for Ridge (variable subsets disabled)
[85/266] Testing Ridge (alpha=0.1, solver=auto...) + snv_deriv_d1 | Best: R²=0.797, RMSE=1.972

================================================================================
DIAGNOSTIC - Ridge Training (Results Tab)
================================================================================
ALL Ridge parameters after training:
  alpha: 0.1
  copy_X: True
  fit_intercept: True
  max_iter: None
  positive: False
  random_state: 42
  solver: auto
  tol: 0.0001

Old params dict (incomplete - only grid search params):
  {'alpha': 0.1, 'solver': 'auto', 'tol': 0.0001}

New params dict (complete - ALL parameters):
  {'alpha': 0.1, 'copy_X': True, 'fit_intercept': True, 'max_iter': None, 'positive': False, 'random_state': 42, 'solver': 'auto', 'tol': 0.0001}
================================================================================

     Full model: R²=0.119, RMSE=4.934
  -> Skipping subset analysis for Ridge (variable subsets disabled)
[86/266] Testing Ridge (alpha=1.0, solver=auto...) + snv_deriv_d1 | Best: R²=0.797, RMSE=1.972

================================================================================
DIAGNOSTIC - Ridge Training (Results Tab)
================================================================================
ALL Ridge parameters after training:
  alpha: 1.0
  copy_X: True
  fit_intercept: True
  max_iter: None
  positive: False
  random_state: 42
  solver: auto
  tol: 0.0001

Old params dict (incomplete - only grid search params):
  {'alpha': 1.0, 'solver': 'auto', 'tol': 0.0001}

New params dict (complete - ALL parameters):
  {'alpha': 1.0, 'copy_X': True, 'fit_intercept': True, 'max_iter': None, 'positive': False, 'random_state': 42, 'solver': 'auto', 'tol': 0.0001}
================================================================================

     Full model: R²=-0.529, RMSE=6.608
  -> Skipping subset analysis for Ridge (variable subsets disabled)
[87/266] Testing Ridge (alpha=10.0, solver=auto...) + snv_deriv_d1 | Best: R²=0.797, RMSE=1.972

================================================================================
DIAGNOSTIC - Ridge Training (Results Tab)
================================================================================
ALL Ridge parameters after training:
  alpha: 10.0
  copy_X: True
  fit_intercept: True
  max_iter: None
  positive: False
  random_state: 42
  solver: auto
  tol: 0.0001

Old params dict (incomplete - only grid search params):
  {'alpha': 10.0, 'solver': 'auto', 'tol': 0.0001}

New params dict (complete - ALL parameters):
  {'alpha': 10.0, 'copy_X': True, 'fit_intercept': True, 'max_iter': None, 'positive': False, 'random_state': 42, 'solver': 'auto', 'tol': 0.0001}
================================================================================

     Full model: R²=-0.682, RMSE=6.928
  -> Skipping subset analysis for Ridge (variable subsets disabled)
[88/266] Testing LightGBM (n_estimators=100, learning_rate=0.05...) + snv_deriv_d1 | Best: R²=0.797, RMSE=1.972

================================================================================
DIAGNOSTIC - LightGBM Training (Results Tab)
================================================================================
ALL LightGBM parameters after training:
  bagging_freq: 1
  boosting_type: gbdt
  class_weight: None
  colsample_bytree: 0.8
  importance_type: split
  learning_rate: 0.05
  max_depth: -1
  min_child_samples: 5
  min_child_weight: 0.001
  min_split_gain: 0.0
  n_estimators: 100
  n_jobs: -1
  num_leaves: 31
  objective: None
  random_state: 42
  reg_alpha: 0.1
  reg_lambda: 1.0
  subsample: 0.8
  subsample_for_bin: 200000
  subsample_freq: 0
  verbosity: -1

Old params dict (incomplete - only grid search params):
  {'n_estimators': 100, 'learning_rate': 0.05, 'num_leaves': 31, 'max_depth': -1, 'min_child_samples': 5, 'subsample': 0.8, 'bagging_freq': 1, 'colsample_bytree': 0.8, 'reg_alpha': 0.1, 'reg_lambda': 1.0}

New params dict (complete - ALL parameters):
  {'boosting_type': 'gbdt', 'class_weight': None, 'colsample_bytree': 0.8, 'importance_type': 'split', 'learning_rate': 0.05, 'max_depth': -1, 'min_child_samples': 5, 'min_child_weight': 0.001, 'min_split_gain': 0.0, 'n_estimators': 100, 'n_jobs': -1, 'num_leaves': 31, 'objective': None, 'random_state': 42, 'reg_alpha': 0.1, 'reg_lambda': 1.0, 'subsample': 0.8, 'subsample_for_bin': 200000, 'subsample_freq': 0, 'bagging_freq': 1, 'verbosity': -1}
================================================================================

     Full model: R²=0.838, RMSE=2.009
  -> Skipping subset analysis for LightGBM (variable subsets disabled)
[89/266] Testing LightGBM (n_estimators=100, learning_rate=0.05...) + snv_deriv_d1 | Best: R²=0.797, RMSE=1.972

================================================================================
DIAGNOSTIC - LightGBM Training (Results Tab)
================================================================================
ALL LightGBM parameters after training:
  bagging_freq: 1
  boosting_type: gbdt
  class_weight: None
  colsample_bytree: 0.8
  importance_type: split
  learning_rate: 0.05
  max_depth: -1
  min_child_samples: 5
  min_child_weight: 0.001
  min_split_gain: 0.0
  n_estimators: 100
  n_jobs: -1
  num_leaves: 63
  objective: None
  random_state: 42
  reg_alpha: 0.1
  reg_lambda: 1.0
  subsample: 0.8
  subsample_for_bin: 200000
  subsample_freq: 0
  verbosity: -1

Old params dict (incomplete - only grid search params):
  {'n_estimators': 100, 'learning_rate': 0.05, 'num_leaves': 63, 'max_depth': -1, 'min_child_samples': 5, 'subsample': 0.8, 'bagging_freq': 1, 'colsample_bytree': 0.8, 'reg_alpha': 0.1, 'reg_lambda': 1.0}

New params dict (complete - ALL parameters):
  {'boosting_type': 'gbdt', 'class_weight': None, 'colsample_bytree': 0.8, 'importance_type': 'split', 'learning_rate': 0.05, 'max_depth': -1, 'min_child_samples': 5, 'min_child_weight': 0.001, 'min_split_gain': 0.0, 'n_estimators': 100, 'n_jobs': -1, 'num_leaves': 63, 'objective': None, 'random_state': 42, 'reg_alpha': 0.1, 'reg_lambda': 1.0, 'subsample': 0.8, 'subsample_for_bin': 200000, 'subsample_freq': 0, 'bagging_freq': 1, 'verbosity': -1}
================================================================================

     Full model: R²=0.838, RMSE=2.009
  -> Skipping subset analysis for LightGBM (variable subsets disabled)
[90/266] Testing LightGBM (n_estimators=100, learning_rate=0.1...) + snv_deriv_d1 | Best: R²=0.797, RMSE=1.972

================================================================================
DIAGNOSTIC - LightGBM Training (Results Tab)
================================================================================
ALL LightGBM parameters after training:
  bagging_freq: 1
  boosting_type: gbdt
  class_weight: None
  colsample_bytree: 0.8
  importance_type: split
  learning_rate: 0.1
  max_depth: -1
  min_child_samples: 5
  min_child_weight: 0.001
  min_split_gain: 0.0
  n_estimators: 100
  n_jobs: -1
  num_leaves: 31
  objective: None
  random_state: 42
  reg_alpha: 0.1
  reg_lambda: 1.0
  subsample: 0.8
  subsample_for_bin: 200000
  subsample_freq: 0
  verbosity: -1

Old params dict (incomplete - only grid search params):
  {'n_estimators': 100, 'learning_rate': 0.1, 'num_leaves': 31, 'max_depth': -1, 'min_child_samples': 5, 'subsample': 0.8, 'bagging_freq': 1, 'colsample_bytree': 0.8, 'reg_alpha': 0.1, 'reg_lambda': 1.0}

New params dict (complete - ALL parameters):
  {'boosting_type': 'gbdt', 'class_weight': None, 'colsample_bytree': 0.8, 'importance_type': 'split', 'learning_rate': 0.1, 'max_depth': -1, 'min_child_samples': 5, 'min_child_weight': 0.001, 'min_split_gain': 0.0, 'n_estimators': 100, 'n_jobs': -1, 'num_leaves': 31, 'objective': None, 'random_state': 42, 'reg_alpha': 0.1, 'reg_lambda': 1.0, 'subsample': 0.8, 'subsample_for_bin': 200000, 'subsample_freq': 0, 'bagging_freq': 1, 'verbosity': -1}
================================================================================

     Full model: R²=0.842, RMSE=1.851
  -> Skipping subset analysis for LightGBM (variable subsets disabled)
[91/266] Testing LightGBM (n_estimators=100, learning_rate=0.1...) + snv_deriv_d1 | Best: R²=0.842, RMSE=1.851

================================================================================
DIAGNOSTIC - LightGBM Training (Results Tab)
================================================================================
ALL LightGBM parameters after training:
  bagging_freq: 1
  boosting_type: gbdt
  class_weight: None
  colsample_bytree: 0.8
  importance_type: split
  learning_rate: 0.1
  max_depth: -1
  min_child_samples: 5
  min_child_weight: 0.001
  min_split_gain: 0.0
  n_estimators: 100
  n_jobs: -1
  num_leaves: 63
  objective: None
  random_state: 42
  reg_alpha: 0.1
  reg_lambda: 1.0
  subsample: 0.8
  subsample_for_bin: 200000
  subsample_freq: 0
  verbosity: -1

Old params dict (incomplete - only grid search params):
  {'n_estimators': 100, 'learning_rate': 0.1, 'num_leaves': 63, 'max_depth': -1, 'min_child_samples': 5, 'subsample': 0.8, 'bagging_freq': 1, 'colsample_bytree': 0.8, 'reg_alpha': 0.1, 'reg_lambda': 1.0}

New params dict (complete - ALL parameters):
  {'boosting_type': 'gbdt', 'class_weight': None, 'colsample_bytree': 0.8, 'importance_type': 'split', 'learning_rate': 0.1, 'max_depth': -1, 'min_child_samples': 5, 'min_child_weight': 0.001, 'min_split_gain': 0.0, 'n_estimators': 100, 'n_jobs': -1, 'num_leaves': 63, 'objective': None, 'random_state': 42, 'reg_alpha': 0.1, 'reg_lambda': 1.0, 'subsample': 0.8, 'subsample_for_bin': 200000, 'subsample_freq': 0, 'bagging_freq': 1, 'verbosity': -1}
================================================================================

     Full model: R²=0.842, RMSE=1.851
  -> Skipping subset analysis for LightGBM (variable subsets disabled)
[92/266] Testing LightGBM (n_estimators=200, learning_rate=0.05...) + snv_deriv_d1 | Best: R²=0.842, RMSE=1.851

================================================================================
DIAGNOSTIC - LightGBM Training (Results Tab)
================================================================================
ALL LightGBM parameters after training:
  bagging_freq: 1
  boosting_type: gbdt
  class_weight: None
  colsample_bytree: 0.8
  importance_type: split
  learning_rate: 0.05
  max_depth: -1
  min_child_samples: 5
  min_child_weight: 0.001
  min_split_gain: 0.0
  n_estimators: 200
  n_jobs: -1
  num_leaves: 31
  objective: None
  random_state: 42
  reg_alpha: 0.1
  reg_lambda: 1.0
  subsample: 0.8
  subsample_for_bin: 200000
  subsample_freq: 0
  verbosity: -1

Old params dict (incomplete - only grid search params):
  {'n_estimators': 200, 'learning_rate': 0.05, 'num_leaves': 31, 'max_depth': -1, 'min_child_samples': 5, 'subsample': 0.8, 'bagging_freq': 1, 'colsample_bytree': 0.8, 'reg_alpha': 0.1, 'reg_lambda': 1.0}

New params dict (complete - ALL parameters):
  {'boosting_type': 'gbdt', 'class_weight': None, 'colsample_bytree': 0.8, 'importance_type': 'split', 'learning_rate': 0.05, 'max_depth': -1, 'min_child_samples': 5, 'min_child_weight': 0.001, 'min_split_gain': 0.0, 'n_estimators': 200, 'n_jobs': -1, 'num_leaves': 31, 'objective': None, 'random_state': 42, 'reg_alpha': 0.1, 'reg_lambda': 1.0, 'subsample': 0.8, 'subsample_for_bin': 200000, 'subsample_freq': 0, 'bagging_freq': 1, 'verbosity': -1}
================================================================================

     Full model: R²=0.846, RMSE=1.961
  -> Skipping subset analysis for LightGBM (variable subsets disabled)
[93/266] Testing LightGBM (n_estimators=200, learning_rate=0.05...) + snv_deriv_d1 | Best: R²=0.842, RMSE=1.851

================================================================================
DIAGNOSTIC - LightGBM Training (Results Tab)
================================================================================
ALL LightGBM parameters after training:
  bagging_freq: 1
  boosting_type: gbdt
  class_weight: None
  colsample_bytree: 0.8
  importance_type: split
  learning_rate: 0.05
  max_depth: -1
  min_child_samples: 5
  min_child_weight: 0.001
  min_split_gain: 0.0
  n_estimators: 200
  n_jobs: -1
  num_leaves: 63
  objective: None
  random_state: 42
  reg_alpha: 0.1
  reg_lambda: 1.0
  subsample: 0.8
  subsample_for_bin: 200000
  subsample_freq: 0
  verbosity: -1

Old params dict (incomplete - only grid search params):
  {'n_estimators': 200, 'learning_rate': 0.05, 'num_leaves': 63, 'max_depth': -1, 'min_child_samples': 5, 'subsample': 0.8, 'bagging_freq': 1, 'colsample_bytree': 0.8, 'reg_alpha': 0.1, 'reg_lambda': 1.0}

New params dict (complete - ALL parameters):
  {'boosting_type': 'gbdt', 'class_weight': None, 'colsample_bytree': 0.8, 'importance_type': 'split', 'learning_rate': 0.05, 'max_depth': -1, 'min_child_samples': 5, 'min_child_weight': 0.001, 'min_split_gain': 0.0, 'n_estimators': 200, 'n_jobs': -1, 'num_leaves': 63, 'objective': None, 'random_state': 42, 'reg_alpha': 0.1, 'reg_lambda': 1.0, 'subsample': 0.8, 'subsample_for_bin': 200000, 'subsample_freq': 0, 'bagging_freq': 1, 'verbosity': -1}
================================================================================

     Full model: R²=0.846, RMSE=1.961
  -> Skipping subset analysis for LightGBM (variable subsets disabled)
[94/266] Testing LightGBM (n_estimators=200, learning_rate=0.1...) + snv_deriv_d1 | Best: R²=0.842, RMSE=1.851

================================================================================
DIAGNOSTIC - LightGBM Training (Results Tab)
================================================================================
ALL LightGBM parameters after training:
  bagging_freq: 1
  boosting_type: gbdt
  class_weight: None
  colsample_bytree: 0.8
  importance_type: split
  learning_rate: 0.1
  max_depth: -1
  min_child_samples: 5
  min_child_weight: 0.001
  min_split_gain: 0.0
  n_estimators: 200
  n_jobs: -1
  num_leaves: 31
  objective: None
  random_state: 42
  reg_alpha: 0.1
  reg_lambda: 1.0
  subsample: 0.8
  subsample_for_bin: 200000
  subsample_freq: 0
  verbosity: -1

Old params dict (incomplete - only grid search params):
  {'n_estimators': 200, 'learning_rate': 0.1, 'num_leaves': 31, 'max_depth': -1, 'min_child_samples': 5, 'subsample': 0.8, 'bagging_freq': 1, 'colsample_bytree': 0.8, 'reg_alpha': 0.1, 'reg_lambda': 1.0}

New params dict (complete - ALL parameters):
  {'boosting_type': 'gbdt', 'class_weight': None, 'colsample_bytree': 0.8, 'importance_type': 'split', 'learning_rate': 0.1, 'max_depth': -1, 'min_child_samples': 5, 'min_child_weight': 0.001, 'min_split_gain': 0.0, 'n_estimators': 200, 'n_jobs': -1, 'num_leaves': 31, 'objective': None, 'random_state': 42, 'reg_alpha': 0.1, 'reg_lambda': 1.0, 'subsample': 0.8, 'subsample_for_bin': 200000, 'subsample_freq': 0, 'bagging_freq': 1, 'verbosity': -1}
================================================================================

     Full model: R²=0.843, RMSE=1.845
  -> Skipping subset analysis for LightGBM (variable subsets disabled)
[95/266] Testing LightGBM (n_estimators=200, learning_rate=0.1...) + snv_deriv_d1 | Best: R²=0.843, RMSE=1.845

================================================================================
DIAGNOSTIC - LightGBM Training (Results Tab)
================================================================================
ALL LightGBM parameters after training:
  bagging_freq: 1
  boosting_type: gbdt
  class_weight: None
  colsample_bytree: 0.8
  importance_type: split
C:\Users\sponheim\AppData\Local\Programs\Python\Python312\Lib\site-packages\sklearn\utils\validation.py:2749: UserWarning: X does not have valid feature names, but LGBMRegressor was fitted with feature names
  warnings.warn(
C:\Users\sponheim\AppData\Local\Programs\Python\Python312\Lib\site-packages\sklearn\utils\validation.py:2749: UserWarning: X does not have valid feature names, but LGBMRegressor was fitted with feature names
  warnings.warn(
C:\Users\sponheim\AppData\Local\Programs\Python\Python312\Lib\site-packages\sklearn\utils\validation.py:2749: UserWarning: X does not have valid feature names, but LGBMRegressor was fitted with feature names
  warnings.warn(
C:\Users\sponheim\AppData\Local\Programs\Python\Python312\Lib\site-packages\sklearn\utils\validation.py:2749: UserWarning: X does not have valid feature names, but LGBMRegressor was fitted with feature names
  warnings.warn(
C:\Users\sponheim\AppData\Local\Programs\Python\Python312\Lib\site-packages\sklearn\utils\validation.py:2749: UserWarning: X does not have valid feature names, but LGBMRegressor was fitted with feature names
  warnings.warn(
C:\Users\sponheim\AppData\Local\Programs\Python\Python312\Lib\site-packages\sklearn\utils\validation.py:2749: UserWarning: X does not have valid feature names, but LGBMRegressor was fitted with feature names
  warnings.warn(
C:\Users\sponheim\AppData\Local\Programs\Python\Python312\Lib\site-packages\sklearn\utils\validation.py:2749: UserWarning: X does not have valid feature names, but LGBMRegressor was fitted with feature names
  warnings.warn(
C:\Users\sponheim\AppData\Local\Programs\Python\Python312\Lib\site-packages\sklearn\utils\validation.py:2749: UserWarning: X does not have valid feature names, but LGBMRegressor was fitted with feature names
  warnings.warn(
C:\Users\sponheim\AppData\Local\Programs\Python\Python312\Lib\site-packages\sklearn\utils\validation.py:2749: UserWarning: X does not have valid feature names, but LGBMRegressor was fitted with feature names
  warnings.warn(
C:\Users\sponheim\AppData\Local\Programs\Python\Python312\Lib\site-packages\sklearn\utils\validation.py:2749: UserWarning: X does not have valid feature names, but LGBMRegressor was fitted with feature names
  warnings.warn(
C:\Users\sponheim\AppData\Local\Programs\Python\Python312\Lib\site-packages\sklearn\utils\validation.py:2749: UserWarning: X does not have valid feature names, but LGBMRegressor was fitted with feature names
  warnings.warn(
C:\Users\sponheim\AppData\Local\Programs\Python\Python312\Lib\site-packages\sklearn\utils\validation.py:2749: UserWarning: X does not have valid feature names, but LGBMRegressor was fitted with feature names
  warnings.warn(
C:\Users\sponheim\AppData\Local\Programs\Python\Python312\Lib\site-packages\sklearn\utils\validation.py:2749: UserWarning: X does not have valid feature names, but LGBMRegressor was fitted with feature names
  warnings.warn(
C:\Users\sponheim\AppData\Local\Programs\Python\Python312\Lib\site-packages\sklearn\utils\validation.py:2749: UserWarning: X does not have valid feature names, but LGBMRegressor was fitted with feature names
  warnings.warn(
C:\Users\sponheim\AppData\Local\Programs\Python\Python312\Lib\site-packages\sklearn\utils\validation.py:2749: UserWarning: X does not have valid feature names, but LGBMRegressor was fitted with feature names
  warnings.warn(
  learning_rate: 0.1
  max_depth: -1
  min_child_samples: 5
  min_child_weight: 0.001
  min_split_gain: 0.0
  n_estimators: 200
  n_jobs: -1
  num_leaves: 63
  objective: None
  random_state: 42
  reg_alpha: 0.1
  reg_lambda: 1.0
  subsample: 0.8
  subsample_for_bin: 200000
  subsample_freq: 0
  verbosity: -1

Old params dict (incomplete - only grid search params):
  {'n_estimators': 200, 'learning_rate': 0.1, 'num_leaves': 63, 'max_depth': -1, 'min_child_samples': 5, 'subsample': 0.8, 'bagging_freq': 1, 'colsample_bytree': 0.8, 'reg_alpha': 0.1, 'reg_lambda': 1.0}

New params dict (complete - ALL parameters):
  {'boosting_type': 'gbdt', 'class_weight': None, 'colsample_bytree': 0.8, 'importance_type': 'split', 'learning_rate': 0.1, 'max_depth': -1, 'min_child_samples': 5, 'min_child_weight': 0.001, 'min_split_gain': 0.0, 'n_estimators': 200, 'n_jobs': -1, 'num_leaves': 63, 'objective': None, 'random_state': 42, 'reg_alpha': 0.1, 'reg_lambda': 1.0, 'subsample': 0.8, 'subsample_for_bin': 200000, 'subsample_freq': 0, 'bagging_freq': 1, 'verbosity': -1}
================================================================================

     Full model: R²=0.843, RMSE=1.845
  -> Skipping subset analysis for LightGBM (variable subsets disabled)
[96/266] Testing PLS (n_components=2, max_iter=500...) + snv_deriv_d1 | Best: R²=0.843, RMSE=1.845

================================================================================
DIAGNOSTIC - PLS Training (Results Tab)
================================================================================
ALL PLS parameters after training:
  copy: True
  max_iter: 500
  n_components: 2
  scale: False
  tol: 1e-06

Old params dict (incomplete - only grid search params):
  {'n_components': 2, 'max_iter': 500, 'tol': 1e-06}

New params dict (complete - ALL parameters):
  {'copy': True, 'max_iter': 500, 'n_components': 2, 'scale': False, 'tol': 1e-06}
================================================================================

     Full model: R²=0.419, RMSE=3.302
  -> Skipping subset analysis for PLS (variable subsets disabled)
[97/266] Testing PLS (n_components=3, max_iter=500...) + snv_deriv_d1 | Best: R²=0.843, RMSE=1.845

================================================================================
DIAGNOSTIC - PLS Training (Results Tab)
================================================================================
ALL PLS parameters after training:
  copy: True
  max_iter: 500
  n_components: 3
  scale: False
  tol: 1e-06

Old params dict (incomplete - only grid search params):
  {'n_components': 3, 'max_iter': 500, 'tol': 1e-06}

New params dict (complete - ALL parameters):
  {'copy': True, 'max_iter': 500, 'n_components': 3, 'scale': False, 'tol': 1e-06}
================================================================================

     Full model: R²=0.608, RMSE=2.853
  -> Skipping subset analysis for PLS (variable subsets disabled)
[98/266] Testing PLS (n_components=4, max_iter=500...) + snv_deriv_d1 | Best: R²=0.843, RMSE=1.845

================================================================================
DIAGNOSTIC - PLS Training (Results Tab)
================================================================================
ALL PLS parameters after training:
  copy: True
  max_iter: 500
  n_components: 4
  scale: False
  tol: 1e-06

Old params dict (incomplete - only grid search params):
  {'n_components': 4, 'max_iter': 500, 'tol': 1e-06}

New params dict (complete - ALL parameters):
  {'copy': True, 'max_iter': 500, 'n_components': 4, 'scale': False, 'tol': 1e-06}
================================================================================

     Full model: R²=0.546, RMSE=2.936
  -> Skipping subset analysis for PLS (variable subsets disabled)
[99/266] Testing PLS (n_components=5, max_iter=500...) + snv_deriv_d1 | Best: R²=0.843, RMSE=1.845

================================================================================
DIAGNOSTIC - PLS Training (Results Tab)
================================================================================
ALL PLS parameters after training:
  copy: True
  max_iter: 500
  n_components: 5
  scale: False
  tol: 1e-06

Old params dict (incomplete - only grid search params):
  {'n_components': 5, 'max_iter': 500, 'tol': 1e-06}

New params dict (complete - ALL parameters):
  {'copy': True, 'max_iter': 500, 'n_components': 5, 'scale': False, 'tol': 1e-06}
================================================================================

     Full model: R²=0.636, RMSE=2.547
  -> Skipping subset analysis for PLS (variable subsets disabled)
[100/266] Testing PLS (n_components=6, max_iter=500...) + snv_deriv_d1 | Best: R²=0.843, RMSE=1.845

================================================================================
DIAGNOSTIC - PLS Training (Results Tab)
================================================================================
ALL PLS parameters after training:
  copy: True
  max_iter: 500
  n_components: 6
  scale: False
  tol: 1e-06

Old params dict (incomplete - only grid search params):
  {'n_components': 6, 'max_iter': 500, 'tol': 1e-06}

New params dict (complete - ALL parameters):
  {'copy': True, 'max_iter': 500, 'n_components': 6, 'scale': False, 'tol': 1e-06}
================================================================================

     Full model: R²=0.709, RMSE=2.318
  -> Skipping subset analysis for PLS (variable subsets disabled)
[101/266] Testing PLS (n_components=7, max_iter=500...) + snv_deriv_d1 | Best: R²=0.843, RMSE=1.845

================================================================================
DIAGNOSTIC - PLS Training (Results Tab)
================================================================================
ALL PLS parameters after training:
  copy: True
  max_iter: 500
  n_components: 7
  scale: False
  tol: 1e-06

Old params dict (incomplete - only grid search params):
  {'n_components': 7, 'max_iter': 500, 'tol': 1e-06}

New params dict (complete - ALL parameters):
  {'copy': True, 'max_iter': 500, 'n_components': 7, 'scale': False, 'tol': 1e-06}
================================================================================

     Full model: R²=0.770, RMSE=2.227
  -> Skipping subset analysis for PLS (variable subsets disabled)
[102/266] Testing Ridge (alpha=0.001, solver=auto...) + snv_deriv_d1 | Best: R²=0.843, RMSE=1.845

================================================================================
DIAGNOSTIC - Ridge Training (Results Tab)
================================================================================
ALL Ridge parameters after training:
  alpha: 0.001
  copy_X: True
  fit_intercept: True
  max_iter: None
  positive: False
  random_state: 42
  solver: auto
  tol: 0.0001

Old params dict (incomplete - only grid search params):
  {'alpha': 0.001, 'solver': 'auto', 'tol': 0.0001}

New params dict (complete - ALL parameters):
  {'alpha': 0.001, 'copy_X': True, 'fit_intercept': True, 'max_iter': None, 'positive': False, 'random_state': 42, 'solver': 'auto', 'tol': 0.0001}
================================================================================

     Full model: R²=0.695, RMSE=2.317
  -> Skipping subset analysis for Ridge (variable subsets disabled)
[103/266] Testing Ridge (alpha=0.01, solver=auto...) + snv_deriv_d1 | Best: R²=0.843, RMSE=1.845

================================================================================
DIAGNOSTIC - Ridge Training (Results Tab)
================================================================================
ALL Ridge parameters after training:
  alpha: 0.01
  copy_X: True
  fit_intercept: True
  max_iter: None
  positive: False
  random_state: 42
  solver: auto
  tol: 0.0001

Old params dict (incomplete - only grid search params):
  {'alpha': 0.01, 'solver': 'auto', 'tol': 0.0001}

New params dict (complete - ALL parameters):
C:\Users\sponheim\AppData\Local\Programs\Python\Python312\Lib\site-packages\sklearn\utils\validation.py:2749: UserWarning: X does not have valid feature names, but LGBMRegressor was fitted with feature names
  warnings.warn(
C:\Users\sponheim\AppData\Local\Programs\Python\Python312\Lib\site-packages\sklearn\utils\validation.py:2749: UserWarning: X does not have valid feature names, but LGBMRegressor was fitted with feature names
  warnings.warn(
C:\Users\sponheim\AppData\Local\Programs\Python\Python312\Lib\site-packages\sklearn\utils\validation.py:2749: UserWarning: X does not have valid feature names, but LGBMRegressor was fitted with feature names
  warnings.warn(
C:\Users\sponheim\AppData\Local\Programs\Python\Python312\Lib\site-packages\sklearn\utils\validation.py:2749: UserWarning: X does not have valid feature names, but LGBMRegressor was fitted with feature names
  warnings.warn(
C:\Users\sponheim\AppData\Local\Programs\Python\Python312\Lib\site-packages\sklearn\utils\validation.py:2749: UserWarning: X does not have valid feature names, but LGBMRegressor was fitted with feature names
  warnings.warn(
C:\Users\sponheim\AppData\Local\Programs\Python\Python312\Lib\site-packages\sklearn\utils\validation.py:2749: UserWarning: X does not have valid feature names, but LGBMRegressor was fitted with feature names
  warnings.warn(
C:\Users\sponheim\AppData\Local\Programs\Python\Python312\Lib\site-packages\sklearn\utils\validation.py:2749: UserWarning: X does not have valid feature names, but LGBMRegressor was fitted with feature names
  warnings.warn(
C:\Users\sponheim\AppData\Local\Programs\Python\Python312\Lib\site-packages\sklearn\utils\validation.py:2749: UserWarning: X does not have valid feature names, but LGBMRegressor was fitted with feature names
  warnings.warn(
C:\Users\sponheim\AppData\Local\Programs\Python\Python312\Lib\site-packages\sklearn\utils\validation.py:2749: UserWarning: X does not have valid feature names, but LGBMRegressor was fitted with feature names
  warnings.warn(
C:\Users\sponheim\AppData\Local\Programs\Python\Python312\Lib\site-packages\sklearn\utils\validation.py:2749: UserWarning: X does not have valid feature names, but LGBMRegressor was fitted with feature names
  warnings.warn(
C:\Users\sponheim\AppData\Local\Programs\Python\Python312\Lib\site-packages\sklearn\utils\validation.py:2749: UserWarning: X does not have valid feature names, but LGBMRegressor was fitted with feature names
  warnings.warn(
C:\Users\sponheim\AppData\Local\Programs\Python\Python312\Lib\site-packages\sklearn\utils\validation.py:2749: UserWarning: X does not have valid feature names, but LGBMRegressor was fitted with feature names
  warnings.warn(
C:\Users\sponheim\AppData\Local\Programs\Python\Python312\Lib\site-packages\sklearn\utils\validation.py:2749: UserWarning: X does not have valid feature names, but LGBMRegressor was fitted with feature names
  warnings.warn(
C:\Users\sponheim\AppData\Local\Programs\Python\Python312\Lib\site-packages\sklearn\utils\validation.py:2749: UserWarning: X does not have valid feature names, but LGBMRegressor was fitted with feature names
  warnings.warn(
C:\Users\sponheim\AppData\Local\Programs\Python\Python312\Lib\site-packages\sklearn\utils\validation.py:2749: UserWarning: X does not have valid feature names, but LGBMRegressor was fitted with feature names
  warnings.warn(
C:\Users\sponheim\AppData\Local\Programs\Python\Python312\Lib\site-packages\sklearn\utils\validation.py:2749: UserWarning: X does not have valid feature names, but LGBMRegressor was fitted with feature names
  warnings.warn(
C:\Users\sponheim\AppData\Local\Programs\Python\Python312\Lib\site-packages\sklearn\utils\validation.py:2749: UserWarning: X does not have valid feature names, but LGBMRegressor was fitted with feature names
  warnings.warn(
C:\Users\sponheim\AppData\Local\Programs\Python\Python312\Lib\site-packages\sklearn\utils\validation.py:2749: UserWarning: X does not have valid feature names, but LGBMRegressor was fitted with feature names
  warnings.warn(
C:\Users\sponheim\AppData\Local\Programs\Python\Python312\Lib\site-packages\sklearn\utils\validation.py:2749: UserWarning: X does not have valid feature names, but LGBMRegressor was fitted with feature names
  warnings.warn(
C:\Users\sponheim\AppData\Local\Programs\Python\Python312\Lib\site-packages\sklearn\utils\validation.py:2749: UserWarning: X does not have valid feature names, but LGBMRegressor was fitted with feature names
  warnings.warn(
C:\Users\sponheim\AppData\Local\Programs\Python\Python312\Lib\site-packages\sklearn\utils\validation.py:2749: UserWarning: X does not have valid feature names, but LGBMRegressor was fitted with feature names
  warnings.warn(
C:\Users\sponheim\AppData\Local\Programs\Python\Python312\Lib\site-packages\sklearn\utils\validation.py:2749: UserWarning: X does not have valid feature names, but LGBMRegressor was fitted with feature names
  warnings.warn(
C:\Users\sponheim\AppData\Local\Programs\Python\Python312\Lib\site-packages\sklearn\utils\validation.py:2749: UserWarning: X does not have valid feature names, but LGBMRegressor was fitted with feature names
  warnings.warn(
C:\Users\sponheim\AppData\Local\Programs\Python\Python312\Lib\site-packages\sklearn\utils\validation.py:2749: UserWarning: X does not have valid feature names, but LGBMRegressor was fitted with feature names
  warnings.warn(
C:\Users\sponheim\AppData\Local\Programs\Python\Python312\Lib\site-packages\sklearn\utils\validation.py:2749: UserWarning: X does not have valid feature names, but LGBMRegressor was fitted with feature names
  warnings.warn(
  {'alpha': 0.01, 'copy_X': True, 'fit_intercept': True, 'max_iter': None, 'positive': False, 'random_state': 42, 'solver': 'auto', 'tol': 0.0001}
================================================================================

     Full model: R²=0.536, RMSE=3.109
  -> Skipping subset analysis for Ridge (variable subsets disabled)
[104/266] Testing Ridge (alpha=0.1, solver=auto...) + snv_deriv_d1 | Best: R²=0.843, RMSE=1.845

================================================================================
DIAGNOSTIC - Ridge Training (Results Tab)
================================================================================
ALL Ridge parameters after training:
  alpha: 0.1
  copy_X: True
  fit_intercept: True
  max_iter: None
  positive: False
  random_state: 42
  solver: auto
  tol: 0.0001

Old params dict (incomplete - only grid search params):
  {'alpha': 0.1, 'solver': 'auto', 'tol': 0.0001}

New params dict (complete - ALL parameters):
  {'alpha': 0.1, 'copy_X': True, 'fit_intercept': True, 'max_iter': None, 'positive': False, 'random_state': 42, 'solver': 'auto', 'tol': 0.0001}
================================================================================

     Full model: R²=0.102, RMSE=4.982
  -> Skipping subset analysis for Ridge (variable subsets disabled)
[105/266] Testing Ridge (alpha=1.0, solver=auto...) + snv_deriv_d1 | Best: R²=0.843, RMSE=1.845

================================================================================
DIAGNOSTIC - Ridge Training (Results Tab)
================================================================================
ALL Ridge parameters after training:
  alpha: 1.0
  copy_X: True
  fit_intercept: True
  max_iter: None
  positive: False
  random_state: 42
  solver: auto
  tol: 0.0001

Old params dict (incomplete - only grid search params):
  {'alpha': 1.0, 'solver': 'auto', 'tol': 0.0001}

New params dict (complete - ALL parameters):
  {'alpha': 1.0, 'copy_X': True, 'fit_intercept': True, 'max_iter': None, 'positive': False, 'random_state': 42, 'solver': 'auto', 'tol': 0.0001}
================================================================================

     Full model: R²=-0.535, RMSE=6.622
  -> Skipping subset analysis for Ridge (variable subsets disabled)
[106/266] Testing Ridge (alpha=10.0, solver=auto...) + snv_deriv_d1 | Best: R²=0.843, RMSE=1.845

================================================================================
DIAGNOSTIC - Ridge Training (Results Tab)
================================================================================
ALL Ridge parameters after training:
  alpha: 10.0
  copy_X: True
  fit_intercept: True
  max_iter: None
  positive: False
  random_state: 42
  solver: auto
  tol: 0.0001

Old params dict (incomplete - only grid search params):
  {'alpha': 10.0, 'solver': 'auto', 'tol': 0.0001}

New params dict (complete - ALL parameters):
  {'alpha': 10.0, 'copy_X': True, 'fit_intercept': True, 'max_iter': None, 'positive': False, 'random_state': 42, 'solver': 'auto', 'tol': 0.0001}
================================================================================

     Full model: R²=-0.683, RMSE=6.930
  -> Skipping subset analysis for Ridge (variable subsets disabled)
[107/266] Testing LightGBM (n_estimators=100, learning_rate=0.05...) + snv_deriv_d1 | Best: R²=0.843, RMSE=1.845

================================================================================
DIAGNOSTIC - LightGBM Training (Results Tab)
================================================================================
ALL LightGBM parameters after training:
  bagging_freq: 1
  boosting_type: gbdt
  class_weight: None
  colsample_bytree: 0.8
  importance_type: split
  learning_rate: 0.05
  max_depth: -1
  min_child_samples: 5
  min_child_weight: 0.001
  min_split_gain: 0.0
  n_estimators: 100
  n_jobs: -1
  num_leaves: 31
  objective: None
  random_state: 42
  reg_alpha: 0.1
  reg_lambda: 1.0
  subsample: 0.8
  subsample_for_bin: 200000
  subsample_freq: 0
  verbosity: -1

Old params dict (incomplete - only grid search params):
  {'n_estimators': 100, 'learning_rate': 0.05, 'num_leaves': 31, 'max_depth': -1, 'min_child_samples': 5, 'subsample': 0.8, 'bagging_freq': 1, 'colsample_bytree': 0.8, 'reg_alpha': 0.1, 'reg_lambda': 1.0}

New params dict (complete - ALL parameters):
  {'boosting_type': 'gbdt', 'class_weight': None, 'colsample_bytree': 0.8, 'importance_type': 'split', 'learning_rate': 0.05, 'max_depth': -1, 'min_child_samples': 5, 'min_child_weight': 0.001, 'min_split_gain': 0.0, 'n_estimators': 100, 'n_jobs': -1, 'num_leaves': 31, 'objective': None, 'random_state': 42, 'reg_alpha': 0.1, 'reg_lambda': 1.0, 'subsample': 0.8, 'subsample_for_bin': 200000, 'subsample_freq': 0, 'bagging_freq': 1, 'verbosity': -1}
================================================================================

     Full model: R²=0.836, RMSE=1.802
  -> Skipping subset analysis for LightGBM (variable subsets disabled)
[108/266] Testing LightGBM (n_estimators=100, learning_rate=0.05...) + snv_deriv_d1 | Best: R²=0.836, RMSE=1.802

================================================================================
DIAGNOSTIC - LightGBM Training (Results Tab)
================================================================================
ALL LightGBM parameters after training:
  bagging_freq: 1
  boosting_type: gbdt
  class_weight: None
  colsample_bytree: 0.8
  importance_type: split
  learning_rate: 0.05
  max_depth: -1
  min_child_samples: 5
  min_child_weight: 0.001
  min_split_gain: 0.0
  n_estimators: 100
  n_jobs: -1
  num_leaves: 63
  objective: None
  random_state: 42
  reg_alpha: 0.1
  reg_lambda: 1.0
  subsample: 0.8
  subsample_for_bin: 200000
  subsample_freq: 0
  verbosity: -1

Old params dict (incomplete - only grid search params):
  {'n_estimators': 100, 'learning_rate': 0.05, 'num_leaves': 63, 'max_depth': -1, 'min_child_samples': 5, 'subsample': 0.8, 'bagging_freq': 1, 'colsample_bytree': 0.8, 'reg_alpha': 0.1, 'reg_lambda': 1.0}

New params dict (complete - ALL parameters):
  {'boosting_type': 'gbdt', 'class_weight': None, 'colsample_bytree': 0.8, 'importance_type': 'split', 'learning_rate': 0.05, 'max_depth': -1, 'min_child_samples': 5, 'min_child_weight': 0.001, 'min_split_gain': 0.0, 'n_estimators': 100, 'n_jobs': -1, 'num_leaves': 63, 'objective': None, 'random_state': 42, 'reg_alpha': 0.1, 'reg_lambda': 1.0, 'subsample': 0.8, 'subsample_for_bin': 200000, 'subsample_freq': 0, 'bagging_freq': 1, 'verbosity': -1}
================================================================================

     Full model: R²=0.836, RMSE=1.802
  -> Skipping subset analysis for LightGBM (variable subsets disabled)
[109/266] Testing LightGBM (n_estimators=100, learning_rate=0.1...) + snv_deriv_d1 | Best: R²=0.836, RMSE=1.802

================================================================================
DIAGNOSTIC - LightGBM Training (Results Tab)
================================================================================
ALL LightGBM parameters after training:
  bagging_freq: 1
  boosting_type: gbdt
  class_weight: None
  colsample_bytree: 0.8
  importance_type: split
  learning_rate: 0.1
  max_depth: -1
  min_child_samples: 5
  min_child_weight: 0.001
  min_split_gain: 0.0
  n_estimators: 100
  n_jobs: -1
  num_leaves: 31
  objective: None
  random_state: 42
  reg_alpha: 0.1
  reg_lambda: 1.0
  subsample: 0.8
  subsample_for_bin: 200000
  subsample_freq: 0
  verbosity: -1

Old params dict (incomplete - only grid search params):
  {'n_estimators': 100, 'learning_rate': 0.1, 'num_leaves': 31, 'max_depth': -1, 'min_child_samples': 5, 'subsample': 0.8, 'bagging_freq': 1, 'colsample_bytree': 0.8, 'reg_alpha': 0.1, 'reg_lambda': 1.0}

New params dict (complete - ALL parameters):
  {'boosting_type': 'gbdt', 'class_weight': None, 'colsample_bytree': 0.8, 'importance_type': 'split', 'learning_rate': 0.1, 'max_depth': -1, 'min_child_samples': 5, 'min_child_weight': 0.001, 'min_split_gain': 0.0, 'n_estimators': 100, 'n_jobs': -1, 'num_leaves': 31, 'objective': None, 'random_state': 42, 'reg_alpha': 0.1, 'reg_lambda': 1.0, 'subsample': 0.8, 'subsample_for_bin': 200000, 'subsample_freq': 0, 'bagging_freq': 1, 'verbosity': -1}
================================================================================

     Full model: R²=0.805, RMSE=1.875
  -> Skipping subset analysis for LightGBM (variable subsets disabled)
[110/266] Testing LightGBM (n_estimators=100, learning_rate=0.1...) + snv_deriv_d1 | Best: R²=0.836, RMSE=1.802

================================================================================
DIAGNOSTIC - LightGBM Training (Results Tab)
================================================================================
ALL LightGBM parameters after training:
  bagging_freq: 1
  boosting_type: gbdt
  class_weight: None
  colsample_bytree: 0.8
  importance_type: split
  learning_rate: 0.1
  max_depth: -1
  min_child_samples: 5
  min_child_weight: 0.001
  min_split_gain: 0.0
  n_estimators: 100
  n_jobs: -1
  num_leaves: 63
  objective: None
  random_state: 42
  reg_alpha: 0.1
  reg_lambda: 1.0
  subsample: 0.8
  subsample_for_bin: 200000
  subsample_freq: 0
  verbosity: -1

Old params dict (incomplete - only grid search params):
  {'n_estimators': 100, 'learning_rate': 0.1, 'num_leaves': 63, 'max_depth': -1, 'min_child_samples': 5, 'subsample': 0.8, 'bagging_freq': 1, 'colsample_bytree': 0.8, 'reg_alpha': 0.1, 'reg_lambda': 1.0}

New params dict (complete - ALL parameters):
  {'boosting_type': 'gbdt', 'class_weight': None, 'colsample_bytree': 0.8, 'importance_type': 'split', 'learning_rate': 0.1, 'max_depth': -1, 'min_child_samples': 5, 'min_child_weight': 0.001, 'min_split_gain': 0.0, 'n_estimators': 100, 'n_jobs': -1, 'num_leaves': 63, 'objective': None, 'random_state': 42, 'reg_alpha': 0.1, 'reg_lambda': 1.0, 'subsample': 0.8, 'subsample_for_bin': 200000, 'subsample_freq': 0, 'bagging_freq': 1, 'verbosity': -1}
================================================================================

     Full model: R²=0.805, RMSE=1.875
  -> Skipping subset analysis for LightGBM (variable subsets disabled)
[111/266] Testing LightGBM (n_estimators=200, learning_rate=0.05...) + snv_deriv_d1 | Best: R²=0.836, RMSE=1.802

================================================================================
DIAGNOSTIC - LightGBM Training (Results Tab)
================================================================================
ALL LightGBM parameters after training:
  bagging_freq: 1
  boosting_type: gbdt
  class_weight: None
  colsample_bytree: 0.8
  importance_type: split
  learning_rate: 0.05
  max_depth: -1
  min_child_samples: 5
  min_child_weight: 0.001
  min_split_gain: 0.0
  n_estimators: 200
  n_jobs: -1
  num_leaves: 31
  objective: None
  random_state: 42
  reg_alpha: 0.1
  reg_lambda: 1.0
  subsample: 0.8
  subsample_for_bin: 200000
  subsample_freq: 0
  verbosity: -1

Old params dict (incomplete - only grid search params):
  {'n_estimators': 200, 'learning_rate': 0.05, 'num_leaves': 31, 'max_depth': -1, 'min_child_samples': 5, 'subsample': 0.8, 'bagging_freq': 1, 'colsample_bytree': 0.8, 'reg_alpha': 0.1, 'reg_lambda': 1.0}

New params dict (complete - ALL parameters):
  {'boosting_type': 'gbdt', 'class_weight': None, 'colsample_bytree': 0.8, 'importance_type': 'split', 'learning_rate': 0.05, 'max_depth': -1, 'min_child_samples': 5, 'min_child_weight': 0.001, 'min_split_gain': 0.0, 'n_estimators': 200, 'n_jobs': -1, 'num_leaves': 31, 'objective': None, 'random_state': 42, 'reg_alpha': 0.1, 'reg_lambda': 1.0, 'subsample': 0.8, 'subsample_for_bin': 200000, 'subsample_freq': 0, 'bagging_freq': 1, 'verbosity': -1}
================================================================================

     Full model: R²=0.832, RMSE=1.809
  -> Skipping subset analysis for LightGBM (variable subsets disabled)
[112/266] Testing LightGBM (n_estimators=200, learning_rate=0.05...) + snv_deriv_d1 | Best: R²=0.836, RMSE=1.802

================================================================================
DIAGNOSTIC - LightGBM Training (Results Tab)
================================================================================
ALL LightGBM parameters after training:
  bagging_freq: 1
  boosting_type: gbdt
  class_weight: None
  colsample_bytree: 0.8
  importance_type: split
  learning_rate: 0.05
  max_depth: -1
  min_child_samples: 5
  min_child_weight: 0.001
  min_split_gain: 0.0
  n_estimators: 200
  n_jobs: -1
  num_leaves: 63
  objective: None
  random_state: 42
  reg_alpha: 0.1
  reg_lambda: 1.0
  subsample: 0.8
  subsample_for_bin: 200000
  subsample_freq: 0
  verbosity: -1

Old params dict (incomplete - only grid search params):
  {'n_estimators': 200, 'learning_rate': 0.05, 'num_leaves': 63, 'max_depth': -1, 'min_child_samples': 5, 'subsample': 0.8, 'bagging_freq': 1, 'colsample_bytree': 0.8, 'reg_alpha': 0.1, 'reg_lambda': 1.0}

New params dict (complete - ALL parameters):
  {'boosting_type': 'gbdt', 'class_weight': None, 'colsample_bytree': 0.8, 'importance_type': 'split', 'learning_rate': 0.05, 'max_depth': -1, 'min_child_samples': 5, 'min_child_weight': 0.001, 'min_split_gain': 0.0, 'n_estimators': 200, 'n_jobs': -1, 'num_leaves': 63, 'objective': None, 'random_state': 42, 'reg_alpha': 0.1, 'reg_lambda': 1.0, 'subsample': 0.8, 'subsample_for_bin': 200000, 'subsample_freq': 0, 'bagging_freq': 1, 'verbosity': -1}
================================================================================

     Full model: R²=0.832, RMSE=1.809
  -> Skipping subset analysis for LightGBM (variable subsets disabled)
[113/266] Testing LightGBM (n_estimators=200, learning_rate=0.1...) + snv_deriv_d1 | Best: R²=0.836, RMSE=1.802

================================================================================
DIAGNOSTIC - LightGBM Training (Results Tab)
================================================================================
ALL LightGBM parameters after training:
  bagging_freq: 1
  boosting_type: gbdt
  class_weight: None
  colsample_bytree: 0.8
  importance_type: split
  learning_rate: 0.1
  max_depth: -1
  min_child_samples: 5
  min_child_weight: 0.001
  min_split_gain: 0.0
  n_estimators: 200
  n_jobs: -1
  num_leaves: 31
  objective: None
  random_state: 42
  reg_alpha: 0.1
  reg_lambda: 1.0
  subsample: 0.8
  subsample_for_bin: 200000
  subsample_freq: 0
  verbosity: -1

Old params dict (incomplete - only grid search params):
  {'n_estimators': 200, 'learning_rate': 0.1, 'num_leaves': 31, 'max_depth': -1, 'min_child_samples': 5, 'subsample': 0.8, 'bagging_freq': 1, 'colsample_bytree': 0.8, 'reg_alpha': 0.1, 'reg_lambda': 1.0}

New params dict (complete - ALL parameters):
  {'boosting_type': 'gbdt', 'class_weight': None, 'colsample_bytree': 0.8, 'importance_type': 'split', 'learning_rate': 0.1, 'max_depth': -1, 'min_child_samples': 5, 'min_child_weight': 0.001, 'min_split_gain': 0.0, 'n_estimators': 200, 'n_jobs': -1, 'num_leaves': 31, 'objective': None, 'random_state': 42, 'reg_alpha': 0.1, 'reg_lambda': 1.0, 'subsample': 0.8, 'subsample_for_bin': 200000, 'subsample_freq': 0, 'bagging_freq': 1, 'verbosity': -1}
================================================================================

     Full model: R²=0.806, RMSE=1.876
  -> Skipping subset analysis for LightGBM (variable subsets disabled)
[114/266] Testing LightGBM (n_estimators=200, learning_rate=0.1...) + snv_deriv_d1 | Best: R²=0.836, RMSE=1.802

================================================================================
DIAGNOSTIC - LightGBM Training (Results Tab)
================================================================================
ALL LightGBM parameters after training:
  bagging_freq: 1
  boosting_type: gbdt
  class_weight: None
  colsample_bytree: 0.8
  importance_type: splitC:\Users\sponheim\AppData\Local\Programs\Python\Python312\Lib\site-packages\sklearn\utils\validation.py:2749: UserWarning: X does not have valid feature names, but LGBMRegressor was fitted with feature names
  warnings.warn(
C:\Users\sponheim\AppData\Local\Programs\Python\Python312\Lib\site-packages\sklearn\utils\validation.py:2749: UserWarning: X does not have valid feature names, but LGBMRegressor was fitted with feature names
  warnings.warn(
C:\Users\sponheim\AppData\Local\Programs\Python\Python312\Lib\site-packages\sklearn\utils\validation.py:2749: UserWarning: X does not have valid feature names, but LGBMRegressor was fitted with feature names
  warnings.warn(
C:\Users\sponheim\AppData\Local\Programs\Python\Python312\Lib\site-packages\sklearn\utils\validation.py:2749: UserWarning: X does not have valid feature names, but LGBMRegressor was fitted with feature names
  warnings.warn(
C:\Users\sponheim\AppData\Local\Programs\Python\Python312\Lib\site-packages\sklearn\utils\validation.py:2749: UserWarning: X does not have valid feature names, but LGBMRegressor was fitted with feature names
  warnings.warn(
C:\Users\sponheim\AppData\Local\Programs\Python\Python312\Lib\site-packages\sklearn\utils\validation.py:2749: UserWarning: X does not have valid feature names, but LGBMRegressor was fitted with feature names
  warnings.warn(
C:\Users\sponheim\AppData\Local\Programs\Python\Python312\Lib\site-packages\sklearn\utils\validation.py:2749: UserWarning: X does not have valid feature names, but LGBMRegressor was fitted with feature names
  warnings.warn(
C:\Users\sponheim\AppData\Local\Programs\Python\Python312\Lib\site-packages\sklearn\utils\validation.py:2749: UserWarning: X does not have valid feature names, but LGBMRegressor was fitted with feature names
  warnings.warn(
C:\Users\sponheim\AppData\Local\Programs\Python\Python312\Lib\site-packages\sklearn\utils\validation.py:2749: UserWarning: X does not have valid feature names, but LGBMRegressor was fitted with feature names
  warnings.warn(
C:\Users\sponheim\AppData\Local\Programs\Python\Python312\Lib\site-packages\sklearn\utils\validation.py:2749: UserWarning: X does not have valid feature names, but LGBMRegressor was fitted with feature names
  warnings.warn(
C:\Users\sponheim\AppData\Local\Programs\Python\Python312\Lib\site-packages\sklearn\utils\validation.py:2749: UserWarning: X does not have valid feature names, but LGBMRegressor was fitted with feature names
  warnings.warn(
C:\Users\sponheim\AppData\Local\Programs\Python\Python312\Lib\site-packages\sklearn\utils\validation.py:2749: UserWarning: X does not have valid feature names, but LGBMRegressor was fitted with feature names
  warnings.warn(
C:\Users\sponheim\AppData\Local\Programs\Python\Python312\Lib\site-packages\sklearn\utils\validation.py:2749: UserWarning: X does not have valid feature names, but LGBMRegressor was fitted with feature names
  warnings.warn(
C:\Users\sponheim\AppData\Local\Programs\Python\Python312\Lib\site-packages\sklearn\utils\validation.py:2749: UserWarning: X does not have valid feature names, but LGBMRegressor was fitted with feature names
  warnings.warn(
C:\Users\sponheim\AppData\Local\Programs\Python\Python312\Lib\site-packages\sklearn\utils\validation.py:2749: UserWarning: X does not have valid feature names, but LGBMRegressor was fitted with feature names
  warnings.warn(

  learning_rate: 0.1
  max_depth: -1
  min_child_samples: 5
  min_child_weight: 0.001
  min_split_gain: 0.0
  n_estimators: 200
  n_jobs: -1
  num_leaves: 63
  objective: None
  random_state: 42
  reg_alpha: 0.1
  reg_lambda: 1.0
  subsample: 0.8
  subsample_for_bin: 200000
  subsample_freq: 0
  verbosity: -1

Old params dict (incomplete - only grid search params):
  {'n_estimators': 200, 'learning_rate': 0.1, 'num_leaves': 63, 'max_depth': -1, 'min_child_samples': 5, 'subsample': 0.8, 'bagging_freq': 1, 'colsample_bytree': 0.8, 'reg_alpha': 0.1, 'reg_lambda': 1.0}

New params dict (complete - ALL parameters):
  {'boosting_type': 'gbdt', 'class_weight': None, 'colsample_bytree': 0.8, 'importance_type': 'split', 'learning_rate': 0.1, 'max_depth': -1, 'min_child_samples': 5, 'min_child_weight': 0.001, 'min_split_gain': 0.0, 'n_estimators': 200, 'n_jobs': -1, 'num_leaves': 63, 'objective': None, 'random_state': 42, 'reg_alpha': 0.1, 'reg_lambda': 1.0, 'subsample': 0.8, 'subsample_for_bin': 200000, 'subsample_freq': 0, 'bagging_freq': 1, 'verbosity': -1}
================================================================================

     Full model: R²=0.806, RMSE=1.876
  -> Skipping subset analysis for LightGBM (variable subsets disabled)
[115/266] Testing PLS (n_components=2, max_iter=500...) + deriv_snv_d1 | Best: R²=0.836, RMSE=1.802

================================================================================
DIAGNOSTIC - PLS Training (Results Tab)
================================================================================
ALL PLS parameters after training:
  copy: True
  max_iter: 500
  n_components: 2
  scale: False
  tol: 1e-06

Old params dict (incomplete - only grid search params):
  {'n_components': 2, 'max_iter': 500, 'tol': 1e-06}

New params dict (complete - ALL parameters):
  {'copy': True, 'max_iter': 500, 'n_components': 2, 'scale': False, 'tol': 1e-06}
================================================================================

     Full model: R²=0.611, RMSE=2.900
  -> Skipping subset analysis for PLS (variable subsets disabled)
[116/266] Testing PLS (n_components=3, max_iter=500...) + deriv_snv_d1 | Best: R²=0.836, RMSE=1.802

================================================================================
DIAGNOSTIC - PLS Training (Results Tab)
================================================================================
ALL PLS parameters after training:
  copy: True
  max_iter: 500
  n_components: 3
  scale: False
  tol: 1e-06

Old params dict (incomplete - only grid search params):
  {'n_components': 3, 'max_iter': 500, 'tol': 1e-06}

New params dict (complete - ALL parameters):
  {'copy': True, 'max_iter': 500, 'n_components': 3, 'scale': False, 'tol': 1e-06}
================================================================================

     Full model: R²=0.728, RMSE=2.488
  -> Skipping subset analysis for PLS (variable subsets disabled)
[117/266] Testing PLS (n_components=4, max_iter=500...) + deriv_snv_d1 | Best: R²=0.836, RMSE=1.802

================================================================================
DIAGNOSTIC - PLS Training (Results Tab)
================================================================================
ALL PLS parameters after training:
  copy: True
  max_iter: 500
  n_components: 4
  scale: False
  tol: 1e-06

Old params dict (incomplete - only grid search params):
  {'n_components': 4, 'max_iter': 500, 'tol': 1e-06}

New params dict (complete - ALL parameters):
  {'copy': True, 'max_iter': 500, 'n_components': 4, 'scale': False, 'tol': 1e-06}
================================================================================

     Full model: R²=0.701, RMSE=2.477
  -> Skipping subset analysis for PLS (variable subsets disabled)
[118/266] Testing PLS (n_components=5, max_iter=500...) + deriv_snv_d1 | Best: R²=0.836, RMSE=1.802

================================================================================
DIAGNOSTIC - PLS Training (Results Tab)
================================================================================
ALL PLS parameters after training:
  copy: True
  max_iter: 500
  n_components: 5
  scale: False
  tol: 1e-06

Old params dict (incomplete - only grid search params):
  {'n_components': 5, 'max_iter': 500, 'tol': 1e-06}

New params dict (complete - ALL parameters):
  {'copy': True, 'max_iter': 500, 'n_components': 5, 'scale': False, 'tol': 1e-06}
================================================================================

     Full model: R²=0.711, RMSE=2.404
  -> Skipping subset analysis for PLS (variable subsets disabled)
[119/266] Testing PLS (n_components=6, max_iter=500...) + deriv_snv_d1 | Best: R²=0.836, RMSE=1.802

================================================================================
DIAGNOSTIC - PLS Training (Results Tab)
================================================================================
ALL PLS parameters after training:
  copy: True
  max_iter: 500
  n_components: 6
  scale: False
  tol: 1e-06

Old params dict (incomplete - only grid search params):
  {'n_components': 6, 'max_iter': 500, 'tol': 1e-06}

New params dict (complete - ALL parameters):
  {'copy': True, 'max_iter': 500, 'n_components': 6, 'scale': False, 'tol': 1e-06}
================================================================================

     Full model: R²=0.734, RMSE=2.320
  -> Skipping subset analysis for PLS (variable subsets disabled)
[120/266] Testing PLS (n_components=7, max_iter=500...) + deriv_snv_d1 | Best: R²=0.836, RMSE=1.802

================================================================================
DIAGNOSTIC - PLS Training (Results Tab)
================================================================================
ALL PLS parameters after training:
  copy: True
  max_iter: 500
  n_components: 7
  scale: False
  tol: 1e-06

Old params dict (incomplete - only grid search params):
  {'n_components': 7, 'max_iter': 500, 'tol': 1e-06}

New params dict (complete - ALL parameters):
  {'copy': True, 'max_iter': 500, 'n_components': 7, 'scale': False, 'tol': 1e-06}
================================================================================

     Full model: R²=0.724, RMSE=2.340
  -> Skipping subset analysis for PLS (variable subsets disabled)
[121/266] Testing Ridge (alpha=0.001, solver=auto...) + deriv_snv_d1 | Best: R²=0.836, RMSE=1.802

================================================================================
DIAGNOSTIC - Ridge Training (Results Tab)
================================================================================
ALL Ridge parameters after training:
  alpha: 0.001
  copy_X: True
  fit_intercept: True
  max_iter: None
  positive: False
  random_state: 42
  solver: auto
  tol: 0.0001

Old params dict (incomplete - only grid search params):
  {'alpha': 0.001, 'solver': 'auto', 'tol': 0.0001}

New params dict (complete - ALL parameters):
  {'alpha': 0.001, 'copy_X': True, 'fit_intercept': True, 'max_iter': None, 'positive': False, 'random_state': 42, 'solver': 'auto', 'tol': 0.0001}
================================================================================

     Full model: R²=0.624, RMSE=2.788
  -> Skipping subset analysis for Ridge (variable subsets disabled)
[122/266] Testing Ridge (alpha=0.01, solver=auto...) + deriv_snv_d1 | Best: R²=0.836, RMSE=1.802

================================================================================
DIAGNOSTIC - Ridge Training (Results Tab)
================================================================================
ALL Ridge parameters after training:
  alpha: 0.01
  copy_X: True
  fit_intercept: True
  max_iter: None
  positive: False
  random_state: 42
  solver: auto
  tol: 0.0001

Old params dict (incomplete - only grid search params):
  {'alpha': 0.01, 'solver': 'auto', 'tol': 0.0001}

New params dict (complete - ALL parameters):
C:\Users\sponheim\AppData\Local\Programs\Python\Python312\Lib\site-packages\sklearn\utils\validation.py:2749: UserWarning: X does not have valid feature names, but LGBMRegressor was fitted with feature names
  warnings.warn(
C:\Users\sponheim\AppData\Local\Programs\Python\Python312\Lib\site-packages\sklearn\utils\validation.py:2749: UserWarning: X does not have valid feature names, but LGBMRegressor was fitted with feature names
  warnings.warn(
C:\Users\sponheim\AppData\Local\Programs\Python\Python312\Lib\site-packages\sklearn\utils\validation.py:2749: UserWarning: X does not have valid feature names, but LGBMRegressor was fitted with feature names
  warnings.warn(
C:\Users\sponheim\AppData\Local\Programs\Python\Python312\Lib\site-packages\sklearn\utils\validation.py:2749: UserWarning: X does not have valid feature names, but LGBMRegressor was fitted with feature names
  warnings.warn(
C:\Users\sponheim\AppData\Local\Programs\Python\Python312\Lib\site-packages\sklearn\utils\validation.py:2749: UserWarning: X does not have valid feature names, but LGBMRegressor was fitted with feature names
  warnings.warn(
C:\Users\sponheim\AppData\Local\Programs\Python\Python312\Lib\site-packages\sklearn\utils\validation.py:2749: UserWarning: X does not have valid feature names, but LGBMRegressor was fitted with feature names
  warnings.warn(
C:\Users\sponheim\AppData\Local\Programs\Python\Python312\Lib\site-packages\sklearn\utils\validation.py:2749: UserWarning: X does not have valid feature names, but LGBMRegressor was fitted with feature names
  warnings.warn(
C:\Users\sponheim\AppData\Local\Programs\Python\Python312\Lib\site-packages\sklearn\utils\validation.py:2749: UserWarning: X does not have valid feature names, but LGBMRegressor was fitted with feature names
  warnings.warn(
C:\Users\sponheim\AppData\Local\Programs\Python\Python312\Lib\site-packages\sklearn\utils\validation.py:2749: UserWarning: X does not have valid feature names, but LGBMRegressor was fitted with feature names
  warnings.warn(
C:\Users\sponheim\AppData\Local\Programs\Python\Python312\Lib\site-packages\sklearn\utils\validation.py:2749: UserWarning: X does not have valid feature names, but LGBMRegressor was fitted with feature names
  warnings.warn(
C:\Users\sponheim\AppData\Local\Programs\Python\Python312\Lib\site-packages\sklearn\utils\validation.py:2749: UserWarning: X does not have valid feature names, but LGBMRegressor was fitted with feature names
  warnings.warn(
C:\Users\sponheim\AppData\Local\Programs\Python\Python312\Lib\site-packages\sklearn\utils\validation.py:2749: UserWarning: X does not have valid feature names, but LGBMRegressor was fitted with feature names
  warnings.warn(
C:\Users\sponheim\AppData\Local\Programs\Python\Python312\Lib\site-packages\sklearn\utils\validation.py:2749: UserWarning: X does not have valid feature names, but LGBMRegressor was fitted with feature names
  warnings.warn(
C:\Users\sponheim\AppData\Local\Programs\Python\Python312\Lib\site-packages\sklearn\utils\validation.py:2749: UserWarning: X does not have valid feature names, but LGBMRegressor was fitted with feature names
  warnings.warn(
C:\Users\sponheim\AppData\Local\Programs\Python\Python312\Lib\site-packages\sklearn\utils\validation.py:2749: UserWarning: X does not have valid feature names, but LGBMRegressor was fitted with feature names
  warnings.warn(
C:\Users\sponheim\AppData\Local\Programs\Python\Python312\Lib\site-packages\sklearn\utils\validation.py:2749: UserWarning: X does not have valid feature names, but LGBMRegressor was fitted with feature names
  warnings.warn(
C:\Users\sponheim\AppData\Local\Programs\Python\Python312\Lib\site-packages\sklearn\utils\validation.py:2749: UserWarning: X does not have valid feature names, but LGBMRegressor was fitted with feature names
  warnings.warn(
C:\Users\sponheim\AppData\Local\Programs\Python\Python312\Lib\site-packages\sklearn\utils\validation.py:2749: UserWarning: X does not have valid feature names, but LGBMRegressor was fitted with feature names
  warnings.warn(
C:\Users\sponheim\AppData\Local\Programs\Python\Python312\Lib\site-packages\sklearn\utils\validation.py:2749: UserWarning: X does not have valid feature names, but LGBMRegressor was fitted with feature names
  warnings.warn(
C:\Users\sponheim\AppData\Local\Programs\Python\Python312\Lib\site-packages\sklearn\utils\validation.py:2749: UserWarning: X does not have valid feature names, but LGBMRegressor was fitted with feature names
  warnings.warn(
C:\Users\sponheim\AppData\Local\Programs\Python\Python312\Lib\site-packages\sklearn\utils\validation.py:2749: UserWarning: X does not have valid feature names, but LGBMRegressor was fitted with feature names
  warnings.warn(
C:\Users\sponheim\AppData\Local\Programs\Python\Python312\Lib\site-packages\sklearn\utils\validation.py:2749: UserWarning: X does not have valid feature names, but LGBMRegressor was fitted with feature names
  warnings.warn(
C:\Users\sponheim\AppData\Local\Programs\Python\Python312\Lib\site-packages\sklearn\utils\validation.py:2749: UserWarning: X does not have valid feature names, but LGBMRegressor was fitted with feature names
  warnings.warn(
C:\Users\sponheim\AppData\Local\Programs\Python\Python312\Lib\site-packages\sklearn\utils\validation.py:2749: UserWarning: X does not have valid feature names, but LGBMRegressor was fitted with feature names
  warnings.warn(
C:\Users\sponheim\AppData\Local\Programs\Python\Python312\Lib\site-packages\sklearn\utils\validation.py:2749: UserWarning: X does not have valid feature names, but LGBMRegressor was fitted with feature names
  warnings.warn(
  {'alpha': 0.01, 'copy_X': True, 'fit_intercept': True, 'max_iter': None, 'positive': False, 'random_state': 42, 'solver': 'auto', 'tol': 0.0001}
================================================================================

     Full model: R²=0.625, RMSE=2.781
  -> Skipping subset analysis for Ridge (variable subsets disabled)
[123/266] Testing Ridge (alpha=0.1, solver=auto...) + deriv_snv_d1 | Best: R²=0.836, RMSE=1.802

================================================================================
DIAGNOSTIC - Ridge Training (Results Tab)
================================================================================
ALL Ridge parameters after training:
  alpha: 0.1
  copy_X: True
  fit_intercept: True
  max_iter: None
  positive: False
  random_state: 42
  solver: auto
  tol: 0.0001

Old params dict (incomplete - only grid search params):
  {'alpha': 0.1, 'solver': 'auto', 'tol': 0.0001}

New params dict (complete - ALL parameters):
  {'alpha': 0.1, 'copy_X': True, 'fit_intercept': True, 'max_iter': None, 'positive': False, 'random_state': 42, 'solver': 'auto', 'tol': 0.0001}
================================================================================

     Full model: R²=0.639, RMSE=2.724
  -> Skipping subset analysis for Ridge (variable subsets disabled)
[124/266] Testing Ridge (alpha=1.0, solver=auto...) + deriv_snv_d1 | Best: R²=0.836, RMSE=1.802

================================================================================
DIAGNOSTIC - Ridge Training (Results Tab)
================================================================================
ALL Ridge parameters after training:
  alpha: 1.0
  copy_X: True
  fit_intercept: True
  max_iter: None
  positive: False
  random_state: 42
  solver: auto
  tol: 0.0001

Old params dict (incomplete - only grid search params):
  {'alpha': 1.0, 'solver': 'auto', 'tol': 0.0001}

New params dict (complete - ALL parameters):
  {'alpha': 1.0, 'copy_X': True, 'fit_intercept': True, 'max_iter': None, 'positive': False, 'random_state': 42, 'solver': 'auto', 'tol': 0.0001}
================================================================================

     Full model: R²=0.703, RMSE=2.420
  -> Skipping subset analysis for Ridge (variable subsets disabled)
[125/266] Testing Ridge (alpha=10.0, solver=auto...) + deriv_snv_d1 | Best: R²=0.836, RMSE=1.802

================================================================================
DIAGNOSTIC - Ridge Training (Results Tab)
================================================================================
ALL Ridge parameters after training:
  alpha: 10.0
  copy_X: True
  fit_intercept: True
  max_iter: None
  positive: False
  random_state: 42
  solver: auto
  tol: 0.0001

Old params dict (incomplete - only grid search params):
  {'alpha': 10.0, 'solver': 'auto', 'tol': 0.0001}

New params dict (complete - ALL parameters):
  {'alpha': 10.0, 'copy_X': True, 'fit_intercept': True, 'max_iter': None, 'positive': False, 'random_state': 42, 'solver': 'auto', 'tol': 0.0001}
================================================================================

     Full model: R²=0.742, RMSE=2.211
  -> Skipping subset analysis for Ridge (variable subsets disabled)
[126/266] Testing LightGBM (n_estimators=100, learning_rate=0.05...) + deriv_snv_d1 | Best: R²=0.836, RMSE=1.802

================================================================================
DIAGNOSTIC - LightGBM Training (Results Tab)
================================================================================
ALL LightGBM parameters after training:
  bagging_freq: 1
  boosting_type: gbdt
  class_weight: None
  colsample_bytree: 0.8
  importance_type: split
  learning_rate: 0.05
  max_depth: -1
  min_child_samples: 5
  min_child_weight: 0.001
  min_split_gain: 0.0
  n_estimators: 100
  n_jobs: -1
  num_leaves: 31
  objective: None
  random_state: 42
  reg_alpha: 0.1
  reg_lambda: 1.0
  subsample: 0.8
  subsample_for_bin: 200000
  subsample_freq: 0
  verbosity: -1

Old params dict (incomplete - only grid search params):
  {'n_estimators': 100, 'learning_rate': 0.05, 'num_leaves': 31, 'max_depth': -1, 'min_child_samples': 5, 'subsample': 0.8, 'bagging_freq': 1, 'colsample_bytree': 0.8, 'reg_alpha': 0.1, 'reg_lambda': 1.0}

New params dict (complete - ALL parameters):
  {'boosting_type': 'gbdt', 'class_weight': None, 'colsample_bytree': 0.8, 'importance_type': 'split', 'learning_rate': 0.05, 'max_depth': -1, 'min_child_samples': 5, 'min_child_weight': 0.001, 'min_split_gain': 0.0, 'n_estimators': 100, 'n_jobs': -1, 'num_leaves': 31, 'objective': None, 'random_state': 42, 'reg_alpha': 0.1, 'reg_lambda': 1.0, 'subsample': 0.8, 'subsample_for_bin': 200000, 'subsample_freq': 0, 'bagging_freq': 1, 'verbosity': -1}
================================================================================

     Full model: R²=0.819, RMSE=1.937
  -> Skipping subset analysis for LightGBM (variable subsets disabled)
[127/266] Testing LightGBM (n_estimators=100, learning_rate=0.05...) + deriv_snv_d1 | Best: R²=0.836, RMSE=1.802

================================================================================
DIAGNOSTIC - LightGBM Training (Results Tab)
================================================================================
ALL LightGBM parameters after training:
  bagging_freq: 1
  boosting_type: gbdt
  class_weight: None
  colsample_bytree: 0.8
  importance_type: split
  learning_rate: 0.05
  max_depth: -1
  min_child_samples: 5
  min_child_weight: 0.001
  min_split_gain: 0.0
  n_estimators: 100
  n_jobs: -1
  num_leaves: 63
  objective: None
  random_state: 42
  reg_alpha: 0.1
  reg_lambda: 1.0
  subsample: 0.8
  subsample_for_bin: 200000
  subsample_freq: 0
  verbosity: -1

Old params dict (incomplete - only grid search params):
  {'n_estimators': 100, 'learning_rate': 0.05, 'num_leaves': 63, 'max_depth': -1, 'min_child_samples': 5, 'subsample': 0.8, 'bagging_freq': 1, 'colsample_bytree': 0.8, 'reg_alpha': 0.1, 'reg_lambda': 1.0}

New params dict (complete - ALL parameters):
  {'boosting_type': 'gbdt', 'class_weight': None, 'colsample_bytree': 0.8, 'importance_type': 'split', 'learning_rate': 0.05, 'max_depth': -1, 'min_child_samples': 5, 'min_child_weight': 0.001, 'min_split_gain': 0.0, 'n_estimators': 100, 'n_jobs': -1, 'num_leaves': 63, 'objective': None, 'random_state': 42, 'reg_alpha': 0.1, 'reg_lambda': 1.0, 'subsample': 0.8, 'subsample_for_bin': 200000, 'subsample_freq': 0, 'bagging_freq': 1, 'verbosity': -1}
================================================================================

     Full model: R²=0.819, RMSE=1.937
  -> Skipping subset analysis for LightGBM (variable subsets disabled)
[128/266] Testing LightGBM (n_estimators=100, learning_rate=0.1...) + deriv_snv_d1 | Best: R²=0.836, RMSE=1.802

================================================================================
DIAGNOSTIC - LightGBM Training (Results Tab)
================================================================================
ALL LightGBM parameters after training:
  bagging_freq: 1
  boosting_type: gbdt
  class_weight: None
  colsample_bytree: 0.8
  importance_type: split
  learning_rate: 0.1
  max_depth: -1
  min_child_samples: 5
  min_child_weight: 0.001
  min_split_gain: 0.0
  n_estimators: 100
  n_jobs: -1
  num_leaves: 31
  objective: None
  random_state: 42
  reg_alpha: 0.1
  reg_lambda: 1.0
  subsample: 0.8
  subsample_for_bin: 200000
  subsample_freq: 0
  verbosity: -1

Old params dict (incomplete - only grid search params):
  {'n_estimators': 100, 'learning_rate': 0.1, 'num_leaves': 31, 'max_depth': -1, 'min_child_samples': 5, 'subsample': 0.8, 'bagging_freq': 1, 'colsample_bytree': 0.8, 'reg_alpha': 0.1, 'reg_lambda': 1.0}

New params dict (complete - ALL parameters):
  {'boosting_type': 'gbdt', 'class_weight': None, 'colsample_bytree': 0.8, 'importance_type': 'split', 'learning_rate': 0.1, 'max_depth': -1, 'min_child_samples': 5, 'min_child_weight': 0.001, 'min_split_gain': 0.0, 'n_estimators': 100, 'n_jobs': -1, 'num_leaves': 31, 'objective': None, 'random_state': 42, 'reg_alpha': 0.1, 'reg_lambda': 1.0, 'subsample': 0.8, 'subsample_for_bin': 200000, 'subsample_freq': 0, 'bagging_freq': 1, 'verbosity': -1}
================================================================================

     Full model: R²=0.821, RMSE=1.900
  -> Skipping subset analysis for LightGBM (variable subsets disabled)
[129/266] Testing LightGBM (n_estimators=100, learning_rate=0.1...) + deriv_snv_d1 | Best: R²=0.836, RMSE=1.802

================================================================================
DIAGNOSTIC - LightGBM Training (Results Tab)
================================================================================
ALL LightGBM parameters after training:
  bagging_freq: 1
  boosting_type: gbdt
  class_weight: None
  colsample_bytree: 0.8
  importance_type: split
  learning_rate: 0.1
  max_depth: -1
  min_child_samples: 5
  min_child_weight: 0.001
  min_split_gain: 0.0
  n_estimators: 100
  n_jobs: -1
  num_leaves: 63
  objective: None
  random_state: 42
  reg_alpha: 0.1
  reg_lambda: 1.0
  subsample: 0.8
  subsample_for_bin: 200000
  subsample_freq: 0
  verbosity: -1

Old params dict (incomplete - only grid search params):
  {'n_estimators': 100, 'learning_rate': 0.1, 'num_leaves': 63, 'max_depth': -1, 'min_child_samples': 5, 'subsample': 0.8, 'bagging_freq': 1, 'colsample_bytree': 0.8, 'reg_alpha': 0.1, 'reg_lambda': 1.0}

New params dict (complete - ALL parameters):
  {'boosting_type': 'gbdt', 'class_weight': None, 'colsample_bytree': 0.8, 'importance_type': 'split', 'learning_rate': 0.1, 'max_depth': -1, 'min_child_samples': 5, 'min_child_weight': 0.001, 'min_split_gain': 0.0, 'n_estimators': 100, 'n_jobs': -1, 'num_leaves': 63, 'objective': None, 'random_state': 42, 'reg_alpha': 0.1, 'reg_lambda': 1.0, 'subsample': 0.8, 'subsample_for_bin': 200000, 'subsample_freq': 0, 'bagging_freq': 1, 'verbosity': -1}
================================================================================

     Full model: R²=0.821, RMSE=1.900
  -> Skipping subset analysis for LightGBM (variable subsets disabled)
[130/266] Testing LightGBM (n_estimators=200, learning_rate=0.05...) + deriv_snv_d1 | Best: R²=0.836, RMSE=1.802

================================================================================
DIAGNOSTIC - LightGBM Training (Results Tab)
================================================================================
ALL LightGBM parameters after training:
  bagging_freq: 1
  boosting_type: gbdt
  class_weight: None
  colsample_bytree: 0.8
  importance_type: split
  learning_rate: 0.05
  max_depth: -1
  min_child_samples: 5
  min_child_weight: 0.001
  min_split_gain: 0.0
  n_estimators: 200
  n_jobs: -1
  num_leaves: 31
  objective: None
  random_state: 42
  reg_alpha: 0.1
  reg_lambda: 1.0
  subsample: 0.8
  subsample_for_bin: 200000
  subsample_freq: 0
  verbosity: -1

Old params dict (incomplete - only grid search params):
  {'n_estimators': 200, 'learning_rate': 0.05, 'num_leaves': 31, 'max_depth': -1, 'min_child_samples': 5, 'subsample': 0.8, 'bagging_freq': 1, 'colsample_bytree': 0.8, 'reg_alpha': 0.1, 'reg_lambda': 1.0}

New params dict (complete - ALL parameters):
  {'boosting_type': 'gbdt', 'class_weight': None, 'colsample_bytree': 0.8, 'importance_type': 'split', 'learning_rate': 0.05, 'max_depth': -1, 'min_child_samples': 5, 'min_child_weight': 0.001, 'min_split_gain': 0.0, 'n_estimators': 200, 'n_jobs': -1, 'num_leaves': 31, 'objective': None, 'random_state': 42, 'reg_alpha': 0.1, 'reg_lambda': 1.0, 'subsample': 0.8, 'subsample_for_bin': 200000, 'subsample_freq': 0, 'bagging_freq': 1, 'verbosity': -1}
================================================================================

     Full model: R²=0.825, RMSE=1.891
  -> Skipping subset analysis for LightGBM (variable subsets disabled)
[131/266] Testing LightGBM (n_estimators=200, learning_rate=0.05...) + deriv_snv_d1 | Best: R²=0.836, RMSE=1.802

================================================================================
DIAGNOSTIC - LightGBM Training (Results Tab)
================================================================================
ALL LightGBM parameters after training:
  bagging_freq: 1
  boosting_type: gbdt
  class_weight: None
  colsample_bytree: 0.8
  importance_type: split
  learning_rate: 0.05
  max_depth: -1
  min_child_samples: 5
  min_child_weight: 0.001
  min_split_gain: 0.0
  n_estimators: 200
  n_jobs: -1
  num_leaves: 63
  objective: None
  random_state: 42
  reg_alpha: 0.1
  reg_lambda: 1.0
  subsample: 0.8
  subsample_for_bin: 200000
  subsample_freq: 0
  verbosity: -1

Old params dict (incomplete - only grid search params):
  {'n_estimators': 200, 'learning_rate': 0.05, 'num_leaves': 63, 'max_depth': -1, 'min_child_samples': 5, 'subsample': 0.8, 'bagging_freq': 1, 'colsample_bytree': 0.8, 'reg_alpha': 0.1, 'reg_lambda': 1.0}

New params dict (complete - ALL parameters):
  {'boosting_type': 'gbdt', 'class_weight': None, 'colsample_bytree': 0.8, 'importance_type': 'split', 'learning_rate': 0.05, 'max_depth': -1, 'min_child_samples': 5, 'min_child_weight': 0.001, 'min_split_gain': 0.0, 'n_estimators': 200, 'n_jobs': -1, 'num_leaves': 63, 'objective': None, 'random_state': 42, 'reg_alpha': 0.1, 'reg_lambda': 1.0, 'subsample': 0.8, 'subsample_for_bin': 200000, 'subsample_freq': 0, 'bagging_freq': 1, 'verbosity': -1}
================================================================================

     Full model: R²=0.825, RMSE=1.891
  -> Skipping subset analysis for LightGBM (variable subsets disabled)
[132/266] Testing LightGBM (n_estimators=200, learning_rate=0.1...) + deriv_snv_d1 | Best: R²=0.836, RMSE=1.802

================================================================================
DIAGNOSTIC - LightGBM Training (Results Tab)
================================================================================
ALL LightGBM parameters after training:
  bagging_freq: 1
  boosting_type: gbdt
  class_weight: None
  colsample_bytree: 0.8
  importance_type: split
  learning_rate: 0.1
  max_depth: -1
  min_child_samples: 5
  min_child_weight: 0.001
  min_split_gain: 0.0
  n_estimators: 200
  n_jobs: -1
  num_leaves: 31
  objective: None
  random_state: 42
  reg_alpha: 0.1
  reg_lambda: 1.0
  subsample: 0.8
  subsample_for_bin: 200000
  subsample_freq: 0
  verbosity: -1

Old params dict (incomplete - only grid search params):
  {'n_estimators': 200, 'learning_rate': 0.1, 'num_leaves': 31, 'max_depth': -1, 'min_child_samples': 5, 'subsample': 0.8, 'bagging_freq': 1, 'colsample_bytree': 0.8, 'reg_alpha': 0.1, 'reg_lambda': 1.0}

New params dict (complete - ALL parameters):
  {'boosting_type': 'gbdt', 'class_weight': None, 'colsample_bytree': 0.8, 'importance_type': 'split', 'learning_rate': 0.1, 'max_depth': -1, 'min_child_samples': 5, 'min_child_weight': 0.001, 'min_split_gain': 0.0, 'n_estimators': 200, 'n_jobs': -1, 'num_leaves': 31, 'objective': None, 'random_state': 42, 'reg_alpha': 0.1, 'reg_lambda': 1.0, 'subsample': 0.8, 'subsample_for_bin': 200000, 'subsample_freq': 0, 'bagging_freq': 1, 'verbosity': -1}
================================================================================

     Full model: R²=0.821, RMSE=1.904
  -> Skipping subset analysis for LightGBM (variable subsets disabled)
[133/266] Testing LightGBM (n_estimators=200, learning_rate=0.1...) + deriv_snv_d1 | Best: R²=0.836, RMSE=1.802

================================================================================
DIAGNOSTIC - LightGBM Training (Results Tab)
================================================================================
ALL LightGBM parameters after training:
  bagging_freq: 1
  boosting_type: gbdt
  class_weight: None
  colsample_bytree: 0.8
  importance_type: splitC:\Users\sponheim\AppData\Local\Programs\Python\Python312\Lib\site-packages\sklearn\utils\validation.py:2749: UserWarning: X does not have valid feature names, but LGBMRegressor was fitted with feature names
  warnings.warn(
C:\Users\sponheim\AppData\Local\Programs\Python\Python312\Lib\site-packages\sklearn\utils\validation.py:2749: UserWarning: X does not have valid feature names, but LGBMRegressor was fitted with feature names
  warnings.warn(
C:\Users\sponheim\AppData\Local\Programs\Python\Python312\Lib\site-packages\sklearn\utils\validation.py:2749: UserWarning: X does not have valid feature names, but LGBMRegressor was fitted with feature names
  warnings.warn(
C:\Users\sponheim\AppData\Local\Programs\Python\Python312\Lib\site-packages\sklearn\utils\validation.py:2749: UserWarning: X does not have valid feature names, but LGBMRegressor was fitted with feature names
  warnings.warn(
C:\Users\sponheim\AppData\Local\Programs\Python\Python312\Lib\site-packages\sklearn\utils\validation.py:2749: UserWarning: X does not have valid feature names, but LGBMRegressor was fitted with feature names
  warnings.warn(
C:\Users\sponheim\AppData\Local\Programs\Python\Python312\Lib\site-packages\sklearn\utils\validation.py:2749: UserWarning: X does not have valid feature names, but LGBMRegressor was fitted with feature names
  warnings.warn(
C:\Users\sponheim\AppData\Local\Programs\Python\Python312\Lib\site-packages\sklearn\utils\validation.py:2749: UserWarning: X does not have valid feature names, but LGBMRegressor was fitted with feature names
  warnings.warn(
C:\Users\sponheim\AppData\Local\Programs\Python\Python312\Lib\site-packages\sklearn\utils\validation.py:2749: UserWarning: X does not have valid feature names, but LGBMRegressor was fitted with feature names
  warnings.warn(
C:\Users\sponheim\AppData\Local\Programs\Python\Python312\Lib\site-packages\sklearn\utils\validation.py:2749: UserWarning: X does not have valid feature names, but LGBMRegressor was fitted with feature names
  warnings.warn(
C:\Users\sponheim\AppData\Local\Programs\Python\Python312\Lib\site-packages\sklearn\utils\validation.py:2749: UserWarning: X does not have valid feature names, but LGBMRegressor was fitted with feature names
  warnings.warn(
C:\Users\sponheim\AppData\Local\Programs\Python\Python312\Lib\site-packages\sklearn\utils\validation.py:2749: UserWarning: X does not have valid feature names, but LGBMRegressor was fitted with feature names
  warnings.warn(
C:\Users\sponheim\AppData\Local\Programs\Python\Python312\Lib\site-packages\sklearn\utils\validation.py:2749: UserWarning: X does not have valid feature names, but LGBMRegressor was fitted with feature names
  warnings.warn(
C:\Users\sponheim\AppData\Local\Programs\Python\Python312\Lib\site-packages\sklearn\utils\validation.py:2749: UserWarning: X does not have valid feature names, but LGBMRegressor was fitted with feature names
  warnings.warn(
C:\Users\sponheim\AppData\Local\Programs\Python\Python312\Lib\site-packages\sklearn\utils\validation.py:2749: UserWarning: X does not have valid feature names, but LGBMRegressor was fitted with feature names
  warnings.warn(
C:\Users\sponheim\AppData\Local\Programs\Python\Python312\Lib\site-packages\sklearn\utils\validation.py:2749: UserWarning: X does not have valid feature names, but LGBMRegressor was fitted with feature names
  warnings.warn(

  learning_rate: 0.1
  max_depth: -1
  min_child_samples: 5
  min_child_weight: 0.001
  min_split_gain: 0.0
  n_estimators: 200
  n_jobs: -1
  num_leaves: 63
  objective: None
  random_state: 42
  reg_alpha: 0.1
  reg_lambda: 1.0
  subsample: 0.8
  subsample_for_bin: 200000
  subsample_freq: 0
  verbosity: -1

Old params dict (incomplete - only grid search params):
  {'n_estimators': 200, 'learning_rate': 0.1, 'num_leaves': 63, 'max_depth': -1, 'min_child_samples': 5, 'subsample': 0.8, 'bagging_freq': 1, 'colsample_bytree': 0.8, 'reg_alpha': 0.1, 'reg_lambda': 1.0}

New params dict (complete - ALL parameters):
  {'boosting_type': 'gbdt', 'class_weight': None, 'colsample_bytree': 0.8, 'importance_type': 'split', 'learning_rate': 0.1, 'max_depth': -1, 'min_child_samples': 5, 'min_child_weight': 0.001, 'min_split_gain': 0.0, 'n_estimators': 200, 'n_jobs': -1, 'num_leaves': 63, 'objective': None, 'random_state': 42, 'reg_alpha': 0.1, 'reg_lambda': 1.0, 'subsample': 0.8, 'subsample_for_bin': 200000, 'subsample_freq': 0, 'bagging_freq': 1, 'verbosity': -1}
================================================================================

     Full model: R²=0.821, RMSE=1.904
  -> Skipping subset analysis for LightGBM (variable subsets disabled)
[134/266] Testing PLS (n_components=2, max_iter=500...) + deriv_snv_d1 | Best: R²=0.836, RMSE=1.802

================================================================================
DIAGNOSTIC - PLS Training (Results Tab)
================================================================================
ALL PLS parameters after training:
  copy: True
  max_iter: 500
  n_components: 2
  scale: False
  tol: 1e-06

Old params dict (incomplete - only grid search params):
  {'n_components': 2, 'max_iter': 500, 'tol': 1e-06}

New params dict (complete - ALL parameters):
  {'copy': True, 'max_iter': 500, 'n_components': 2, 'scale': False, 'tol': 1e-06}
================================================================================

     Full model: R²=0.609, RMSE=2.915
  -> Skipping subset analysis for PLS (variable subsets disabled)
[135/266] Testing PLS (n_components=3, max_iter=500...) + deriv_snv_d1 | Best: R²=0.836, RMSE=1.802

================================================================================
DIAGNOSTIC - PLS Training (Results Tab)
================================================================================
ALL PLS parameters after training:
  copy: True
  max_iter: 500
  n_components: 3
  scale: False
  tol: 1e-06

Old params dict (incomplete - only grid search params):
  {'n_components': 3, 'max_iter': 500, 'tol': 1e-06}

New params dict (complete - ALL parameters):
  {'copy': True, 'max_iter': 500, 'n_components': 3, 'scale': False, 'tol': 1e-06}
================================================================================

     Full model: R²=0.728, RMSE=2.520
  -> Skipping subset analysis for PLS (variable subsets disabled)
[136/266] Testing PLS (n_components=4, max_iter=500...) + deriv_snv_d1 | Best: R²=0.836, RMSE=1.802

================================================================================
DIAGNOSTIC - PLS Training (Results Tab)
================================================================================
ALL PLS parameters after training:
  copy: True
  max_iter: 500
  n_components: 4
  scale: False
  tol: 1e-06

Old params dict (incomplete - only grid search params):
  {'n_components': 4, 'max_iter': 500, 'tol': 1e-06}

New params dict (complete - ALL parameters):
  {'copy': True, 'max_iter': 500, 'n_components': 4, 'scale': False, 'tol': 1e-06}
================================================================================

     Full model: R²=0.699, RMSE=2.483
  -> Skipping subset analysis for PLS (variable subsets disabled)
[137/266] Testing PLS (n_components=5, max_iter=500...) + deriv_snv_d1 | Best: R²=0.836, RMSE=1.802

================================================================================
DIAGNOSTIC - PLS Training (Results Tab)
================================================================================
ALL PLS parameters after training:
  copy: True
  max_iter: 500
  n_components: 5
  scale: False
  tol: 1e-06

Old params dict (incomplete - only grid search params):
  {'n_components': 5, 'max_iter': 500, 'tol': 1e-06}

New params dict (complete - ALL parameters):
  {'copy': True, 'max_iter': 500, 'n_components': 5, 'scale': False, 'tol': 1e-06}
================================================================================

     Full model: R²=0.732, RMSE=2.400
  -> Skipping subset analysis for PLS (variable subsets disabled)
[138/266] Testing PLS (n_components=6, max_iter=500...) + deriv_snv_d1 | Best: R²=0.836, RMSE=1.802

================================================================================
DIAGNOSTIC - PLS Training (Results Tab)
================================================================================
ALL PLS parameters after training:
  copy: True
  max_iter: 500
  n_components: 6
  scale: False
  tol: 1e-06

Old params dict (incomplete - only grid search params):
  {'n_components': 6, 'max_iter': 500, 'tol': 1e-06}

New params dict (complete - ALL parameters):
  {'copy': True, 'max_iter': 500, 'n_components': 6, 'scale': False, 'tol': 1e-06}
================================================================================

     Full model: R²=0.758, RMSE=2.342
  -> Skipping subset analysis for PLS (variable subsets disabled)
[139/266] Testing PLS (n_components=7, max_iter=500...) + deriv_snv_d1 | Best: R²=0.836, RMSE=1.802

================================================================================
DIAGNOSTIC - PLS Training (Results Tab)
================================================================================
ALL PLS parameters after training:
  copy: True
  max_iter: 500
  n_components: 7
  scale: False
  tol: 1e-06

Old params dict (incomplete - only grid search params):
  {'n_components': 7, 'max_iter': 500, 'tol': 1e-06}

New params dict (complete - ALL parameters):
  {'copy': True, 'max_iter': 500, 'n_components': 7, 'scale': False, 'tol': 1e-06}
================================================================================

     Full model: R²=0.756, RMSE=2.309
  -> Skipping subset analysis for PLS (variable subsets disabled)
[140/266] Testing Ridge (alpha=0.001, solver=auto...) + deriv_snv_d1 | Best: R²=0.836, RMSE=1.802

================================================================================
DIAGNOSTIC - Ridge Training (Results Tab)
================================================================================
ALL Ridge parameters after training:
  alpha: 0.001
  copy_X: True
  fit_intercept: True
  max_iter: None
  positive: False
  random_state: 42
  solver: auto
  tol: 0.0001

Old params dict (incomplete - only grid search params):
  {'alpha': 0.001, 'solver': 'auto', 'tol': 0.0001}

New params dict (complete - ALL parameters):
  {'alpha': 0.001, 'copy_X': True, 'fit_intercept': True, 'max_iter': None, 'positive': False, 'random_state': 42, 'solver': 'auto', 'tol': 0.0001}
================================================================================

     Full model: R²=0.611, RMSE=2.819
  -> Skipping subset analysis for Ridge (variable subsets disabled)
[141/266] Testing Ridge (alpha=0.01, solver=auto...) + deriv_snv_d1 | Best: R²=0.836, RMSE=1.802

================================================================================
DIAGNOSTIC - Ridge Training (Results Tab)
================================================================================
ALL Ridge parameters after training:
  alpha: 0.01
  copy_X: True
  fit_intercept: True
  max_iter: None
  positive: False
  random_state: 42
  solver: auto
  tol: 0.0001

Old params dict (incomplete - only grid search params):
  {'alpha': 0.01, 'solver': 'auto', 'tol': 0.0001}

New params dict (complete - ALL parameters):
C:\Users\sponheim\AppData\Local\Programs\Python\Python312\Lib\site-packages\sklearn\utils\validation.py:2749: UserWarning: X does not have valid feature names, but LGBMRegressor was fitted with feature names
  warnings.warn(
C:\Users\sponheim\AppData\Local\Programs\Python\Python312\Lib\site-packages\sklearn\utils\validation.py:2749: UserWarning: X does not have valid feature names, but LGBMRegressor was fitted with feature names
  warnings.warn(
C:\Users\sponheim\AppData\Local\Programs\Python\Python312\Lib\site-packages\sklearn\utils\validation.py:2749: UserWarning: X does not have valid feature names, but LGBMRegressor was fitted with feature names
  warnings.warn(
C:\Users\sponheim\AppData\Local\Programs\Python\Python312\Lib\site-packages\sklearn\utils\validation.py:2749: UserWarning: X does not have valid feature names, but LGBMRegressor was fitted with feature names
  warnings.warn(
C:\Users\sponheim\AppData\Local\Programs\Python\Python312\Lib\site-packages\sklearn\utils\validation.py:2749: UserWarning: X does not have valid feature names, but LGBMRegressor was fitted with feature names
  warnings.warn(
C:\Users\sponheim\AppData\Local\Programs\Python\Python312\Lib\site-packages\sklearn\utils\validation.py:2749: UserWarning: X does not have valid feature names, but LGBMRegressor was fitted with feature names
  warnings.warn(
C:\Users\sponheim\AppData\Local\Programs\Python\Python312\Lib\site-packages\sklearn\utils\validation.py:2749: UserWarning: X does not have valid feature names, but LGBMRegressor was fitted with feature names
  warnings.warn(
C:\Users\sponheim\AppData\Local\Programs\Python\Python312\Lib\site-packages\sklearn\utils\validation.py:2749: UserWarning: X does not have valid feature names, but LGBMRegressor was fitted with feature names
  warnings.warn(
C:\Users\sponheim\AppData\Local\Programs\Python\Python312\Lib\site-packages\sklearn\utils\validation.py:2749: UserWarning: X does not have valid feature names, but LGBMRegressor was fitted with feature names
  warnings.warn(
C:\Users\sponheim\AppData\Local\Programs\Python\Python312\Lib\site-packages\sklearn\utils\validation.py:2749: UserWarning: X does not have valid feature names, but LGBMRegressor was fitted with feature names
  warnings.warn(
C:\Users\sponheim\AppData\Local\Programs\Python\Python312\Lib\site-packages\sklearn\utils\validation.py:2749: UserWarning: X does not have valid feature names, but LGBMRegressor was fitted with feature names
  warnings.warn(
C:\Users\sponheim\AppData\Local\Programs\Python\Python312\Lib\site-packages\sklearn\utils\validation.py:2749: UserWarning: X does not have valid feature names, but LGBMRegressor was fitted with feature names
  warnings.warn(
C:\Users\sponheim\AppData\Local\Programs\Python\Python312\Lib\site-packages\sklearn\utils\validation.py:2749: UserWarning: X does not have valid feature names, but LGBMRegressor was fitted with feature names
  warnings.warn(
C:\Users\sponheim\AppData\Local\Programs\Python\Python312\Lib\site-packages\sklearn\utils\validation.py:2749: UserWarning: X does not have valid feature names, but LGBMRegressor was fitted with feature names
  warnings.warn(
C:\Users\sponheim\AppData\Local\Programs\Python\Python312\Lib\site-packages\sklearn\utils\validation.py:2749: UserWarning: X does not have valid feature names, but LGBMRegressor was fitted with feature names
  warnings.warn(
C:\Users\sponheim\AppData\Local\Programs\Python\Python312\Lib\site-packages\sklearn\utils\validation.py:2749: UserWarning: X does not have valid feature names, but LGBMRegressor was fitted with feature names
  warnings.warn(
C:\Users\sponheim\AppData\Local\Programs\Python\Python312\Lib\site-packages\sklearn\utils\validation.py:2749: UserWarning: X does not have valid feature names, but LGBMRegressor was fitted with feature names
  warnings.warn(
C:\Users\sponheim\AppData\Local\Programs\Python\Python312\Lib\site-packages\sklearn\utils\validation.py:2749: UserWarning: X does not have valid feature names, but LGBMRegressor was fitted with feature names
  warnings.warn(
C:\Users\sponheim\AppData\Local\Programs\Python\Python312\Lib\site-packages\sklearn\utils\validation.py:2749: UserWarning: X does not have valid feature names, but LGBMRegressor was fitted with feature names
  warnings.warn(
C:\Users\sponheim\AppData\Local\Programs\Python\Python312\Lib\site-packages\sklearn\utils\validation.py:2749: UserWarning: X does not have valid feature names, but LGBMRegressor was fitted with feature names
  warnings.warn(
C:\Users\sponheim\AppData\Local\Programs\Python\Python312\Lib\site-packages\sklearn\utils\validation.py:2749: UserWarning: X does not have valid feature names, but LGBMRegressor was fitted with feature names
  warnings.warn(
C:\Users\sponheim\AppData\Local\Programs\Python\Python312\Lib\site-packages\sklearn\utils\validation.py:2749: UserWarning: X does not have valid feature names, but LGBMRegressor was fitted with feature names
  warnings.warn(
C:\Users\sponheim\AppData\Local\Programs\Python\Python312\Lib\site-packages\sklearn\utils\validation.py:2749: UserWarning: X does not have valid feature names, but LGBMRegressor was fitted with feature names
  warnings.warn(
C:\Users\sponheim\AppData\Local\Programs\Python\Python312\Lib\site-packages\sklearn\utils\validation.py:2749: UserWarning: X does not have valid feature names, but LGBMRegressor was fitted with feature names
  warnings.warn(
C:\Users\sponheim\AppData\Local\Programs\Python\Python312\Lib\site-packages\sklearn\utils\validation.py:2749: UserWarning: X does not have valid feature names, but LGBMRegressor was fitted with feature names
  warnings.warn(
  {'alpha': 0.01, 'copy_X': True, 'fit_intercept': True, 'max_iter': None, 'positive': False, 'random_state': 42, 'solver': 'auto', 'tol': 0.0001}
================================================================================

     Full model: R²=0.625, RMSE=2.783
  -> Skipping subset analysis for Ridge (variable subsets disabled)
[142/266] Testing Ridge (alpha=0.1, solver=auto...) + deriv_snv_d1 | Best: R²=0.836, RMSE=1.802

================================================================================
DIAGNOSTIC - Ridge Training (Results Tab)
================================================================================
ALL Ridge parameters after training:
  alpha: 0.1
  copy_X: True
  fit_intercept: True
  max_iter: None
  positive: False
  random_state: 42
  solver: auto
  tol: 0.0001

Old params dict (incomplete - only grid search params):
  {'alpha': 0.1, 'solver': 'auto', 'tol': 0.0001}

New params dict (complete - ALL parameters):
  {'alpha': 0.1, 'copy_X': True, 'fit_intercept': True, 'max_iter': None, 'positive': False, 'random_state': 42, 'solver': 'auto', 'tol': 0.0001}
================================================================================

     Full model: R²=0.707, RMSE=2.539
  -> Skipping subset analysis for Ridge (variable subsets disabled)
[143/266] Testing Ridge (alpha=1.0, solver=auto...) + deriv_snv_d1 | Best: R²=0.836, RMSE=1.802

================================================================================
DIAGNOSTIC - Ridge Training (Results Tab)
================================================================================
ALL Ridge parameters after training:
  alpha: 1.0
  copy_X: True
  fit_intercept: True
  max_iter: None
  positive: False
  random_state: 42
  solver: auto
  tol: 0.0001

Old params dict (incomplete - only grid search params):
  {'alpha': 1.0, 'solver': 'auto', 'tol': 0.0001}

New params dict (complete - ALL parameters):
  {'alpha': 1.0, 'copy_X': True, 'fit_intercept': True, 'max_iter': None, 'positive': False, 'random_state': 42, 'solver': 'auto', 'tol': 0.0001}
================================================================================

     Full model: R²=0.795, RMSE=2.131
  -> Skipping subset analysis for Ridge (variable subsets disabled)
[144/266] Testing Ridge (alpha=10.0, solver=auto...) + deriv_snv_d1 | Best: R²=0.836, RMSE=1.802

================================================================================
DIAGNOSTIC - Ridge Training (Results Tab)
================================================================================
ALL Ridge parameters after training:
  alpha: 10.0
  copy_X: True
  fit_intercept: True
  max_iter: None
  positive: False
  random_state: 42
  solver: auto
  tol: 0.0001

Old params dict (incomplete - only grid search params):
  {'alpha': 10.0, 'solver': 'auto', 'tol': 0.0001}

New params dict (complete - ALL parameters):
  {'alpha': 10.0, 'copy_X': True, 'fit_intercept': True, 'max_iter': None, 'positive': False, 'random_state': 42, 'solver': 'auto', 'tol': 0.0001}
================================================================================

     Full model: R²=0.763, RMSE=2.182
  -> Skipping subset analysis for Ridge (variable subsets disabled)
[145/266] Testing LightGBM (n_estimators=100, learning_rate=0.05...) + deriv_snv_d1 | Best: R²=0.836, RMSE=1.802

================================================================================
DIAGNOSTIC - LightGBM Training (Results Tab)
================================================================================
ALL LightGBM parameters after training:
  bagging_freq: 1
  boosting_type: gbdt
  class_weight: None
  colsample_bytree: 0.8
  importance_type: split
  learning_rate: 0.05
  max_depth: -1
  min_child_samples: 5
  min_child_weight: 0.001
  min_split_gain: 0.0
  n_estimators: 100
  n_jobs: -1
  num_leaves: 31
  objective: None
  random_state: 42
  reg_alpha: 0.1
  reg_lambda: 1.0
  subsample: 0.8
  subsample_for_bin: 200000
  subsample_freq: 0
  verbosity: -1

Old params dict (incomplete - only grid search params):
  {'n_estimators': 100, 'learning_rate': 0.05, 'num_leaves': 31, 'max_depth': -1, 'min_child_samples': 5, 'subsample': 0.8, 'bagging_freq': 1, 'colsample_bytree': 0.8, 'reg_alpha': 0.1, 'reg_lambda': 1.0}

New params dict (complete - ALL parameters):
  {'boosting_type': 'gbdt', 'class_weight': None, 'colsample_bytree': 0.8, 'importance_type': 'split', 'learning_rate': 0.05, 'max_depth': -1, 'min_child_samples': 5, 'min_child_weight': 0.001, 'min_split_gain': 0.0, 'n_estimators': 100, 'n_jobs': -1, 'num_leaves': 31, 'objective': None, 'random_state': 42, 'reg_alpha': 0.1, 'reg_lambda': 1.0, 'subsample': 0.8, 'subsample_for_bin': 200000, 'subsample_freq': 0, 'bagging_freq': 1, 'verbosity': -1}
================================================================================

     Full model: R²=0.834, RMSE=1.895
  -> Skipping subset analysis for LightGBM (variable subsets disabled)
[146/266] Testing LightGBM (n_estimators=100, learning_rate=0.05...) + deriv_snv_d1 | Best: R²=0.836, RMSE=1.802

================================================================================
DIAGNOSTIC - LightGBM Training (Results Tab)
================================================================================
ALL LightGBM parameters after training:
  bagging_freq: 1
  boosting_type: gbdt
  class_weight: None
  colsample_bytree: 0.8
  importance_type: split
  learning_rate: 0.05
  max_depth: -1
  min_child_samples: 5
  min_child_weight: 0.001
  min_split_gain: 0.0
  n_estimators: 100
  n_jobs: -1
  num_leaves: 63
  objective: None
  random_state: 42
  reg_alpha: 0.1
  reg_lambda: 1.0
  subsample: 0.8
  subsample_for_bin: 200000
  subsample_freq: 0
  verbosity: -1

Old params dict (incomplete - only grid search params):
  {'n_estimators': 100, 'learning_rate': 0.05, 'num_leaves': 63, 'max_depth': -1, 'min_child_samples': 5, 'subsample': 0.8, 'bagging_freq': 1, 'colsample_bytree': 0.8, 'reg_alpha': 0.1, 'reg_lambda': 1.0}

New params dict (complete - ALL parameters):
  {'boosting_type': 'gbdt', 'class_weight': None, 'colsample_bytree': 0.8, 'importance_type': 'split', 'learning_rate': 0.05, 'max_depth': -1, 'min_child_samples': 5, 'min_child_weight': 0.001, 'min_split_gain': 0.0, 'n_estimators': 100, 'n_jobs': -1, 'num_leaves': 63, 'objective': None, 'random_state': 42, 'reg_alpha': 0.1, 'reg_lambda': 1.0, 'subsample': 0.8, 'subsample_for_bin': 200000, 'subsample_freq': 0, 'bagging_freq': 1, 'verbosity': -1}
================================================================================

     Full model: R²=0.834, RMSE=1.895
  -> Skipping subset analysis for LightGBM (variable subsets disabled)
[147/266] Testing LightGBM (n_estimators=100, learning_rate=0.1...) + deriv_snv_d1 | Best: R²=0.836, RMSE=1.802

================================================================================
DIAGNOSTIC - LightGBM Training (Results Tab)
================================================================================
ALL LightGBM parameters after training:
  bagging_freq: 1
  boosting_type: gbdt
  class_weight: None
  colsample_bytree: 0.8
  importance_type: split
  learning_rate: 0.1
  max_depth: -1
  min_child_samples: 5
  min_child_weight: 0.001
  min_split_gain: 0.0
  n_estimators: 100
  n_jobs: -1
  num_leaves: 31
  objective: None
  random_state: 42
  reg_alpha: 0.1
  reg_lambda: 1.0
  subsample: 0.8
  subsample_for_bin: 200000
  subsample_freq: 0
  verbosity: -1

Old params dict (incomplete - only grid search params):
  {'n_estimators': 100, 'learning_rate': 0.1, 'num_leaves': 31, 'max_depth': -1, 'min_child_samples': 5, 'subsample': 0.8, 'bagging_freq': 1, 'colsample_bytree': 0.8, 'reg_alpha': 0.1, 'reg_lambda': 1.0}

New params dict (complete - ALL parameters):
  {'boosting_type': 'gbdt', 'class_weight': None, 'colsample_bytree': 0.8, 'importance_type': 'split', 'learning_rate': 0.1, 'max_depth': -1, 'min_child_samples': 5, 'min_child_weight': 0.001, 'min_split_gain': 0.0, 'n_estimators': 100, 'n_jobs': -1, 'num_leaves': 31, 'objective': None, 'random_state': 42, 'reg_alpha': 0.1, 'reg_lambda': 1.0, 'subsample': 0.8, 'subsample_for_bin': 200000, 'subsample_freq': 0, 'bagging_freq': 1, 'verbosity': -1}
================================================================================

     Full model: R²=0.811, RMSE=1.890
  -> Skipping subset analysis for LightGBM (variable subsets disabled)
[148/266] Testing LightGBM (n_estimators=100, learning_rate=0.1...) + deriv_snv_d1 | Best: R²=0.836, RMSE=1.802

================================================================================
DIAGNOSTIC - LightGBM Training (Results Tab)
================================================================================
ALL LightGBM parameters after training:
  bagging_freq: 1
  boosting_type: gbdt
  class_weight: None
  colsample_bytree: 0.8
  importance_type: split
  learning_rate: 0.1
  max_depth: -1
  min_child_samples: 5
  min_child_weight: 0.001
  min_split_gain: 0.0
  n_estimators: 100
  n_jobs: -1
  num_leaves: 63
  objective: None
  random_state: 42
  reg_alpha: 0.1
  reg_lambda: 1.0
  subsample: 0.8
  subsample_for_bin: 200000
  subsample_freq: 0
  verbosity: -1

Old params dict (incomplete - only grid search params):
  {'n_estimators': 100, 'learning_rate': 0.1, 'num_leaves': 63, 'max_depth': -1, 'min_child_samples': 5, 'subsample': 0.8, 'bagging_freq': 1, 'colsample_bytree': 0.8, 'reg_alpha': 0.1, 'reg_lambda': 1.0}

New params dict (complete - ALL parameters):
  {'boosting_type': 'gbdt', 'class_weight': None, 'colsample_bytree': 0.8, 'importance_type': 'split', 'learning_rate': 0.1, 'max_depth': -1, 'min_child_samples': 5, 'min_child_weight': 0.001, 'min_split_gain': 0.0, 'n_estimators': 100, 'n_jobs': -1, 'num_leaves': 63, 'objective': None, 'random_state': 42, 'reg_alpha': 0.1, 'reg_lambda': 1.0, 'subsample': 0.8, 'subsample_for_bin': 200000, 'subsample_freq': 0, 'bagging_freq': 1, 'verbosity': -1}
================================================================================

     Full model: R²=0.811, RMSE=1.890
  -> Skipping subset analysis for LightGBM (variable subsets disabled)
[149/266] Testing LightGBM (n_estimators=200, learning_rate=0.05...) + deriv_snv_d1 | Best: R²=0.836, RMSE=1.802

================================================================================
DIAGNOSTIC - LightGBM Training (Results Tab)
================================================================================
ALL LightGBM parameters after training:
  bagging_freq: 1
  boosting_type: gbdt
  class_weight: None
  colsample_bytree: 0.8
  importance_type: split
  learning_rate: 0.05
  max_depth: -1
  min_child_samples: 5
  min_child_weight: 0.001
  min_split_gain: 0.0
  n_estimators: 200
  n_jobs: -1
  num_leaves: 31
  objective: None
  random_state: 42
  reg_alpha: 0.1
  reg_lambda: 1.0
  subsample: 0.8
  subsample_for_bin: 200000
  subsample_freq: 0
  verbosity: -1

Old params dict (incomplete - only grid search params):
  {'n_estimators': 200, 'learning_rate': 0.05, 'num_leaves': 31, 'max_depth': -1, 'min_child_samples': 5, 'subsample': 0.8, 'bagging_freq': 1, 'colsample_bytree': 0.8, 'reg_alpha': 0.1, 'reg_lambda': 1.0}

New params dict (complete - ALL parameters):
  {'boosting_type': 'gbdt', 'class_weight': None, 'colsample_bytree': 0.8, 'importance_type': 'split', 'learning_rate': 0.05, 'max_depth': -1, 'min_child_samples': 5, 'min_child_weight': 0.001, 'min_split_gain': 0.0, 'n_estimators': 200, 'n_jobs': -1, 'num_leaves': 31, 'objective': None, 'random_state': 42, 'reg_alpha': 0.1, 'reg_lambda': 1.0, 'subsample': 0.8, 'subsample_for_bin': 200000, 'subsample_freq': 0, 'bagging_freq': 1, 'verbosity': -1}
================================================================================

     Full model: R²=0.831, RMSE=1.880
  -> Skipping subset analysis for LightGBM (variable subsets disabled)
[150/266] Testing LightGBM (n_estimators=200, learning_rate=0.05...) + deriv_snv_d1 | Best: R²=0.836, RMSE=1.802

================================================================================
DIAGNOSTIC - LightGBM Training (Results Tab)
================================================================================
ALL LightGBM parameters after training:
  bagging_freq: 1
  boosting_type: gbdt
  class_weight: None
  colsample_bytree: 0.8
  importance_type: split
  learning_rate: 0.05
  max_depth: -1
  min_child_samples: 5
  min_child_weight: 0.001
  min_split_gain: 0.0
  n_estimators: 200
  n_jobs: -1
  num_leaves: 63
  objective: None
  random_state: 42
  reg_alpha: 0.1
  reg_lambda: 1.0
  subsample: 0.8
  subsample_for_bin: 200000
  subsample_freq: 0
  verbosity: -1

Old params dict (incomplete - only grid search params):
  {'n_estimators': 200, 'learning_rate': 0.05, 'num_leaves': 63, 'max_depth': -1, 'min_child_samples': 5, 'subsample': 0.8, 'bagging_freq': 1, 'colsample_bytree': 0.8, 'reg_alpha': 0.1, 'reg_lambda': 1.0}

New params dict (complete - ALL parameters):
  {'boosting_type': 'gbdt', 'class_weight': None, 'colsample_bytree': 0.8, 'importance_type': 'split', 'learning_rate': 0.05, 'max_depth': -1, 'min_child_samples': 5, 'min_child_weight': 0.001, 'min_split_gain': 0.0, 'n_estimators': 200, 'n_jobs': -1, 'num_leaves': 63, 'objective': None, 'random_state': 42, 'reg_alpha': 0.1, 'reg_lambda': 1.0, 'subsample': 0.8, 'subsample_for_bin': 200000, 'subsample_freq': 0, 'bagging_freq': 1, 'verbosity': -1}
================================================================================

     Full model: R²=0.831, RMSE=1.880
  -> Skipping subset analysis for LightGBM (variable subsets disabled)
[151/266] Testing LightGBM (n_estimators=200, learning_rate=0.1...) + deriv_snv_d1 | Best: R²=0.836, RMSE=1.802

================================================================================
DIAGNOSTIC - LightGBM Training (Results Tab)
================================================================================
ALL LightGBM parameters after training:
  bagging_freq: 1
  boosting_type: gbdt
  class_weight: None
  colsample_bytree: 0.8
  importance_type: split
  learning_rate: 0.1
  max_depth: -1
  min_child_samples: 5
  min_child_weight: 0.001
  min_split_gain: 0.0
  n_estimators: 200
  n_jobs: -1
  num_leaves: 31
  objective: None
  random_state: 42
  reg_alpha: 0.1
  reg_lambda: 1.0
  subsample: 0.8
  subsample_for_bin: 200000
  subsample_freq: 0
  verbosity: -1

Old params dict (incomplete - only grid search params):
  {'n_estimators': 200, 'learning_rate': 0.1, 'num_leaves': 31, 'max_depth': -1, 'min_child_samples': 5, 'subsample': 0.8, 'bagging_freq': 1, 'colsample_bytree': 0.8, 'reg_alpha': 0.1, 'reg_lambda': 1.0}

New params dict (complete - ALL parameters):
  {'boosting_type': 'gbdt', 'class_weight': None, 'colsample_bytree': 0.8, 'importance_type': 'split', 'learning_rate': 0.1, 'max_depth': -1, 'min_child_samples': 5, 'min_child_weight': 0.001, 'min_split_gain': 0.0, 'n_estimators': 200, 'n_jobs': -1, 'num_leaves': 31, 'objective': None, 'random_state': 42, 'reg_alpha': 0.1, 'reg_lambda': 1.0, 'subsample': 0.8, 'subsample_for_bin': 200000, 'subsample_freq': 0, 'bagging_freq': 1, 'verbosity': -1}
================================================================================

     Full model: R²=0.805, RMSE=1.908
  -> Skipping subset analysis for LightGBM (variable subsets disabled)
[152/266] Testing LightGBM (n_estimators=200, learning_rate=0.1...) + deriv_snv_d1 | Best: R²=0.836, RMSE=1.802

================================================================================
DIAGNOSTIC - LightGBM Training (Results Tab)
================================================================================
ALL LightGBM parameters after training:
  bagging_freq: 1
  boosting_type: gbdt
  class_weight: None
  colsample_bytree: 0.8
  importance_type: splitC:\Users\sponheim\AppData\Local\Programs\Python\Python312\Lib\site-packages\sklearn\utils\validation.py:2749: UserWarning: X does not have valid feature names, but LGBMRegressor was fitted with feature names
  warnings.warn(
C:\Users\sponheim\AppData\Local\Programs\Python\Python312\Lib\site-packages\sklearn\utils\validation.py:2749: UserWarning: X does not have valid feature names, but LGBMRegressor was fitted with feature names
  warnings.warn(
C:\Users\sponheim\AppData\Local\Programs\Python\Python312\Lib\site-packages\sklearn\utils\validation.py:2749: UserWarning: X does not have valid feature names, but LGBMRegressor was fitted with feature names
  warnings.warn(
C:\Users\sponheim\AppData\Local\Programs\Python\Python312\Lib\site-packages\sklearn\utils\validation.py:2749: UserWarning: X does not have valid feature names, but LGBMRegressor was fitted with feature names
  warnings.warn(
C:\Users\sponheim\AppData\Local\Programs\Python\Python312\Lib\site-packages\sklearn\utils\validation.py:2749: UserWarning: X does not have valid feature names, but LGBMRegressor was fitted with feature names
  warnings.warn(
C:\Users\sponheim\AppData\Local\Programs\Python\Python312\Lib\site-packages\sklearn\utils\validation.py:2749: UserWarning: X does not have valid feature names, but LGBMRegressor was fitted with feature names
  warnings.warn(
C:\Users\sponheim\AppData\Local\Programs\Python\Python312\Lib\site-packages\sklearn\utils\validation.py:2749: UserWarning: X does not have valid feature names, but LGBMRegressor was fitted with feature names
  warnings.warn(
C:\Users\sponheim\AppData\Local\Programs\Python\Python312\Lib\site-packages\sklearn\utils\validation.py:2749: UserWarning: X does not have valid feature names, but LGBMRegressor was fitted with feature names
  warnings.warn(
C:\Users\sponheim\AppData\Local\Programs\Python\Python312\Lib\site-packages\sklearn\utils\validation.py:2749: UserWarning: X does not have valid feature names, but LGBMRegressor was fitted with feature names
  warnings.warn(
C:\Users\sponheim\AppData\Local\Programs\Python\Python312\Lib\site-packages\sklearn\utils\validation.py:2749: UserWarning: X does not have valid feature names, but LGBMRegressor was fitted with feature names
  warnings.warn(
C:\Users\sponheim\AppData\Local\Programs\Python\Python312\Lib\site-packages\sklearn\utils\validation.py:2749: UserWarning: X does not have valid feature names, but LGBMRegressor was fitted with feature names
  warnings.warn(
C:\Users\sponheim\AppData\Local\Programs\Python\Python312\Lib\site-packages\sklearn\utils\validation.py:2749: UserWarning: X does not have valid feature names, but LGBMRegressor was fitted with feature names
  warnings.warn(
C:\Users\sponheim\AppData\Local\Programs\Python\Python312\Lib\site-packages\sklearn\utils\validation.py:2749: UserWarning: X does not have valid feature names, but LGBMRegressor was fitted with feature names
  warnings.warn(
C:\Users\sponheim\AppData\Local\Programs\Python\Python312\Lib\site-packages\sklearn\utils\validation.py:2749: UserWarning: X does not have valid feature names, but LGBMRegressor was fitted with feature names
  warnings.warn(
C:\Users\sponheim\AppData\Local\Programs\Python\Python312\Lib\site-packages\sklearn\utils\validation.py:2749: UserWarning: X does not have valid feature names, but LGBMRegressor was fitted with feature names
  warnings.warn(

  learning_rate: 0.1
  max_depth: -1
  min_child_samples: 5
  min_child_weight: 0.001
  min_split_gain: 0.0
  n_estimators: 200
  n_jobs: -1
  num_leaves: 63
  objective: None
  random_state: 42
  reg_alpha: 0.1
  reg_lambda: 1.0
  subsample: 0.8
  subsample_for_bin: 200000
  subsample_freq: 0
  verbosity: -1

Old params dict (incomplete - only grid search params):
  {'n_estimators': 200, 'learning_rate': 0.1, 'num_leaves': 63, 'max_depth': -1, 'min_child_samples': 5, 'subsample': 0.8, 'bagging_freq': 1, 'colsample_bytree': 0.8, 'reg_alpha': 0.1, 'reg_lambda': 1.0}

New params dict (complete - ALL parameters):
  {'boosting_type': 'gbdt', 'class_weight': None, 'colsample_bytree': 0.8, 'importance_type': 'split', 'learning_rate': 0.1, 'max_depth': -1, 'min_child_samples': 5, 'min_child_weight': 0.001, 'min_split_gain': 0.0, 'n_estimators': 200, 'n_jobs': -1, 'num_leaves': 63, 'objective': None, 'random_state': 42, 'reg_alpha': 0.1, 'reg_lambda': 1.0, 'subsample': 0.8, 'subsample_for_bin': 200000, 'subsample_freq': 0, 'bagging_freq': 1, 'verbosity': -1}
================================================================================

     Full model: R²=0.805, RMSE=1.908
  -> Skipping subset analysis for LightGBM (variable subsets disabled)
[153/266] Testing PLS (n_components=2, max_iter=500...) + deriv_d2 | Best: R²=0.836, RMSE=1.802

================================================================================
DIAGNOSTIC - PLS Training (Results Tab)
================================================================================
ALL PLS parameters after training:
  copy: True
  max_iter: 500
  n_components: 2
  scale: False
  tol: 1e-06

Old params dict (incomplete - only grid search params):
  {'n_components': 2, 'max_iter': 500, 'tol': 1e-06}

New params dict (complete - ALL parameters):
  {'copy': True, 'max_iter': 500, 'n_components': 2, 'scale': False, 'tol': 1e-06}
================================================================================

     Full model: R²=0.210, RMSE=4.793
  -> Skipping subset analysis for PLS (variable subsets disabled)
[154/266] Testing PLS (n_components=3, max_iter=500...) + deriv_d2 | Best: R²=0.836, RMSE=1.802

================================================================================
DIAGNOSTIC - PLS Training (Results Tab)
================================================================================
ALL PLS parameters after training:
  copy: True
  max_iter: 500
  n_components: 3
  scale: False
  tol: 1e-06

Old params dict (incomplete - only grid search params):
  {'n_components': 3, 'max_iter': 500, 'tol': 1e-06}

New params dict (complete - ALL parameters):
  {'copy': True, 'max_iter': 500, 'n_components': 3, 'scale': False, 'tol': 1e-06}
================================================================================

     Full model: R²=0.338, RMSE=4.423
  -> Skipping subset analysis for PLS (variable subsets disabled)
[155/266] Testing PLS (n_components=4, max_iter=500...) + deriv_d2 | Best: R²=0.836, RMSE=1.802

================================================================================
DIAGNOSTIC - PLS Training (Results Tab)
================================================================================
ALL PLS parameters after training:
  copy: True
  max_iter: 500
  n_components: 4
  scale: False
  tol: 1e-06

Old params dict (incomplete - only grid search params):
  {'n_components': 4, 'max_iter': 500, 'tol': 1e-06}

New params dict (complete - ALL parameters):
  {'copy': True, 'max_iter': 500, 'n_components': 4, 'scale': False, 'tol': 1e-06}
================================================================================

     Full model: R²=0.335, RMSE=4.448
  -> Skipping subset analysis for PLS (variable subsets disabled)
[156/266] Testing PLS (n_components=5, max_iter=500...) + deriv_d2 | Best: R²=0.836, RMSE=1.802

================================================================================
DIAGNOSTIC - PLS Training (Results Tab)
================================================================================
ALL PLS parameters after training:
  copy: True
  max_iter: 500
  n_components: 5
  scale: False
  tol: 1e-06

Old params dict (incomplete - only grid search params):
  {'n_components': 5, 'max_iter': 500, 'tol': 1e-06}

New params dict (complete - ALL parameters):
  {'copy': True, 'max_iter': 500, 'n_components': 5, 'scale': False, 'tol': 1e-06}
================================================================================

     Full model: R²=0.322, RMSE=4.423
  -> Skipping subset analysis for PLS (variable subsets disabled)
[157/266] Testing PLS (n_components=6, max_iter=500...) + deriv_d2 | Best: R²=0.836, RMSE=1.802

================================================================================
DIAGNOSTIC - PLS Training (Results Tab)
================================================================================
ALL PLS parameters after training:
  copy: True
  max_iter: 500
  n_components: 6
  scale: False
  tol: 1e-06

Old params dict (incomplete - only grid search params):
  {'n_components': 6, 'max_iter': 500, 'tol': 1e-06}

New params dict (complete - ALL parameters):
  {'copy': True, 'max_iter': 500, 'n_components': 6, 'scale': False, 'tol': 1e-06}
================================================================================

     Full model: R²=0.411, RMSE=4.089
  -> Skipping subset analysis for PLS (variable subsets disabled)
[158/266] Testing PLS (n_components=7, max_iter=500...) + deriv_d2 | Best: R²=0.836, RMSE=1.802

================================================================================
DIAGNOSTIC - PLS Training (Results Tab)
================================================================================
ALL PLS parameters after training:
  copy: True
  max_iter: 500
  n_components: 7
  scale: False
  tol: 1e-06

Old params dict (incomplete - only grid search params):
  {'n_components': 7, 'max_iter': 500, 'tol': 1e-06}

New params dict (complete - ALL parameters):
  {'copy': True, 'max_iter': 500, 'n_components': 7, 'scale': False, 'tol': 1e-06}
================================================================================

     Full model: R²=0.494, RMSE=3.829
  -> Skipping subset analysis for PLS (variable subsets disabled)
[159/266] Testing Ridge (alpha=0.001, solver=auto...) + deriv_d2 | Best: R²=0.836, RMSE=1.802

================================================================================
DIAGNOSTIC - Ridge Training (Results Tab)
================================================================================
ALL Ridge parameters after training:
  alpha: 0.001
  copy_X: True
  fit_intercept: True
  max_iter: None
  positive: False
  random_state: 42
  solver: auto
  tol: 0.0001

Old params dict (incomplete - only grid search params):
  {'alpha': 0.001, 'solver': 'auto', 'tol': 0.0001}

New params dict (complete - ALL parameters):
  {'alpha': 0.001, 'copy_X': True, 'fit_intercept': True, 'max_iter': None, 'positive': False, 'random_state': 42, 'solver': 'auto', 'tol': 0.0001}
================================================================================

     Full model: R²=-0.576, RMSE=6.763
  -> Skipping subset analysis for Ridge (variable subsets disabled)
[160/266] Testing Ridge (alpha=0.01, solver=auto...) + deriv_d2 | Best: R²=0.836, RMSE=1.802

================================================================================
DIAGNOSTIC - Ridge Training (Results Tab)
================================================================================
ALL Ridge parameters after training:
  alpha: 0.01
  copy_X: True
  fit_intercept: True
  max_iter: None
  positive: False
  random_state: 42
  solver: auto
  tol: 0.0001

Old params dict (incomplete - only grid search params):
  {'alpha': 0.01, 'solver': 'auto', 'tol': 0.0001}

New params dict (complete - ALL parameters):
  {'alpha': 0.01, 'copy_X': True, 'fit_intercept': True, 'max_iter': None, 'positive': False, 'random_state': 42, 'solver': 'auto', 'tol': 0.0001}C:\Users\sponheim\AppData\Local\Programs\Python\Python312\Lib\site-packages\sklearn\utils\validation.py:2749: UserWarning: X does not have valid feature names, but LGBMRegressor was fitted with feature names
  warnings.warn(
C:\Users\sponheim\AppData\Local\Programs\Python\Python312\Lib\site-packages\sklearn\utils\validation.py:2749: UserWarning: X does not have valid feature names, but LGBMRegressor was fitted with feature names
  warnings.warn(
C:\Users\sponheim\AppData\Local\Programs\Python\Python312\Lib\site-packages\sklearn\utils\validation.py:2749: UserWarning: X does not have valid feature names, but LGBMRegressor was fitted with feature names
  warnings.warn(
C:\Users\sponheim\AppData\Local\Programs\Python\Python312\Lib\site-packages\sklearn\utils\validation.py:2749: UserWarning: X does not have valid feature names, but LGBMRegressor was fitted with feature names
  warnings.warn(
C:\Users\sponheim\AppData\Local\Programs\Python\Python312\Lib\site-packages\sklearn\utils\validation.py:2749: UserWarning: X does not have valid feature names, but LGBMRegressor was fitted with feature names
  warnings.warn(
C:\Users\sponheim\AppData\Local\Programs\Python\Python312\Lib\site-packages\sklearn\utils\validation.py:2749: UserWarning: X does not have valid feature names, but LGBMRegressor was fitted with feature names
  warnings.warn(
C:\Users\sponheim\AppData\Local\Programs\Python\Python312\Lib\site-packages\sklearn\utils\validation.py:2749: UserWarning: X does not have valid feature names, but LGBMRegressor was fitted with feature names
  warnings.warn(
C:\Users\sponheim\AppData\Local\Programs\Python\Python312\Lib\site-packages\sklearn\utils\validation.py:2749: UserWarning: X does not have valid feature names, but LGBMRegressor was fitted with feature names
  warnings.warn(
C:\Users\sponheim\AppData\Local\Programs\Python\Python312\Lib\site-packages\sklearn\utils\validation.py:2749: UserWarning: X does not have valid feature names, but LGBMRegressor was fitted with feature names
  warnings.warn(
C:\Users\sponheim\AppData\Local\Programs\Python\Python312\Lib\site-packages\sklearn\utils\validation.py:2749: UserWarning: X does not have valid feature names, but LGBMRegressor was fitted with feature names
  warnings.warn(
C:\Users\sponheim\AppData\Local\Programs\Python\Python312\Lib\site-packages\sklearn\utils\validation.py:2749: UserWarning: X does not have valid feature names, but LGBMRegressor was fitted with feature names
  warnings.warn(
C:\Users\sponheim\AppData\Local\Programs\Python\Python312\Lib\site-packages\sklearn\utils\validation.py:2749: UserWarning: X does not have valid feature names, but LGBMRegressor was fitted with feature names
  warnings.warn(
C:\Users\sponheim\AppData\Local\Programs\Python\Python312\Lib\site-packages\sklearn\utils\validation.py:2749: UserWarning: X does not have valid feature names, but LGBMRegressor was fitted with feature names
  warnings.warn(
C:\Users\sponheim\AppData\Local\Programs\Python\Python312\Lib\site-packages\sklearn\utils\validation.py:2749: UserWarning: X does not have valid feature names, but LGBMRegressor was fitted with feature names
  warnings.warn(
C:\Users\sponheim\AppData\Local\Programs\Python\Python312\Lib\site-packages\sklearn\utils\validation.py:2749: UserWarning: X does not have valid feature names, but LGBMRegressor was fitted with feature names
  warnings.warn(
C:\Users\sponheim\AppData\Local\Programs\Python\Python312\Lib\site-packages\sklearn\utils\validation.py:2749: UserWarning: X does not have valid feature names, but LGBMRegressor was fitted with feature names
  warnings.warn(
C:\Users\sponheim\AppData\Local\Programs\Python\Python312\Lib\site-packages\sklearn\utils\validation.py:2749: UserWarning: X does not have valid feature names, but LGBMRegressor was fitted with feature names
  warnings.warn(
C:\Users\sponheim\AppData\Local\Programs\Python\Python312\Lib\site-packages\sklearn\utils\validation.py:2749: UserWarning: X does not have valid feature names, but LGBMRegressor was fitted with feature names
  warnings.warn(
C:\Users\sponheim\AppData\Local\Programs\Python\Python312\Lib\site-packages\sklearn\utils\validation.py:2749: UserWarning: X does not have valid feature names, but LGBMRegressor was fitted with feature names
  warnings.warn(
C:\Users\sponheim\AppData\Local\Programs\Python\Python312\Lib\site-packages\sklearn\utils\validation.py:2749: UserWarning: X does not have valid feature names, but LGBMRegressor was fitted with feature names
  warnings.warn(
C:\Users\sponheim\AppData\Local\Programs\Python\Python312\Lib\site-packages\sklearn\utils\validation.py:2749: UserWarning: X does not have valid feature names, but LGBMRegressor was fitted with feature names
  warnings.warn(
C:\Users\sponheim\AppData\Local\Programs\Python\Python312\Lib\site-packages\sklearn\utils\validation.py:2749: UserWarning: X does not have valid feature names, but LGBMRegressor was fitted with feature names
  warnings.warn(
C:\Users\sponheim\AppData\Local\Programs\Python\Python312\Lib\site-packages\sklearn\utils\validation.py:2749: UserWarning: X does not have valid feature names, but LGBMRegressor was fitted with feature names
  warnings.warn(
C:\Users\sponheim\AppData\Local\Programs\Python\Python312\Lib\site-packages\sklearn\utils\validation.py:2749: UserWarning: X does not have valid feature names, but LGBMRegressor was fitted with feature names
  warnings.warn(
C:\Users\sponheim\AppData\Local\Programs\Python\Python312\Lib\site-packages\sklearn\utils\validation.py:2749: UserWarning: X does not have valid feature names, but LGBMRegressor was fitted with feature names
  warnings.warn(

================================================================================

     Full model: R²=-0.683, RMSE=6.940
  -> Skipping subset analysis for Ridge (variable subsets disabled)
[161/266] Testing Ridge (alpha=0.1, solver=auto...) + deriv_d2 | Best: R²=0.836, RMSE=1.802

================================================================================
DIAGNOSTIC - Ridge Training (Results Tab)
================================================================================
ALL Ridge parameters after training:
  alpha: 0.1
  copy_X: True
  fit_intercept: True
  max_iter: None
  positive: False
  random_state: 42
  solver: auto
  tol: 0.0001

Old params dict (incomplete - only grid search params):
  {'alpha': 0.1, 'solver': 'auto', 'tol': 0.0001}

New params dict (complete - ALL parameters):
  {'alpha': 0.1, 'copy_X': True, 'fit_intercept': True, 'max_iter': None, 'positive': False, 'random_state': 42, 'solver': 'auto', 'tol': 0.0001}
================================================================================

     Full model: R²=-0.699, RMSE=6.964
  -> Skipping subset analysis for Ridge (variable subsets disabled)
[162/266] Testing Ridge (alpha=1.0, solver=auto...) + deriv_d2 | Best: R²=0.836, RMSE=1.802

================================================================================
DIAGNOSTIC - Ridge Training (Results Tab)
================================================================================
ALL Ridge parameters after training:
  alpha: 1.0
  copy_X: True
  fit_intercept: True
  max_iter: None
  positive: False
  random_state: 42
  solver: auto
  tol: 0.0001

Old params dict (incomplete - only grid search params):
  {'alpha': 1.0, 'solver': 'auto', 'tol': 0.0001}

New params dict (complete - ALL parameters):
  {'alpha': 1.0, 'copy_X': True, 'fit_intercept': True, 'max_iter': None, 'positive': False, 'random_state': 42, 'solver': 'auto', 'tol': 0.0001}
================================================================================

     Full model: R²=-0.701, RMSE=6.967
  -> Skipping subset analysis for Ridge (variable subsets disabled)
[163/266] Testing Ridge (alpha=10.0, solver=auto...) + deriv_d2 | Best: R²=0.836, RMSE=1.802

================================================================================
DIAGNOSTIC - Ridge Training (Results Tab)
================================================================================
ALL Ridge parameters after training:
  alpha: 10.0
  copy_X: True
  fit_intercept: True
  max_iter: None
  positive: False
  random_state: 42
  solver: auto
  tol: 0.0001

Old params dict (incomplete - only grid search params):
  {'alpha': 10.0, 'solver': 'auto', 'tol': 0.0001}

New params dict (complete - ALL parameters):
  {'alpha': 10.0, 'copy_X': True, 'fit_intercept': True, 'max_iter': None, 'positive': False, 'random_state': 42, 'solver': 'auto', 'tol': 0.0001}
================================================================================

     Full model: R²=-0.701, RMSE=6.967
  -> Skipping subset analysis for Ridge (variable subsets disabled)
[164/266] Testing LightGBM (n_estimators=100, learning_rate=0.05...) + deriv_d2 | Best: R²=0.836, RMSE=1.802

================================================================================
DIAGNOSTIC - LightGBM Training (Results Tab)
================================================================================
ALL LightGBM parameters after training:
  bagging_freq: 1
  boosting_type: gbdt
  class_weight: None
  colsample_bytree: 0.8
  importance_type: split
  learning_rate: 0.05
  max_depth: -1
  min_child_samples: 5
  min_child_weight: 0.001
  min_split_gain: 0.0
  n_estimators: 100
  n_jobs: -1
  num_leaves: 31
  objective: None
  random_state: 42
  reg_alpha: 0.1
  reg_lambda: 1.0
  subsample: 0.8
  subsample_for_bin: 200000
  subsample_freq: 0
  verbosity: -1

Old params dict (incomplete - only grid search params):
  {'n_estimators': 100, 'learning_rate': 0.05, 'num_leaves': 31, 'max_depth': -1, 'min_child_samples': 5, 'subsample': 0.8, 'bagging_freq': 1, 'colsample_bytree': 0.8, 'reg_alpha': 0.1, 'reg_lambda': 1.0}

New params dict (complete - ALL parameters):
  {'boosting_type': 'gbdt', 'class_weight': None, 'colsample_bytree': 0.8, 'importance_type': 'split', 'learning_rate': 0.05, 'max_depth': -1, 'min_child_samples': 5, 'min_child_weight': 0.001, 'min_split_gain': 0.0, 'n_estimators': 100, 'n_jobs': -1, 'num_leaves': 31, 'objective': None, 'random_state': 42, 'reg_alpha': 0.1, 'reg_lambda': 1.0, 'subsample': 0.8, 'subsample_for_bin': 200000, 'subsample_freq': 0, 'bagging_freq': 1, 'verbosity': -1}
================================================================================

     Full model: R²=0.776, RMSE=2.130
  -> Skipping subset analysis for LightGBM (variable subsets disabled)
[165/266] Testing LightGBM (n_estimators=100, learning_rate=0.05...) + deriv_d2 | Best: R²=0.836, RMSE=1.802

================================================================================
DIAGNOSTIC - LightGBM Training (Results Tab)
================================================================================
ALL LightGBM parameters after training:
  bagging_freq: 1
  boosting_type: gbdt
  class_weight: None
  colsample_bytree: 0.8
  importance_type: split
  learning_rate: 0.05
  max_depth: -1
  min_child_samples: 5
  min_child_weight: 0.001
  min_split_gain: 0.0
  n_estimators: 100
  n_jobs: -1
  num_leaves: 63
  objective: None
  random_state: 42
  reg_alpha: 0.1
  reg_lambda: 1.0
  subsample: 0.8
  subsample_for_bin: 200000
  subsample_freq: 0
  verbosity: -1

Old params dict (incomplete - only grid search params):
  {'n_estimators': 100, 'learning_rate': 0.05, 'num_leaves': 63, 'max_depth': -1, 'min_child_samples': 5, 'subsample': 0.8, 'bagging_freq': 1, 'colsample_bytree': 0.8, 'reg_alpha': 0.1, 'reg_lambda': 1.0}

New params dict (complete - ALL parameters):
  {'boosting_type': 'gbdt', 'class_weight': None, 'colsample_bytree': 0.8, 'importance_type': 'split', 'learning_rate': 0.05, 'max_depth': -1, 'min_child_samples': 5, 'min_child_weight': 0.001, 'min_split_gain': 0.0, 'n_estimators': 100, 'n_jobs': -1, 'num_leaves': 63, 'objective': None, 'random_state': 42, 'reg_alpha': 0.1, 'reg_lambda': 1.0, 'subsample': 0.8, 'subsample_for_bin': 200000, 'subsample_freq': 0, 'bagging_freq': 1, 'verbosity': -1}
================================================================================

     Full model: R²=0.776, RMSE=2.130
  -> Skipping subset analysis for LightGBM (variable subsets disabled)
[166/266] Testing LightGBM (n_estimators=100, learning_rate=0.1...) + deriv_d2 | Best: R²=0.836, RMSE=1.802

================================================================================
DIAGNOSTIC - LightGBM Training (Results Tab)
================================================================================
ALL LightGBM parameters after training:
  bagging_freq: 1
  boosting_type: gbdt
  class_weight: None
  colsample_bytree: 0.8
  importance_type: split
  learning_rate: 0.1
  max_depth: -1
  min_child_samples: 5
  min_child_weight: 0.001
  min_split_gain: 0.0
  n_estimators: 100
  n_jobs: -1
  num_leaves: 31
  objective: None
  random_state: 42
  reg_alpha: 0.1
  reg_lambda: 1.0
  subsample: 0.8
  subsample_for_bin: 200000
  subsample_freq: 0
  verbosity: -1

Old params dict (incomplete - only grid search params):
  {'n_estimators': 100, 'learning_rate': 0.1, 'num_leaves': 31, 'max_depth': -1, 'min_child_samples': 5, 'subsample': 0.8, 'bagging_freq': 1, 'colsample_bytree': 0.8, 'reg_alpha': 0.1, 'reg_lambda': 1.0}

New params dict (complete - ALL parameters):
  {'boosting_type': 'gbdt', 'class_weight': None, 'colsample_bytree': 0.8, 'importance_type': 'split', 'learning_rate': 0.1, 'max_depth': -1, 'min_child_samples': 5, 'min_child_weight': 0.001, 'min_split_gain': 0.0, 'n_estimators': 100, 'n_jobs': -1, 'num_leaves': 31, 'objective': None, 'random_state': 42, 'reg_alpha': 0.1, 'reg_lambda': 1.0, 'subsample': 0.8, 'subsample_for_bin': 200000, 'subsample_freq': 0, 'bagging_freq': 1, 'verbosity': -1}
================================================================================

     Full model: R²=0.688, RMSE=2.385
  -> Skipping subset analysis for LightGBM (variable subsets disabled)
[167/266] Testing LightGBM (n_estimators=100, learning_rate=0.1...) + deriv_d2 | Best: R²=0.836, RMSE=1.802

================================================================================
DIAGNOSTIC - LightGBM Training (Results Tab)
================================================================================
ALL LightGBM parameters after training:
  bagging_freq: 1
  boosting_type: gbdt
  class_weight: None
  colsample_bytree: 0.8
  importance_type: split
  learning_rate: 0.1
  max_depth: -1
  min_child_samples: 5
  min_child_weight: 0.001
  min_split_gain: 0.0
  n_estimators: 100
  n_jobs: -1
  num_leaves: 63
  objective: None
  random_state: 42
  reg_alpha: 0.1
  reg_lambda: 1.0
  subsample: 0.8
  subsample_for_bin: 200000
  subsample_freq: 0
  verbosity: -1

Old params dict (incomplete - only grid search params):
  {'n_estimators': 100, 'learning_rate': 0.1, 'num_leaves': 63, 'max_depth': -1, 'min_child_samples': 5, 'subsample': 0.8, 'bagging_freq': 1, 'colsample_bytree': 0.8, 'reg_alpha': 0.1, 'reg_lambda': 1.0}

New params dict (complete - ALL parameters):
  {'boosting_type': 'gbdt', 'class_weight': None, 'colsample_bytree': 0.8, 'importance_type': 'split', 'learning_rate': 0.1, 'max_depth': -1, 'min_child_samples': 5, 'min_child_weight': 0.001, 'min_split_gain': 0.0, 'n_estimators': 100, 'n_jobs': -1, 'num_leaves': 63, 'objective': None, 'random_state': 42, 'reg_alpha': 0.1, 'reg_lambda': 1.0, 'subsample': 0.8, 'subsample_for_bin': 200000, 'subsample_freq': 0, 'bagging_freq': 1, 'verbosity': -1}
================================================================================

     Full model: R²=0.688, RMSE=2.385
  -> Skipping subset analysis for LightGBM (variable subsets disabled)
[168/266] Testing LightGBM (n_estimators=200, learning_rate=0.05...) + deriv_d2 | Best: R²=0.836, RMSE=1.802

================================================================================
DIAGNOSTIC - LightGBM Training (Results Tab)
================================================================================
ALL LightGBM parameters after training:
  bagging_freq: 1
  boosting_type: gbdt
  class_weight: None
  colsample_bytree: 0.8
  importance_type: split
  learning_rate: 0.05
  max_depth: -1
  min_child_samples: 5
  min_child_weight: 0.001
  min_split_gain: 0.0
  n_estimators: 200
  n_jobs: -1
  num_leaves: 31
  objective: None
  random_state: 42
  reg_alpha: 0.1
  reg_lambda: 1.0
  subsample: 0.8
  subsample_for_bin: 200000
  subsample_freq: 0
  verbosity: -1

Old params dict (incomplete - only grid search params):
  {'n_estimators': 200, 'learning_rate': 0.05, 'num_leaves': 31, 'max_depth': -1, 'min_child_samples': 5, 'subsample': 0.8, 'bagging_freq': 1, 'colsample_bytree': 0.8, 'reg_alpha': 0.1, 'reg_lambda': 1.0}

New params dict (complete - ALL parameters):
  {'boosting_type': 'gbdt', 'class_weight': None, 'colsample_bytree': 0.8, 'importance_type': 'split', 'learning_rate': 0.05, 'max_depth': -1, 'min_child_samples': 5, 'min_child_weight': 0.001, 'min_split_gain': 0.0, 'n_estimators': 200, 'n_jobs': -1, 'num_leaves': 31, 'objective': None, 'random_state': 42, 'reg_alpha': 0.1, 'reg_lambda': 1.0, 'subsample': 0.8, 'subsample_for_bin': 200000, 'subsample_freq': 0, 'bagging_freq': 1, 'verbosity': -1}
================================================================================

     Full model: R²=0.774, RMSE=2.099
  -> Skipping subset analysis for LightGBM (variable subsets disabled)
[169/266] Testing LightGBM (n_estimators=200, learning_rate=0.05...) + deriv_d2 | Best: R²=0.836, RMSE=1.802

================================================================================
DIAGNOSTIC - LightGBM Training (Results Tab)
================================================================================
ALL LightGBM parameters after training:
  bagging_freq: 1
  boosting_type: gbdt
  class_weight: None
  colsample_bytree: 0.8
  importance_type: split
  learning_rate: 0.05
  max_depth: -1
  min_child_samples: 5
  min_child_weight: 0.001
  min_split_gain: 0.0
  n_estimators: 200
  n_jobs: -1
  num_leaves: 63
  objective: None
  random_state: 42
  reg_alpha: 0.1
  reg_lambda: 1.0
  subsample: 0.8
  subsample_for_bin: 200000
  subsample_freq: 0
  verbosity: -1

Old params dict (incomplete - only grid search params):
  {'n_estimators': 200, 'learning_rate': 0.05, 'num_leaves': 63, 'max_depth': -1, 'min_child_samples': 5, 'subsample': 0.8, 'bagging_freq': 1, 'colsample_bytree': 0.8, 'reg_alpha': 0.1, 'reg_lambda': 1.0}

New params dict (complete - ALL parameters):
  {'boosting_type': 'gbdt', 'class_weight': None, 'colsample_bytree': 0.8, 'importance_type': 'split', 'learning_rate': 0.05, 'max_depth': -1, 'min_child_samples': 5, 'min_child_weight': 0.001, 'min_split_gain': 0.0, 'n_estimators': 200, 'n_jobs': -1, 'num_leaves': 63, 'objective': None, 'random_state': 42, 'reg_alpha': 0.1, 'reg_lambda': 1.0, 'subsample': 0.8, 'subsample_for_bin': 200000, 'subsample_freq': 0, 'bagging_freq': 1, 'verbosity': -1}
================================================================================

     Full model: R²=0.774, RMSE=2.099
  -> Skipping subset analysis for LightGBM (variable subsets disabled)
[170/266] Testing LightGBM (n_estimators=200, learning_rate=0.1...) + deriv_d2 | Best: R²=0.836, RMSE=1.802

================================================================================
DIAGNOSTIC - LightGBM Training (Results Tab)
================================================================================
ALL LightGBM parameters after training:
  bagging_freq: 1
  boosting_type: gbdt
  class_weight: None
  colsample_bytree: 0.8
  importance_type: split
  learning_rate: 0.1
  max_depth: -1
  min_child_samples: 5
  min_child_weight: 0.001
  min_split_gain: 0.0
  n_estimators: 200
  n_jobs: -1
  num_leaves: 31
  objective: None
  random_state: 42
  reg_alpha: 0.1
  reg_lambda: 1.0
  subsample: 0.8
  subsample_for_bin: 200000
  subsample_freq: 0
  verbosity: -1

Old params dict (incomplete - only grid search params):
  {'n_estimators': 200, 'learning_rate': 0.1, 'num_leaves': 31, 'max_depth': -1, 'min_child_samples': 5, 'subsample': 0.8, 'bagging_freq': 1, 'colsample_bytree': 0.8, 'reg_alpha': 0.1, 'reg_lambda': 1.0}

New params dict (complete - ALL parameters):
  {'boosting_type': 'gbdt', 'class_weight': None, 'colsample_bytree': 0.8, 'importance_type': 'split', 'learning_rate': 0.1, 'max_depth': -1, 'min_child_samples': 5, 'min_child_weight': 0.001, 'min_split_gain': 0.0, 'n_estimators': 200, 'n_jobs': -1, 'num_leaves': 31, 'objective': None, 'random_state': 42, 'reg_alpha': 0.1, 'reg_lambda': 1.0, 'subsample': 0.8, 'subsample_for_bin': 200000, 'subsample_freq': 0, 'bagging_freq': 1, 'verbosity': -1}
================================================================================

     Full model: R²=0.686, RMSE=2.387
  -> Skipping subset analysis for LightGBM (variable subsets disabled)
[171/266] Testing LightGBM (n_estimators=200, learning_rate=0.1...) + deriv_d2 | Best: R²=0.836, RMSE=1.802

================================================================================
DIAGNOSTIC - LightGBM Training (Results Tab)
================================================================================
ALL LightGBM parameters after training:
  bagging_freq: 1
  boosting_type: gbdt
  class_weight: None
  colsample_bytree: 0.8
  importance_type: split
C:\Users\sponheim\AppData\Local\Programs\Python\Python312\Lib\site-packages\sklearn\utils\validation.py:2749: UserWarning: X does not have valid feature names, but LGBMRegressor was fitted with feature names
  warnings.warn(
C:\Users\sponheim\AppData\Local\Programs\Python\Python312\Lib\site-packages\sklearn\utils\validation.py:2749: UserWarning: X does not have valid feature names, but LGBMRegressor was fitted with feature names
  warnings.warn(
C:\Users\sponheim\AppData\Local\Programs\Python\Python312\Lib\site-packages\sklearn\utils\validation.py:2749: UserWarning: X does not have valid feature names, but LGBMRegressor was fitted with feature names
  warnings.warn(
C:\Users\sponheim\AppData\Local\Programs\Python\Python312\Lib\site-packages\sklearn\utils\validation.py:2749: UserWarning: X does not have valid feature names, but LGBMRegressor was fitted with feature names
  warnings.warn(
C:\Users\sponheim\AppData\Local\Programs\Python\Python312\Lib\site-packages\sklearn\utils\validation.py:2749: UserWarning: X does not have valid feature names, but LGBMRegressor was fitted with feature names
  warnings.warn(
C:\Users\sponheim\AppData\Local\Programs\Python\Python312\Lib\site-packages\sklearn\utils\validation.py:2749: UserWarning: X does not have valid feature names, but LGBMRegressor was fitted with feature names
  warnings.warn(
C:\Users\sponheim\AppData\Local\Programs\Python\Python312\Lib\site-packages\sklearn\utils\validation.py:2749: UserWarning: X does not have valid feature names, but LGBMRegressor was fitted with feature names
  warnings.warn(
C:\Users\sponheim\AppData\Local\Programs\Python\Python312\Lib\site-packages\sklearn\utils\validation.py:2749: UserWarning: X does not have valid feature names, but LGBMRegressor was fitted with feature names
  warnings.warn(
C:\Users\sponheim\AppData\Local\Programs\Python\Python312\Lib\site-packages\sklearn\utils\validation.py:2749: UserWarning: X does not have valid feature names, but LGBMRegressor was fitted with feature names
  warnings.warn(
C:\Users\sponheim\AppData\Local\Programs\Python\Python312\Lib\site-packages\sklearn\utils\validation.py:2749: UserWarning: X does not have valid feature names, but LGBMRegressor was fitted with feature names
  warnings.warn(
C:\Users\sponheim\AppData\Local\Programs\Python\Python312\Lib\site-packages\sklearn\utils\validation.py:2749: UserWarning: X does not have valid feature names, but LGBMRegressor was fitted with feature names
  warnings.warn(
C:\Users\sponheim\AppData\Local\Programs\Python\Python312\Lib\site-packages\sklearn\utils\validation.py:2749: UserWarning: X does not have valid feature names, but LGBMRegressor was fitted with feature names
  warnings.warn(
C:\Users\sponheim\AppData\Local\Programs\Python\Python312\Lib\site-packages\sklearn\utils\validation.py:2749: UserWarning: X does not have valid feature names, but LGBMRegressor was fitted with feature names
  warnings.warn(
C:\Users\sponheim\AppData\Local\Programs\Python\Python312\Lib\site-packages\sklearn\utils\validation.py:2749: UserWarning: X does not have valid feature names, but LGBMRegressor was fitted with feature names
  warnings.warn(
C:\Users\sponheim\AppData\Local\Programs\Python\Python312\Lib\site-packages\sklearn\utils\validation.py:2749: UserWarning: X does not have valid feature names, but LGBMRegressor was fitted with feature names
  warnings.warn(
  learning_rate: 0.1
  max_depth: -1
  min_child_samples: 5
  min_child_weight: 0.001
  min_split_gain: 0.0
  n_estimators: 200
  n_jobs: -1
  num_leaves: 63
  objective: None
  random_state: 42
  reg_alpha: 0.1
  reg_lambda: 1.0
  subsample: 0.8
  subsample_for_bin: 200000
  subsample_freq: 0
  verbosity: -1

Old params dict (incomplete - only grid search params):
  {'n_estimators': 200, 'learning_rate': 0.1, 'num_leaves': 63, 'max_depth': -1, 'min_child_samples': 5, 'subsample': 0.8, 'bagging_freq': 1, 'colsample_bytree': 0.8, 'reg_alpha': 0.1, 'reg_lambda': 1.0}

New params dict (complete - ALL parameters):
  {'boosting_type': 'gbdt', 'class_weight': None, 'colsample_bytree': 0.8, 'importance_type': 'split', 'learning_rate': 0.1, 'max_depth': -1, 'min_child_samples': 5, 'min_child_weight': 0.001, 'min_split_gain': 0.0, 'n_estimators': 200, 'n_jobs': -1, 'num_leaves': 63, 'objective': None, 'random_state': 42, 'reg_alpha': 0.1, 'reg_lambda': 1.0, 'subsample': 0.8, 'subsample_for_bin': 200000, 'subsample_freq': 0, 'bagging_freq': 1, 'verbosity': -1}
================================================================================

     Full model: R²=0.686, RMSE=2.387
  -> Skipping subset analysis for LightGBM (variable subsets disabled)
[172/266] Testing PLS (n_components=2, max_iter=500...) + deriv_d2 | Best: R²=0.836, RMSE=1.802

================================================================================
DIAGNOSTIC - PLS Training (Results Tab)
================================================================================
ALL PLS parameters after training:
  copy: True
  max_iter: 500
  n_components: 2
  scale: False
  tol: 1e-06

Old params dict (incomplete - only grid search params):
  {'n_components': 2, 'max_iter': 500, 'tol': 1e-06}

New params dict (complete - ALL parameters):
  {'copy': True, 'max_iter': 500, 'n_components': 2, 'scale': False, 'tol': 1e-06}
================================================================================

     Full model: R²=0.661, RMSE=2.736
  -> Skipping subset analysis for PLS (variable subsets disabled)
[173/266] Testing PLS (n_components=3, max_iter=500...) + deriv_d2 | Best: R²=0.836, RMSE=1.802

================================================================================
DIAGNOSTIC - PLS Training (Results Tab)
================================================================================
ALL PLS parameters after training:
  copy: True
  max_iter: 500
  n_components: 3
  scale: False
  tol: 1e-06

Old params dict (incomplete - only grid search params):
  {'n_components': 3, 'max_iter': 500, 'tol': 1e-06}

New params dict (complete - ALL parameters):
  {'copy': True, 'max_iter': 500, 'n_components': 3, 'scale': False, 'tol': 1e-06}
================================================================================

     Full model: R²=0.839, RMSE=2.026
  -> Skipping subset analysis for PLS (variable subsets disabled)
[174/266] Testing PLS (n_components=4, max_iter=500...) + deriv_d2 | Best: R²=0.836, RMSE=1.802

================================================================================
DIAGNOSTIC - PLS Training (Results Tab)
================================================================================
ALL PLS parameters after training:
  copy: True
  max_iter: 500
  n_components: 4
  scale: False
  tol: 1e-06

Old params dict (incomplete - only grid search params):
  {'n_components': 4, 'max_iter': 500, 'tol': 1e-06}

New params dict (complete - ALL parameters):
  {'copy': True, 'max_iter': 500, 'n_components': 4, 'scale': False, 'tol': 1e-06}
================================================================================

     Full model: R²=0.857, RMSE=1.761
  -> Skipping subset analysis for PLS (variable subsets disabled)
[175/266] Testing PLS (n_components=5, max_iter=500...) + deriv_d2 | Best: R²=0.857, RMSE=1.761

================================================================================
DIAGNOSTIC - PLS Training (Results Tab)
================================================================================
ALL PLS parameters after training:
  copy: True
  max_iter: 500
  n_components: 5
  scale: False
  tol: 1e-06

Old params dict (incomplete - only grid search params):
  {'n_components': 5, 'max_iter': 500, 'tol': 1e-06}

New params dict (complete - ALL parameters):
  {'copy': True, 'max_iter': 500, 'n_components': 5, 'scale': False, 'tol': 1e-06}
================================================================================

     Full model: R²=0.852, RMSE=1.816
  -> Skipping subset analysis for PLS (variable subsets disabled)
[176/266] Testing PLS (n_components=6, max_iter=500...) + deriv_d2 | Best: R²=0.857, RMSE=1.761

================================================================================
DIAGNOSTIC - PLS Training (Results Tab)
================================================================================
ALL PLS parameters after training:
  copy: True
  max_iter: 500
  n_components: 6
  scale: False
  tol: 1e-06

Old params dict (incomplete - only grid search params):
  {'n_components': 6, 'max_iter': 500, 'tol': 1e-06}

New params dict (complete - ALL parameters):
  {'copy': True, 'max_iter': 500, 'n_components': 6, 'scale': False, 'tol': 1e-06}
================================================================================

     Full model: R²=0.857, RMSE=1.745
  -> Skipping subset analysis for PLS (variable subsets disabled)
[177/266] Testing PLS (n_components=7, max_iter=500...) + deriv_d2 | Best: R²=0.857, RMSE=1.745

================================================================================
DIAGNOSTIC - PLS Training (Results Tab)
================================================================================
ALL PLS parameters after training:
  copy: True
  max_iter: 500
  n_components: 7
  scale: False
  tol: 1e-06

Old params dict (incomplete - only grid search params):
  {'n_components': 7, 'max_iter': 500, 'tol': 1e-06}

New params dict (complete - ALL parameters):
  {'copy': True, 'max_iter': 500, 'n_components': 7, 'scale': False, 'tol': 1e-06}
================================================================================

     Full model: R²=0.871, RMSE=1.722
  -> Skipping subset analysis for PLS (variable subsets disabled)
[178/266] Testing Ridge (alpha=0.001, solver=auto...) + deriv_d2 | Best: R²=0.871, RMSE=1.722

================================================================================
DIAGNOSTIC - Ridge Training (Results Tab)
================================================================================
ALL Ridge parameters after training:
  alpha: 0.001
  copy_X: True
  fit_intercept: True
  max_iter: None
  positive: False
  random_state: 42
  solver: auto
  tol: 0.0001

Old params dict (incomplete - only grid search params):
  {'alpha': 0.001, 'solver': 'auto', 'tol': 0.0001}

New params dict (complete - ALL parameters):
  {'alpha': 0.001, 'copy_X': True, 'fit_intercept': True, 'max_iter': None, 'positive': False, 'random_state': 42, 'solver': 'auto', 'tol': 0.0001}
================================================================================

     Full model: R²=-0.633, RMSE=6.830
  -> Skipping subset analysis for Ridge (variable subsets disabled)
[179/266] Testing Ridge (alpha=0.01, solver=auto...) + deriv_d2 | Best: R²=0.871, RMSE=1.722

================================================================================
DIAGNOSTIC - Ridge Training (Results Tab)
================================================================================
ALL Ridge parameters after training:
  alpha: 0.01
  copy_X: True
  fit_intercept: True
  max_iter: None
  positive: False
  random_state: 42
  solver: auto
  tol: 0.0001

Old params dict (incomplete - only grid search params):
  {'alpha': 0.01, 'solver': 'auto', 'tol': 0.0001}

New params dict (complete - ALL parameters):
  {'alpha': 0.01, 'copy_X': True, 'fit_intercept': True, 'max_iter': None, 'positive': False, 'random_state': 42, 'solver': 'auto', 'tol': 0.0001}
C:\Users\sponheim\AppData\Local\Programs\Python\Python312\Lib\site-packages\sklearn\utils\validation.py:2749: UserWarning: X does not have valid feature names, but LGBMRegressor was fitted with feature names
  warnings.warn(
C:\Users\sponheim\AppData\Local\Programs\Python\Python312\Lib\site-packages\sklearn\utils\validation.py:2749: UserWarning: X does not have valid feature names, but LGBMRegressor was fitted with feature names
  warnings.warn(
C:\Users\sponheim\AppData\Local\Programs\Python\Python312\Lib\site-packages\sklearn\utils\validation.py:2749: UserWarning: X does not have valid feature names, but LGBMRegressor was fitted with feature names
  warnings.warn(
C:\Users\sponheim\AppData\Local\Programs\Python\Python312\Lib\site-packages\sklearn\utils\validation.py:2749: UserWarning: X does not have valid feature names, but LGBMRegressor was fitted with feature names
  warnings.warn(
C:\Users\sponheim\AppData\Local\Programs\Python\Python312\Lib\site-packages\sklearn\utils\validation.py:2749: UserWarning: X does not have valid feature names, but LGBMRegressor was fitted with feature names
  warnings.warn(
C:\Users\sponheim\AppData\Local\Programs\Python\Python312\Lib\site-packages\sklearn\utils\validation.py:2749: UserWarning: X does not have valid feature names, but LGBMRegressor was fitted with feature names
  warnings.warn(
C:\Users\sponheim\AppData\Local\Programs\Python\Python312\Lib\site-packages\sklearn\utils\validation.py:2749: UserWarning: X does not have valid feature names, but LGBMRegressor was fitted with feature names
  warnings.warn(
C:\Users\sponheim\AppData\Local\Programs\Python\Python312\Lib\site-packages\sklearn\utils\validation.py:2749: UserWarning: X does not have valid feature names, but LGBMRegressor was fitted with feature names
  warnings.warn(
C:\Users\sponheim\AppData\Local\Programs\Python\Python312\Lib\site-packages\sklearn\utils\validation.py:2749: UserWarning: X does not have valid feature names, but LGBMRegressor was fitted with feature names
  warnings.warn(
C:\Users\sponheim\AppData\Local\Programs\Python\Python312\Lib\site-packages\sklearn\utils\validation.py:2749: UserWarning: X does not have valid feature names, but LGBMRegressor was fitted with feature names
  warnings.warn(
C:\Users\sponheim\AppData\Local\Programs\Python\Python312\Lib\site-packages\sklearn\utils\validation.py:2749: UserWarning: X does not have valid feature names, but LGBMRegressor was fitted with feature names
  warnings.warn(
C:\Users\sponheim\AppData\Local\Programs\Python\Python312\Lib\site-packages\sklearn\utils\validation.py:2749: UserWarning: X does not have valid feature names, but LGBMRegressor was fitted with feature names
  warnings.warn(
C:\Users\sponheim\AppData\Local\Programs\Python\Python312\Lib\site-packages\sklearn\utils\validation.py:2749: UserWarning: X does not have valid feature names, but LGBMRegressor was fitted with feature names
  warnings.warn(
C:\Users\sponheim\AppData\Local\Programs\Python\Python312\Lib\site-packages\sklearn\utils\validation.py:2749: UserWarning: X does not have valid feature names, but LGBMRegressor was fitted with feature names
  warnings.warn(
C:\Users\sponheim\AppData\Local\Programs\Python\Python312\Lib\site-packages\sklearn\utils\validation.py:2749: UserWarning: X does not have valid feature names, but LGBMRegressor was fitted with feature names
  warnings.warn(
C:\Users\sponheim\AppData\Local\Programs\Python\Python312\Lib\site-packages\sklearn\utils\validation.py:2749: UserWarning: X does not have valid feature names, but LGBMRegressor was fitted with feature names
  warnings.warn(
C:\Users\sponheim\AppData\Local\Programs\Python\Python312\Lib\site-packages\sklearn\utils\validation.py:2749: UserWarning: X does not have valid feature names, but LGBMRegressor was fitted with feature names
  warnings.warn(
C:\Users\sponheim\AppData\Local\Programs\Python\Python312\Lib\site-packages\sklearn\utils\validation.py:2749: UserWarning: X does not have valid feature names, but LGBMRegressor was fitted with feature names
  warnings.warn(
C:\Users\sponheim\AppData\Local\Programs\Python\Python312\Lib\site-packages\sklearn\utils\validation.py:2749: UserWarning: X does not have valid feature names, but LGBMRegressor was fitted with feature names
  warnings.warn(
C:\Users\sponheim\AppData\Local\Programs\Python\Python312\Lib\site-packages\sklearn\utils\validation.py:2749: UserWarning: X does not have valid feature names, but LGBMRegressor was fitted with feature names
  warnings.warn(
C:\Users\sponheim\AppData\Local\Programs\Python\Python312\Lib\site-packages\sklearn\utils\validation.py:2749: UserWarning: X does not have valid feature names, but LGBMRegressor was fitted with feature names
  warnings.warn(
C:\Users\sponheim\AppData\Local\Programs\Python\Python312\Lib\site-packages\sklearn\utils\validation.py:2749: UserWarning: X does not have valid feature names, but LGBMRegressor was fitted with feature names
  warnings.warn(
C:\Users\sponheim\AppData\Local\Programs\Python\Python312\Lib\site-packages\sklearn\utils\validation.py:2749: UserWarning: X does not have valid feature names, but LGBMRegressor was fitted with feature names
  warnings.warn(
C:\Users\sponheim\AppData\Local\Programs\Python\Python312\Lib\site-packages\sklearn\utils\validation.py:2749: UserWarning: X does not have valid feature names, but LGBMRegressor was fitted with feature names
  warnings.warn(
C:\Users\sponheim\AppData\Local\Programs\Python\Python312\Lib\site-packages\sklearn\utils\validation.py:2749: UserWarning: X does not have valid feature names, but LGBMRegressor was fitted with feature names
  warnings.warn(
================================================================================

     Full model: R²=-0.694, RMSE=6.953
  -> Skipping subset analysis for Ridge (variable subsets disabled)
[180/266] Testing Ridge (alpha=0.1, solver=auto...) + deriv_d2 | Best: R²=0.871, RMSE=1.722

================================================================================
DIAGNOSTIC - Ridge Training (Results Tab)
================================================================================
ALL Ridge parameters after training:
  alpha: 0.1
  copy_X: True
  fit_intercept: True
  max_iter: None
  positive: False
  random_state: 42
  solver: auto
  tol: 0.0001

Old params dict (incomplete - only grid search params):
  {'alpha': 0.1, 'solver': 'auto', 'tol': 0.0001}

New params dict (complete - ALL parameters):
  {'alpha': 0.1, 'copy_X': True, 'fit_intercept': True, 'max_iter': None, 'positive': False, 'random_state': 42, 'solver': 'auto', 'tol': 0.0001}
================================================================================

     Full model: R²=-0.700, RMSE=6.966
  -> Skipping subset analysis for Ridge (variable subsets disabled)
[181/266] Testing Ridge (alpha=1.0, solver=auto...) + deriv_d2 | Best: R²=0.871, RMSE=1.722

================================================================================
DIAGNOSTIC - Ridge Training (Results Tab)
================================================================================
ALL Ridge parameters after training:
  alpha: 1.0
  copy_X: True
  fit_intercept: True
  max_iter: None
  positive: False
  random_state: 42
  solver: auto
  tol: 0.0001

Old params dict (incomplete - only grid search params):
  {'alpha': 1.0, 'solver': 'auto', 'tol': 0.0001}

New params dict (complete - ALL parameters):
  {'alpha': 1.0, 'copy_X': True, 'fit_intercept': True, 'max_iter': None, 'positive': False, 'random_state': 42, 'solver': 'auto', 'tol': 0.0001}
================================================================================

     Full model: R²=-0.701, RMSE=6.967
  -> Skipping subset analysis for Ridge (variable subsets disabled)
[182/266] Testing Ridge (alpha=10.0, solver=auto...) + deriv_d2 | Best: R²=0.871, RMSE=1.722

================================================================================
DIAGNOSTIC - Ridge Training (Results Tab)
================================================================================
ALL Ridge parameters after training:
  alpha: 10.0
  copy_X: True
  fit_intercept: True
  max_iter: None
  positive: False
  random_state: 42
  solver: auto
  tol: 0.0001

Old params dict (incomplete - only grid search params):
  {'alpha': 10.0, 'solver': 'auto', 'tol': 0.0001}

New params dict (complete - ALL parameters):
  {'alpha': 10.0, 'copy_X': True, 'fit_intercept': True, 'max_iter': None, 'positive': False, 'random_state': 42, 'solver': 'auto', 'tol': 0.0001}
================================================================================

     Full model: R²=-0.701, RMSE=6.967
  -> Skipping subset analysis for Ridge (variable subsets disabled)
[183/266] Testing LightGBM (n_estimators=100, learning_rate=0.05...) + deriv_d2 | Best: R²=0.871, RMSE=1.722

================================================================================
DIAGNOSTIC - LightGBM Training (Results Tab)
================================================================================
ALL LightGBM parameters after training:
  bagging_freq: 1
  boosting_type: gbdt
  class_weight: None
  colsample_bytree: 0.8
  importance_type: split
  learning_rate: 0.05
  max_depth: -1
  min_child_samples: 5
  min_child_weight: 0.001
  min_split_gain: 0.0
  n_estimators: 100
  n_jobs: -1
  num_leaves: 31
  objective: None
  random_state: 42
  reg_alpha: 0.1
  reg_lambda: 1.0
  subsample: 0.8
  subsample_for_bin: 200000
  subsample_freq: 0
  verbosity: -1

Old params dict (incomplete - only grid search params):
  {'n_estimators': 100, 'learning_rate': 0.05, 'num_leaves': 31, 'max_depth': -1, 'min_child_samples': 5, 'subsample': 0.8, 'bagging_freq': 1, 'colsample_bytree': 0.8, 'reg_alpha': 0.1, 'reg_lambda': 1.0}

New params dict (complete - ALL parameters):
  {'boosting_type': 'gbdt', 'class_weight': None, 'colsample_bytree': 0.8, 'importance_type': 'split', 'learning_rate': 0.05, 'max_depth': -1, 'min_child_samples': 5, 'min_child_weight': 0.001, 'min_split_gain': 0.0, 'n_estimators': 100, 'n_jobs': -1, 'num_leaves': 31, 'objective': None, 'random_state': 42, 'reg_alpha': 0.1, 'reg_lambda': 1.0, 'subsample': 0.8, 'subsample_for_bin': 200000, 'subsample_freq': 0, 'bagging_freq': 1, 'verbosity': -1}
================================================================================

     Full model: R²=0.869, RMSE=1.803
  -> Skipping subset analysis for LightGBM (variable subsets disabled)
[184/266] Testing LightGBM (n_estimators=100, learning_rate=0.05...) + deriv_d2 | Best: R²=0.871, RMSE=1.722

================================================================================
DIAGNOSTIC - LightGBM Training (Results Tab)
================================================================================
ALL LightGBM parameters after training:
  bagging_freq: 1
  boosting_type: gbdt
  class_weight: None
  colsample_bytree: 0.8
  importance_type: split
  learning_rate: 0.05
  max_depth: -1
  min_child_samples: 5
  min_child_weight: 0.001
  min_split_gain: 0.0
  n_estimators: 100
  n_jobs: -1
  num_leaves: 63
  objective: None
  random_state: 42
  reg_alpha: 0.1
  reg_lambda: 1.0
  subsample: 0.8
  subsample_for_bin: 200000
  subsample_freq: 0
  verbosity: -1

Old params dict (incomplete - only grid search params):
  {'n_estimators': 100, 'learning_rate': 0.05, 'num_leaves': 63, 'max_depth': -1, 'min_child_samples': 5, 'subsample': 0.8, 'bagging_freq': 1, 'colsample_bytree': 0.8, 'reg_alpha': 0.1, 'reg_lambda': 1.0}

New params dict (complete - ALL parameters):
  {'boosting_type': 'gbdt', 'class_weight': None, 'colsample_bytree': 0.8, 'importance_type': 'split', 'learning_rate': 0.05, 'max_depth': -1, 'min_child_samples': 5, 'min_child_weight': 0.001, 'min_split_gain': 0.0, 'n_estimators': 100, 'n_jobs': -1, 'num_leaves': 63, 'objective': None, 'random_state': 42, 'reg_alpha': 0.1, 'reg_lambda': 1.0, 'subsample': 0.8, 'subsample_for_bin': 200000, 'subsample_freq': 0, 'bagging_freq': 1, 'verbosity': -1}
================================================================================

     Full model: R²=0.869, RMSE=1.803
  -> Skipping subset analysis for LightGBM (variable subsets disabled)
[185/266] Testing LightGBM (n_estimators=100, learning_rate=0.1...) + deriv_d2 | Best: R²=0.871, RMSE=1.722

================================================================================
DIAGNOSTIC - LightGBM Training (Results Tab)
================================================================================
ALL LightGBM parameters after training:
  bagging_freq: 1
  boosting_type: gbdt
  class_weight: None
  colsample_bytree: 0.8
  importance_type: split
  learning_rate: 0.1
  max_depth: -1
  min_child_samples: 5
  min_child_weight: 0.001
  min_split_gain: 0.0
  n_estimators: 100
  n_jobs: -1
  num_leaves: 31
  objective: None
  random_state: 42
  reg_alpha: 0.1
  reg_lambda: 1.0
  subsample: 0.8
  subsample_for_bin: 200000
  subsample_freq: 0
  verbosity: -1

Old params dict (incomplete - only grid search params):
  {'n_estimators': 100, 'learning_rate': 0.1, 'num_leaves': 31, 'max_depth': -1, 'min_child_samples': 5, 'subsample': 0.8, 'bagging_freq': 1, 'colsample_bytree': 0.8, 'reg_alpha': 0.1, 'reg_lambda': 1.0}

New params dict (complete - ALL parameters):
  {'boosting_type': 'gbdt', 'class_weight': None, 'colsample_bytree': 0.8, 'importance_type': 'split', 'learning_rate': 0.1, 'max_depth': -1, 'min_child_samples': 5, 'min_child_weight': 0.001, 'min_split_gain': 0.0, 'n_estimators': 100, 'n_jobs': -1, 'num_leaves': 31, 'objective': None, 'random_state': 42, 'reg_alpha': 0.1, 'reg_lambda': 1.0, 'subsample': 0.8, 'subsample_for_bin': 200000, 'subsample_freq': 0, 'bagging_freq': 1, 'verbosity': -1}
================================================================================

     Full model: R²=0.851, RMSE=1.931
  -> Skipping subset analysis for LightGBM (variable subsets disabled)
[186/266] Testing LightGBM (n_estimators=100, learning_rate=0.1...) + deriv_d2 | Best: R²=0.871, RMSE=1.722

================================================================================
DIAGNOSTIC - LightGBM Training (Results Tab)
================================================================================
ALL LightGBM parameters after training:
  bagging_freq: 1
  boosting_type: gbdt
  class_weight: None
  colsample_bytree: 0.8
  importance_type: split
  learning_rate: 0.1
  max_depth: -1
  min_child_samples: 5
  min_child_weight: 0.001
  min_split_gain: 0.0
  n_estimators: 100
  n_jobs: -1
  num_leaves: 63
  objective: None
  random_state: 42
  reg_alpha: 0.1
  reg_lambda: 1.0
  subsample: 0.8
  subsample_for_bin: 200000
  subsample_freq: 0
  verbosity: -1

Old params dict (incomplete - only grid search params):
  {'n_estimators': 100, 'learning_rate': 0.1, 'num_leaves': 63, 'max_depth': -1, 'min_child_samples': 5, 'subsample': 0.8, 'bagging_freq': 1, 'colsample_bytree': 0.8, 'reg_alpha': 0.1, 'reg_lambda': 1.0}

New params dict (complete - ALL parameters):
  {'boosting_type': 'gbdt', 'class_weight': None, 'colsample_bytree': 0.8, 'importance_type': 'split', 'learning_rate': 0.1, 'max_depth': -1, 'min_child_samples': 5, 'min_child_weight': 0.001, 'min_split_gain': 0.0, 'n_estimators': 100, 'n_jobs': -1, 'num_leaves': 63, 'objective': None, 'random_state': 42, 'reg_alpha': 0.1, 'reg_lambda': 1.0, 'subsample': 0.8, 'subsample_for_bin': 200000, 'subsample_freq': 0, 'bagging_freq': 1, 'verbosity': -1}
================================================================================

     Full model: R²=0.851, RMSE=1.931
  -> Skipping subset analysis for LightGBM (variable subsets disabled)
[187/266] Testing LightGBM (n_estimators=200, learning_rate=0.05...) + deriv_d2 | Best: R²=0.871, RMSE=1.722

================================================================================
DIAGNOSTIC - LightGBM Training (Results Tab)
================================================================================
ALL LightGBM parameters after training:
  bagging_freq: 1
  boosting_type: gbdt
  class_weight: None
  colsample_bytree: 0.8
  importance_type: split
  learning_rate: 0.05
  max_depth: -1
  min_child_samples: 5
  min_child_weight: 0.001
  min_split_gain: 0.0
  n_estimators: 200
  n_jobs: -1
  num_leaves: 31
  objective: None
  random_state: 42
  reg_alpha: 0.1
  reg_lambda: 1.0
  subsample: 0.8
  subsample_for_bin: 200000
  subsample_freq: 0
  verbosity: -1

Old params dict (incomplete - only grid search params):
  {'n_estimators': 200, 'learning_rate': 0.05, 'num_leaves': 31, 'max_depth': -1, 'min_child_samples': 5, 'subsample': 0.8, 'bagging_freq': 1, 'colsample_bytree': 0.8, 'reg_alpha': 0.1, 'reg_lambda': 1.0}

New params dict (complete - ALL parameters):
  {'boosting_type': 'gbdt', 'class_weight': None, 'colsample_bytree': 0.8, 'importance_type': 'split', 'learning_rate': 0.05, 'max_depth': -1, 'min_child_samples': 5, 'min_child_weight': 0.001, 'min_split_gain': 0.0, 'n_estimators': 200, 'n_jobs': -1, 'num_leaves': 31, 'objective': None, 'random_state': 42, 'reg_alpha': 0.1, 'reg_lambda': 1.0, 'subsample': 0.8, 'subsample_for_bin': 200000, 'subsample_freq': 0, 'bagging_freq': 1, 'verbosity': -1}
================================================================================

     Full model: R²=0.878, RMSE=1.733
  -> Skipping subset analysis for LightGBM (variable subsets disabled)
[188/266] Testing LightGBM (n_estimators=200, learning_rate=0.05...) + deriv_d2 | Best: R²=0.871, RMSE=1.722

================================================================================
DIAGNOSTIC - LightGBM Training (Results Tab)
================================================================================
ALL LightGBM parameters after training:
  bagging_freq: 1
  boosting_type: gbdt
  class_weight: None
  colsample_bytree: 0.8
  importance_type: split
  learning_rate: 0.05
  max_depth: -1
  min_child_samples: 5
  min_child_weight: 0.001
  min_split_gain: 0.0
  n_estimators: 200
  n_jobs: -1
  num_leaves: 63
  objective: None
  random_state: 42
  reg_alpha: 0.1
  reg_lambda: 1.0
  subsample: 0.8
  subsample_for_bin: 200000
  subsample_freq: 0
  verbosity: -1

Old params dict (incomplete - only grid search params):
  {'n_estimators': 200, 'learning_rate': 0.05, 'num_leaves': 63, 'max_depth': -1, 'min_child_samples': 5, 'subsample': 0.8, 'bagging_freq': 1, 'colsample_bytree': 0.8, 'reg_alpha': 0.1, 'reg_lambda': 1.0}

New params dict (complete - ALL parameters):
  {'boosting_type': 'gbdt', 'class_weight': None, 'colsample_bytree': 0.8, 'importance_type': 'split', 'learning_rate': 0.05, 'max_depth': -1, 'min_child_samples': 5, 'min_child_weight': 0.001, 'min_split_gain': 0.0, 'n_estimators': 200, 'n_jobs': -1, 'num_leaves': 63, 'objective': None, 'random_state': 42, 'reg_alpha': 0.1, 'reg_lambda': 1.0, 'subsample': 0.8, 'subsample_for_bin': 200000, 'subsample_freq': 0, 'bagging_freq': 1, 'verbosity': -1}
================================================================================

     Full model: R²=0.878, RMSE=1.733
  -> Skipping subset analysis for LightGBM (variable subsets disabled)
[189/266] Testing LightGBM (n_estimators=200, learning_rate=0.1...) + deriv_d2 | Best: R²=0.871, RMSE=1.722

================================================================================
DIAGNOSTIC - LightGBM Training (Results Tab)
================================================================================
ALL LightGBM parameters after training:
  bagging_freq: 1
  boosting_type: gbdt
  class_weight: None
  colsample_bytree: 0.8
  importance_type: split
  learning_rate: 0.1
  max_depth: -1
  min_child_samples: 5
  min_child_weight: 0.001
  min_split_gain: 0.0
  n_estimators: 200
  n_jobs: -1
  num_leaves: 31
  objective: None
  random_state: 42
  reg_alpha: 0.1
  reg_lambda: 1.0
  subsample: 0.8
  subsample_for_bin: 200000
  subsample_freq: 0
  verbosity: -1

Old params dict (incomplete - only grid search params):
  {'n_estimators': 200, 'learning_rate': 0.1, 'num_leaves': 31, 'max_depth': -1, 'min_child_samples': 5, 'subsample': 0.8, 'bagging_freq': 1, 'colsample_bytree': 0.8, 'reg_alpha': 0.1, 'reg_lambda': 1.0}

New params dict (complete - ALL parameters):
  {'boosting_type': 'gbdt', 'class_weight': None, 'colsample_bytree': 0.8, 'importance_type': 'split', 'learning_rate': 0.1, 'max_depth': -1, 'min_child_samples': 5, 'min_child_weight': 0.001, 'min_split_gain': 0.0, 'n_estimators': 200, 'n_jobs': -1, 'num_leaves': 31, 'objective': None, 'random_state': 42, 'reg_alpha': 0.1, 'reg_lambda': 1.0, 'subsample': 0.8, 'subsample_for_bin': 200000, 'subsample_freq': 0, 'bagging_freq': 1, 'verbosity': -1}
================================================================================

     Full model: R²=0.853, RMSE=1.932
  -> Skipping subset analysis for LightGBM (variable subsets disabled)
[190/266] Testing LightGBM (n_estimators=200, learning_rate=0.1...) + deriv_d2 | Best: R²=0.871, RMSE=1.722

================================================================================
DIAGNOSTIC - LightGBM Training (Results Tab)
================================================================================
ALL LightGBM parameters after training:
  bagging_freq: 1
  boosting_type: gbdt
  class_weight: None
  colsample_bytree: 0.8
  importance_type: split
C:\Users\sponheim\AppData\Local\Programs\Python\Python312\Lib\site-packages\sklearn\utils\validation.py:2749: UserWarning: X does not have valid feature names, but LGBMRegressor was fitted with feature names
  warnings.warn(
C:\Users\sponheim\AppData\Local\Programs\Python\Python312\Lib\site-packages\sklearn\utils\validation.py:2749: UserWarning: X does not have valid feature names, but LGBMRegressor was fitted with feature names
  warnings.warn(
C:\Users\sponheim\AppData\Local\Programs\Python\Python312\Lib\site-packages\sklearn\utils\validation.py:2749: UserWarning: X does not have valid feature names, but LGBMRegressor was fitted with feature names
  warnings.warn(
C:\Users\sponheim\AppData\Local\Programs\Python\Python312\Lib\site-packages\sklearn\utils\validation.py:2749: UserWarning: X does not have valid feature names, but LGBMRegressor was fitted with feature names
  warnings.warn(
C:\Users\sponheim\AppData\Local\Programs\Python\Python312\Lib\site-packages\sklearn\utils\validation.py:2749: UserWarning: X does not have valid feature names, but LGBMRegressor was fitted with feature names
  warnings.warn(
C:\Users\sponheim\AppData\Local\Programs\Python\Python312\Lib\site-packages\sklearn\utils\validation.py:2749: UserWarning: X does not have valid feature names, but LGBMRegressor was fitted with feature names
  warnings.warn(
C:\Users\sponheim\AppData\Local\Programs\Python\Python312\Lib\site-packages\sklearn\utils\validation.py:2749: UserWarning: X does not have valid feature names, but LGBMRegressor was fitted with feature names
  warnings.warn(
C:\Users\sponheim\AppData\Local\Programs\Python\Python312\Lib\site-packages\sklearn\utils\validation.py:2749: UserWarning: X does not have valid feature names, but LGBMRegressor was fitted with feature names
  warnings.warn(
C:\Users\sponheim\AppData\Local\Programs\Python\Python312\Lib\site-packages\sklearn\utils\validation.py:2749: UserWarning: X does not have valid feature names, but LGBMRegressor was fitted with feature names
  warnings.warn(
C:\Users\sponheim\AppData\Local\Programs\Python\Python312\Lib\site-packages\sklearn\utils\validation.py:2749: UserWarning: X does not have valid feature names, but LGBMRegressor was fitted with feature names
  warnings.warn(
C:\Users\sponheim\AppData\Local\Programs\Python\Python312\Lib\site-packages\sklearn\utils\validation.py:2749: UserWarning: X does not have valid feature names, but LGBMRegressor was fitted with feature names
  warnings.warn(
C:\Users\sponheim\AppData\Local\Programs\Python\Python312\Lib\site-packages\sklearn\utils\validation.py:2749: UserWarning: X does not have valid feature names, but LGBMRegressor was fitted with feature names
  warnings.warn(
C:\Users\sponheim\AppData\Local\Programs\Python\Python312\Lib\site-packages\sklearn\utils\validation.py:2749: UserWarning: X does not have valid feature names, but LGBMRegressor was fitted with feature names
  warnings.warn(
C:\Users\sponheim\AppData\Local\Programs\Python\Python312\Lib\site-packages\sklearn\utils\validation.py:2749: UserWarning: X does not have valid feature names, but LGBMRegressor was fitted with feature names
  warnings.warn(
C:\Users\sponheim\AppData\Local\Programs\Python\Python312\Lib\site-packages\sklearn\utils\validation.py:2749: UserWarning: X does not have valid feature names, but LGBMRegressor was fitted with feature names
  warnings.warn(
  learning_rate: 0.1
  max_depth: -1
  min_child_samples: 5
  min_child_weight: 0.001
  min_split_gain: 0.0
  n_estimators: 200
  n_jobs: -1
  num_leaves: 63
  objective: None
  random_state: 42
  reg_alpha: 0.1
  reg_lambda: 1.0
  subsample: 0.8
  subsample_for_bin: 200000
  subsample_freq: 0
  verbosity: -1

Old params dict (incomplete - only grid search params):
  {'n_estimators': 200, 'learning_rate': 0.1, 'num_leaves': 63, 'max_depth': -1, 'min_child_samples': 5, 'subsample': 0.8, 'bagging_freq': 1, 'colsample_bytree': 0.8, 'reg_alpha': 0.1, 'reg_lambda': 1.0}

New params dict (complete - ALL parameters):
  {'boosting_type': 'gbdt', 'class_weight': None, 'colsample_bytree': 0.8, 'importance_type': 'split', 'learning_rate': 0.1, 'max_depth': -1, 'min_child_samples': 5, 'min_child_weight': 0.001, 'min_split_gain': 0.0, 'n_estimators': 200, 'n_jobs': -1, 'num_leaves': 63, 'objective': None, 'random_state': 42, 'reg_alpha': 0.1, 'reg_lambda': 1.0, 'subsample': 0.8, 'subsample_for_bin': 200000, 'subsample_freq': 0, 'bagging_freq': 1, 'verbosity': -1}
================================================================================

     Full model: R²=0.853, RMSE=1.932
  -> Skipping subset analysis for LightGBM (variable subsets disabled)
[191/266] Testing PLS (n_components=2, max_iter=500...) + snv_deriv_d2 | Best: R²=0.871, RMSE=1.722

================================================================================
DIAGNOSTIC - PLS Training (Results Tab)
================================================================================
ALL PLS parameters after training:
  copy: True
  max_iter: 500
  n_components: 2
  scale: False
  tol: 1e-06

Old params dict (incomplete - only grid search params):
  {'n_components': 2, 'max_iter': 500, 'tol': 1e-06}

New params dict (complete - ALL parameters):
  {'copy': True, 'max_iter': 500, 'n_components': 2, 'scale': False, 'tol': 1e-06}
================================================================================

     Full model: R²=0.010, RMSE=5.144
  -> Skipping subset analysis for PLS (variable subsets disabled)
[192/266] Testing PLS (n_components=3, max_iter=500...) + snv_deriv_d2 | Best: R²=0.871, RMSE=1.722

================================================================================
DIAGNOSTIC - PLS Training (Results Tab)
================================================================================
ALL PLS parameters after training:
  copy: True
  max_iter: 500
  n_components: 3
  scale: False
  tol: 1e-06

Old params dict (incomplete - only grid search params):
  {'n_components': 3, 'max_iter': 500, 'tol': 1e-06}

New params dict (complete - ALL parameters):
  {'copy': True, 'max_iter': 500, 'n_components': 3, 'scale': False, 'tol': 1e-06}
================================================================================

     Full model: R²=-0.069, RMSE=5.067
  -> Skipping subset analysis for PLS (variable subsets disabled)
[193/266] Testing PLS (n_components=4, max_iter=500...) + snv_deriv_d2 | Best: R²=0.871, RMSE=1.722

================================================================================
DIAGNOSTIC - PLS Training (Results Tab)
================================================================================
ALL PLS parameters after training:
  copy: True
  max_iter: 500
  n_components: 4
  scale: False
  tol: 1e-06

Old params dict (incomplete - only grid search params):
  {'n_components': 4, 'max_iter': 500, 'tol': 1e-06}

New params dict (complete - ALL parameters):
  {'copy': True, 'max_iter': 500, 'n_components': 4, 'scale': False, 'tol': 1e-06}
================================================================================

     Full model: R²=-0.299, RMSE=5.397
  -> Skipping subset analysis for PLS (variable subsets disabled)
[194/266] Testing PLS (n_components=5, max_iter=500...) + snv_deriv_d2 | Best: R²=0.871, RMSE=1.722

================================================================================
DIAGNOSTIC - PLS Training (Results Tab)
================================================================================
ALL PLS parameters after training:
  copy: True
  max_iter: 500
  n_components: 5
  scale: False
  tol: 1e-06

Old params dict (incomplete - only grid search params):
  {'n_components': 5, 'max_iter': 500, 'tol': 1e-06}

New params dict (complete - ALL parameters):
  {'copy': True, 'max_iter': 500, 'n_components': 5, 'scale': False, 'tol': 1e-06}
================================================================================

     Full model: R²=-0.270, RMSE=5.208
  -> Skipping subset analysis for PLS (variable subsets disabled)
[195/266] Testing PLS (n_components=6, max_iter=500...) + snv_deriv_d2 | Best: R²=0.871, RMSE=1.722

================================================================================
DIAGNOSTIC - PLS Training (Results Tab)
================================================================================
ALL PLS parameters after training:
  copy: True
  max_iter: 500
  n_components: 6
  scale: False
  tol: 1e-06

Old params dict (incomplete - only grid search params):
  {'n_components': 6, 'max_iter': 500, 'tol': 1e-06}

New params dict (complete - ALL parameters):
  {'copy': True, 'max_iter': 500, 'n_components': 6, 'scale': False, 'tol': 1e-06}
================================================================================

     Full model: R²=0.004, RMSE=4.749
  -> Skipping subset analysis for PLS (variable subsets disabled)
[196/266] Testing PLS (n_components=7, max_iter=500...) + snv_deriv_d2 | Best: R²=0.871, RMSE=1.722

================================================================================
DIAGNOSTIC - PLS Training (Results Tab)
================================================================================
ALL PLS parameters after training:
  copy: True
  max_iter: 500
  n_components: 7
  scale: False
  tol: 1e-06

Old params dict (incomplete - only grid search params):
  {'n_components': 7, 'max_iter': 500, 'tol': 1e-06}

New params dict (complete - ALL parameters):
  {'copy': True, 'max_iter': 500, 'n_components': 7, 'scale': False, 'tol': 1e-06}
================================================================================

     Full model: R²=0.079, RMSE=4.538
  -> Skipping subset analysis for PLS (variable subsets disabled)
[197/266] Testing Ridge (alpha=0.001, solver=auto...) + snv_deriv_d2 | Best: R²=0.871, RMSE=1.722

================================================================================
DIAGNOSTIC - Ridge Training (Results Tab)
================================================================================
ALL Ridge parameters after training:
  alpha: 0.001
  copy_X: True
  fit_intercept: True
  max_iter: None
  positive: False
  random_state: 42
  solver: auto
  tol: 0.0001

Old params dict (incomplete - only grid search params):
  {'alpha': 0.001, 'solver': 'auto', 'tol': 0.0001}

New params dict (complete - ALL parameters):
  {'alpha': 0.001, 'copy_X': True, 'fit_intercept': True, 'max_iter': None, 'positive': False, 'random_state': 42, 'solver': 'auto', 'tol': 0.0001}
================================================================================

     Full model: R²=-0.147, RMSE=5.760
  -> Skipping subset analysis for Ridge (variable subsets disabled)
[198/266] Testing Ridge (alpha=0.01, solver=auto...) + snv_deriv_d2 | Best: R²=0.871, RMSE=1.722

================================================================================
DIAGNOSTIC - Ridge Training (Results Tab)
================================================================================
ALL Ridge parameters after training:
  alpha: 0.01
  copy_X: True
  fit_intercept: True
  max_iter: None
  positive: False
  random_state: 42
  solver: auto
  tol: 0.0001

Old params dict (incomplete - only grid search params):
  {'alpha': 0.01, 'solver': 'auto', 'tol': 0.0001}

New params dict (complete - ALL parameters):
C:\Users\sponheim\AppData\Local\Programs\Python\Python312\Lib\site-packages\sklearn\utils\validation.py:2749: UserWarning: X does not have valid feature names, but LGBMRegressor was fitted with feature names
  warnings.warn(
C:\Users\sponheim\AppData\Local\Programs\Python\Python312\Lib\site-packages\sklearn\utils\validation.py:2749: UserWarning: X does not have valid feature names, but LGBMRegressor was fitted with feature names
  warnings.warn(
C:\Users\sponheim\AppData\Local\Programs\Python\Python312\Lib\site-packages\sklearn\utils\validation.py:2749: UserWarning: X does not have valid feature names, but LGBMRegressor was fitted with feature names
  warnings.warn(
C:\Users\sponheim\AppData\Local\Programs\Python\Python312\Lib\site-packages\sklearn\utils\validation.py:2749: UserWarning: X does not have valid feature names, but LGBMRegressor was fitted with feature names
  warnings.warn(
C:\Users\sponheim\AppData\Local\Programs\Python\Python312\Lib\site-packages\sklearn\utils\validation.py:2749: UserWarning: X does not have valid feature names, but LGBMRegressor was fitted with feature names
  warnings.warn(
C:\Users\sponheim\AppData\Local\Programs\Python\Python312\Lib\site-packages\sklearn\utils\validation.py:2749: UserWarning: X does not have valid feature names, but LGBMRegressor was fitted with feature names
  warnings.warn(
C:\Users\sponheim\AppData\Local\Programs\Python\Python312\Lib\site-packages\sklearn\utils\validation.py:2749: UserWarning: X does not have valid feature names, but LGBMRegressor was fitted with feature names
  warnings.warn(
C:\Users\sponheim\AppData\Local\Programs\Python\Python312\Lib\site-packages\sklearn\utils\validation.py:2749: UserWarning: X does not have valid feature names, but LGBMRegressor was fitted with feature names
  warnings.warn(
C:\Users\sponheim\AppData\Local\Programs\Python\Python312\Lib\site-packages\sklearn\utils\validation.py:2749: UserWarning: X does not have valid feature names, but LGBMRegressor was fitted with feature names
  warnings.warn(
C:\Users\sponheim\AppData\Local\Programs\Python\Python312\Lib\site-packages\sklearn\utils\validation.py:2749: UserWarning: X does not have valid feature names, but LGBMRegressor was fitted with feature names
  warnings.warn(
C:\Users\sponheim\AppData\Local\Programs\Python\Python312\Lib\site-packages\sklearn\utils\validation.py:2749: UserWarning: X does not have valid feature names, but LGBMRegressor was fitted with feature names
  warnings.warn(
C:\Users\sponheim\AppData\Local\Programs\Python\Python312\Lib\site-packages\sklearn\utils\validation.py:2749: UserWarning: X does not have valid feature names, but LGBMRegressor was fitted with feature names
  warnings.warn(
C:\Users\sponheim\AppData\Local\Programs\Python\Python312\Lib\site-packages\sklearn\utils\validation.py:2749: UserWarning: X does not have valid feature names, but LGBMRegressor was fitted with feature names
  warnings.warn(
C:\Users\sponheim\AppData\Local\Programs\Python\Python312\Lib\site-packages\sklearn\utils\validation.py:2749: UserWarning: X does not have valid feature names, but LGBMRegressor was fitted with feature names
  warnings.warn(
C:\Users\sponheim\AppData\Local\Programs\Python\Python312\Lib\site-packages\sklearn\utils\validation.py:2749: UserWarning: X does not have valid feature names, but LGBMRegressor was fitted with feature names
  warnings.warn(
C:\Users\sponheim\AppData\Local\Programs\Python\Python312\Lib\site-packages\sklearn\utils\validation.py:2749: UserWarning: X does not have valid feature names, but LGBMRegressor was fitted with feature names
  warnings.warn(
C:\Users\sponheim\AppData\Local\Programs\Python\Python312\Lib\site-packages\sklearn\utils\validation.py:2749: UserWarning: X does not have valid feature names, but LGBMRegressor was fitted with feature names
  warnings.warn(
C:\Users\sponheim\AppData\Local\Programs\Python\Python312\Lib\site-packages\sklearn\utils\validation.py:2749: UserWarning: X does not have valid feature names, but LGBMRegressor was fitted with feature names
  warnings.warn(
C:\Users\sponheim\AppData\Local\Programs\Python\Python312\Lib\site-packages\sklearn\utils\validation.py:2749: UserWarning: X does not have valid feature names, but LGBMRegressor was fitted with feature names
  warnings.warn(
C:\Users\sponheim\AppData\Local\Programs\Python\Python312\Lib\site-packages\sklearn\utils\validation.py:2749: UserWarning: X does not have valid feature names, but LGBMRegressor was fitted with feature names
  warnings.warn(
C:\Users\sponheim\AppData\Local\Programs\Python\Python312\Lib\site-packages\sklearn\utils\validation.py:2749: UserWarning: X does not have valid feature names, but LGBMRegressor was fitted with feature names
  warnings.warn(
C:\Users\sponheim\AppData\Local\Programs\Python\Python312\Lib\site-packages\sklearn\utils\validation.py:2749: UserWarning: X does not have valid feature names, but LGBMRegressor was fitted with feature names
  warnings.warn(
C:\Users\sponheim\AppData\Local\Programs\Python\Python312\Lib\site-packages\sklearn\utils\validation.py:2749: UserWarning: X does not have valid feature names, but LGBMRegressor was fitted with feature names
  warnings.warn(
C:\Users\sponheim\AppData\Local\Programs\Python\Python312\Lib\site-packages\sklearn\utils\validation.py:2749: UserWarning: X does not have valid feature names, but LGBMRegressor was fitted with feature names
  warnings.warn(
C:\Users\sponheim\AppData\Local\Programs\Python\Python312\Lib\site-packages\sklearn\utils\validation.py:2749: UserWarning: X does not have valid feature names, but LGBMRegressor was fitted with feature names
  warnings.warn(
  {'alpha': 0.01, 'copy_X': True, 'fit_intercept': True, 'max_iter': None, 'positive': False, 'random_state': 42, 'solver': 'auto', 'tol': 0.0001}
================================================================================

     Full model: R²=-0.634, RMSE=6.799
  -> Skipping subset analysis for Ridge (variable subsets disabled)
[199/266] Testing Ridge (alpha=0.1, solver=auto...) + snv_deriv_d2 | Best: R²=0.871, RMSE=1.722

================================================================================
DIAGNOSTIC - Ridge Training (Results Tab)
================================================================================
ALL Ridge parameters after training:
  alpha: 0.1
  copy_X: True
  fit_intercept: True
  max_iter: None
  positive: False
  random_state: 42
  solver: auto
  tol: 0.0001

Old params dict (incomplete - only grid search params):
  {'alpha': 0.1, 'solver': 'auto', 'tol': 0.0001}

New params dict (complete - ALL parameters):
  {'alpha': 0.1, 'copy_X': True, 'fit_intercept': True, 'max_iter': None, 'positive': False, 'random_state': 42, 'solver': 'auto', 'tol': 0.0001}
================================================================================

     Full model: R²=-0.699, RMSE=6.955
  -> Skipping subset analysis for Ridge (variable subsets disabled)
[200/266] Testing Ridge (alpha=1.0, solver=auto...) + snv_deriv_d2 | Best: R²=0.871, RMSE=1.722

================================================================================
DIAGNOSTIC - Ridge Training (Results Tab)
================================================================================
ALL Ridge parameters after training:
  alpha: 1.0
  copy_X: True
  fit_intercept: True
  max_iter: None
  positive: False
  random_state: 42
  solver: auto
  tol: 0.0001

Old params dict (incomplete - only grid search params):
  {'alpha': 1.0, 'solver': 'auto', 'tol': 0.0001}

New params dict (complete - ALL parameters):
  {'alpha': 1.0, 'copy_X': True, 'fit_intercept': True, 'max_iter': None, 'positive': False, 'random_state': 42, 'solver': 'auto', 'tol': 0.0001}
================================================================================

     Full model: R²=-0.701, RMSE=6.966
  -> Skipping subset analysis for Ridge (variable subsets disabled)
[201/266] Testing Ridge (alpha=10.0, solver=auto...) + snv_deriv_d2 | Best: R²=0.871, RMSE=1.722

================================================================================
DIAGNOSTIC - Ridge Training (Results Tab)
================================================================================
ALL Ridge parameters after training:
  alpha: 10.0
  copy_X: True
  fit_intercept: True
  max_iter: None
  positive: False
  random_state: 42
  solver: auto
  tol: 0.0001

Old params dict (incomplete - only grid search params):
  {'alpha': 10.0, 'solver': 'auto', 'tol': 0.0001}

New params dict (complete - ALL parameters):
  {'alpha': 10.0, 'copy_X': True, 'fit_intercept': True, 'max_iter': None, 'positive': False, 'random_state': 42, 'solver': 'auto', 'tol': 0.0001}
================================================================================

     Full model: R²=-0.701, RMSE=6.967
  -> Skipping subset analysis for Ridge (variable subsets disabled)
[202/266] Testing LightGBM (n_estimators=100, learning_rate=0.05...) + snv_deriv_d2 | Best: R²=0.871, RMSE=1.722

================================================================================
DIAGNOSTIC - LightGBM Training (Results Tab)
================================================================================
ALL LightGBM parameters after training:
  bagging_freq: 1
  boosting_type: gbdt
  class_weight: None
  colsample_bytree: 0.8
  importance_type: split
  learning_rate: 0.05
  max_depth: -1
  min_child_samples: 5
  min_child_weight: 0.001
  min_split_gain: 0.0
  n_estimators: 100
  n_jobs: -1
  num_leaves: 31
  objective: None
  random_state: 42
  reg_alpha: 0.1
  reg_lambda: 1.0
  subsample: 0.8
  subsample_for_bin: 200000
  subsample_freq: 0
  verbosity: -1

Old params dict (incomplete - only grid search params):
  {'n_estimators': 100, 'learning_rate': 0.05, 'num_leaves': 31, 'max_depth': -1, 'min_child_samples': 5, 'subsample': 0.8, 'bagging_freq': 1, 'colsample_bytree': 0.8, 'reg_alpha': 0.1, 'reg_lambda': 1.0}

New params dict (complete - ALL parameters):
  {'boosting_type': 'gbdt', 'class_weight': None, 'colsample_bytree': 0.8, 'importance_type': 'split', 'learning_rate': 0.05, 'max_depth': -1, 'min_child_samples': 5, 'min_child_weight': 0.001, 'min_split_gain': 0.0, 'n_estimators': 100, 'n_jobs': -1, 'num_leaves': 31, 'objective': None, 'random_state': 42, 'reg_alpha': 0.1, 'reg_lambda': 1.0, 'subsample': 0.8, 'subsample_for_bin': 200000, 'subsample_freq': 0, 'bagging_freq': 1, 'verbosity': -1}
================================================================================

     Full model: R²=0.813, RMSE=1.933
  -> Skipping subset analysis for LightGBM (variable subsets disabled)
[203/266] Testing LightGBM (n_estimators=100, learning_rate=0.05...) + snv_deriv_d2 | Best: R²=0.871, RMSE=1.722

================================================================================
DIAGNOSTIC - LightGBM Training (Results Tab)
================================================================================
ALL LightGBM parameters after training:
  bagging_freq: 1
  boosting_type: gbdt
  class_weight: None
  colsample_bytree: 0.8
  importance_type: split
  learning_rate: 0.05
  max_depth: -1
  min_child_samples: 5
  min_child_weight: 0.001
  min_split_gain: 0.0
  n_estimators: 100
  n_jobs: -1
  num_leaves: 63
  objective: None
  random_state: 42
  reg_alpha: 0.1
  reg_lambda: 1.0
  subsample: 0.8
  subsample_for_bin: 200000
  subsample_freq: 0
  verbosity: -1

Old params dict (incomplete - only grid search params):
  {'n_estimators': 100, 'learning_rate': 0.05, 'num_leaves': 63, 'max_depth': -1, 'min_child_samples': 5, 'subsample': 0.8, 'bagging_freq': 1, 'colsample_bytree': 0.8, 'reg_alpha': 0.1, 'reg_lambda': 1.0}

New params dict (complete - ALL parameters):
  {'boosting_type': 'gbdt', 'class_weight': None, 'colsample_bytree': 0.8, 'importance_type': 'split', 'learning_rate': 0.05, 'max_depth': -1, 'min_child_samples': 5, 'min_child_weight': 0.001, 'min_split_gain': 0.0, 'n_estimators': 100, 'n_jobs': -1, 'num_leaves': 63, 'objective': None, 'random_state': 42, 'reg_alpha': 0.1, 'reg_lambda': 1.0, 'subsample': 0.8, 'subsample_for_bin': 200000, 'subsample_freq': 0, 'bagging_freq': 1, 'verbosity': -1}
================================================================================

     Full model: R²=0.813, RMSE=1.933
  -> Skipping subset analysis for LightGBM (variable subsets disabled)
[204/266] Testing LightGBM (n_estimators=100, learning_rate=0.1...) + snv_deriv_d2 | Best: R²=0.871, RMSE=1.722

================================================================================
DIAGNOSTIC - LightGBM Training (Results Tab)
================================================================================
ALL LightGBM parameters after training:
  bagging_freq: 1
  boosting_type: gbdt
  class_weight: None
  colsample_bytree: 0.8
  importance_type: split
  learning_rate: 0.1
  max_depth: -1
  min_child_samples: 5
  min_child_weight: 0.001
  min_split_gain: 0.0
  n_estimators: 100
  n_jobs: -1
  num_leaves: 31
  objective: None
  random_state: 42
  reg_alpha: 0.1
  reg_lambda: 1.0
  subsample: 0.8
  subsample_for_bin: 200000
  subsample_freq: 0
  verbosity: -1

Old params dict (incomplete - only grid search params):
  {'n_estimators': 100, 'learning_rate': 0.1, 'num_leaves': 31, 'max_depth': -1, 'min_child_samples': 5, 'subsample': 0.8, 'bagging_freq': 1, 'colsample_bytree': 0.8, 'reg_alpha': 0.1, 'reg_lambda': 1.0}

New params dict (complete - ALL parameters):
  {'boosting_type': 'gbdt', 'class_weight': None, 'colsample_bytree': 0.8, 'importance_type': 'split', 'learning_rate': 0.1, 'max_depth': -1, 'min_child_samples': 5, 'min_child_weight': 0.001, 'min_split_gain': 0.0, 'n_estimators': 100, 'n_jobs': -1, 'num_leaves': 31, 'objective': None, 'random_state': 42, 'reg_alpha': 0.1, 'reg_lambda': 1.0, 'subsample': 0.8, 'subsample_for_bin': 200000, 'subsample_freq': 0, 'bagging_freq': 1, 'verbosity': -1}
================================================================================

     Full model: R²=0.773, RMSE=2.051
  -> Skipping subset analysis for LightGBM (variable subsets disabled)
[205/266] Testing LightGBM (n_estimators=100, learning_rate=0.1...) + snv_deriv_d2 | Best: R²=0.871, RMSE=1.722

================================================================================
DIAGNOSTIC - LightGBM Training (Results Tab)
================================================================================
ALL LightGBM parameters after training:
  bagging_freq: 1
  boosting_type: gbdt
  class_weight: None
  colsample_bytree: 0.8
  importance_type: split
  learning_rate: 0.1
  max_depth: -1
  min_child_samples: 5
  min_child_weight: 0.001
  min_split_gain: 0.0
  n_estimators: 100
  n_jobs: -1
  num_leaves: 63
  objective: None
  random_state: 42
  reg_alpha: 0.1
  reg_lambda: 1.0
  subsample: 0.8
  subsample_for_bin: 200000
  subsample_freq: 0
  verbosity: -1

Old params dict (incomplete - only grid search params):
  {'n_estimators': 100, 'learning_rate': 0.1, 'num_leaves': 63, 'max_depth': -1, 'min_child_samples': 5, 'subsample': 0.8, 'bagging_freq': 1, 'colsample_bytree': 0.8, 'reg_alpha': 0.1, 'reg_lambda': 1.0}

New params dict (complete - ALL parameters):
  {'boosting_type': 'gbdt', 'class_weight': None, 'colsample_bytree': 0.8, 'importance_type': 'split', 'learning_rate': 0.1, 'max_depth': -1, 'min_child_samples': 5, 'min_child_weight': 0.001, 'min_split_gain': 0.0, 'n_estimators': 100, 'n_jobs': -1, 'num_leaves': 63, 'objective': None, 'random_state': 42, 'reg_alpha': 0.1, 'reg_lambda': 1.0, 'subsample': 0.8, 'subsample_for_bin': 200000, 'subsample_freq': 0, 'bagging_freq': 1, 'verbosity': -1}
================================================================================

     Full model: R²=0.773, RMSE=2.051
  -> Skipping subset analysis for LightGBM (variable subsets disabled)
[206/266] Testing LightGBM (n_estimators=200, learning_rate=0.05...) + snv_deriv_d2 | Best: R²=0.871, RMSE=1.722

================================================================================
DIAGNOSTIC - LightGBM Training (Results Tab)
================================================================================
ALL LightGBM parameters after training:
  bagging_freq: 1
  boosting_type: gbdt
  class_weight: None
  colsample_bytree: 0.8
  importance_type: split
  learning_rate: 0.05
  max_depth: -1
  min_child_samples: 5
  min_child_weight: 0.001
  min_split_gain: 0.0
  n_estimators: 200
  n_jobs: -1
  num_leaves: 31
  objective: None
  random_state: 42
  reg_alpha: 0.1
  reg_lambda: 1.0
  subsample: 0.8
  subsample_for_bin: 200000
  subsample_freq: 0
  verbosity: -1

Old params dict (incomplete - only grid search params):
  {'n_estimators': 200, 'learning_rate': 0.05, 'num_leaves': 31, 'max_depth': -1, 'min_child_samples': 5, 'subsample': 0.8, 'bagging_freq': 1, 'colsample_bytree': 0.8, 'reg_alpha': 0.1, 'reg_lambda': 1.0}

New params dict (complete - ALL parameters):
  {'boosting_type': 'gbdt', 'class_weight': None, 'colsample_bytree': 0.8, 'importance_type': 'split', 'learning_rate': 0.05, 'max_depth': -1, 'min_child_samples': 5, 'min_child_weight': 0.001, 'min_split_gain': 0.0, 'n_estimators': 200, 'n_jobs': -1, 'num_leaves': 31, 'objective': None, 'random_state': 42, 'reg_alpha': 0.1, 'reg_lambda': 1.0, 'subsample': 0.8, 'subsample_for_bin': 200000, 'subsample_freq': 0, 'bagging_freq': 1, 'verbosity': -1}
================================================================================

     Full model: R²=0.804, RMSE=1.930
  -> Skipping subset analysis for LightGBM (variable subsets disabled)
[207/266] Testing LightGBM (n_estimators=200, learning_rate=0.05...) + snv_deriv_d2 | Best: R²=0.871, RMSE=1.722

================================================================================
DIAGNOSTIC - LightGBM Training (Results Tab)
================================================================================
ALL LightGBM parameters after training:
  bagging_freq: 1
  boosting_type: gbdt
  class_weight: None
  colsample_bytree: 0.8
  importance_type: split
  learning_rate: 0.05
  max_depth: -1
  min_child_samples: 5
  min_child_weight: 0.001
  min_split_gain: 0.0
  n_estimators: 200
  n_jobs: -1
  num_leaves: 63
  objective: None
  random_state: 42
  reg_alpha: 0.1
  reg_lambda: 1.0
  subsample: 0.8
  subsample_for_bin: 200000
  subsample_freq: 0
  verbosity: -1

Old params dict (incomplete - only grid search params):
  {'n_estimators': 200, 'learning_rate': 0.05, 'num_leaves': 63, 'max_depth': -1, 'min_child_samples': 5, 'subsample': 0.8, 'bagging_freq': 1, 'colsample_bytree': 0.8, 'reg_alpha': 0.1, 'reg_lambda': 1.0}

New params dict (complete - ALL parameters):
  {'boosting_type': 'gbdt', 'class_weight': None, 'colsample_bytree': 0.8, 'importance_type': 'split', 'learning_rate': 0.05, 'max_depth': -1, 'min_child_samples': 5, 'min_child_weight': 0.001, 'min_split_gain': 0.0, 'n_estimators': 200, 'n_jobs': -1, 'num_leaves': 63, 'objective': None, 'random_state': 42, 'reg_alpha': 0.1, 'reg_lambda': 1.0, 'subsample': 0.8, 'subsample_for_bin': 200000, 'subsample_freq': 0, 'bagging_freq': 1, 'verbosity': -1}
================================================================================

     Full model: R²=0.804, RMSE=1.930
  -> Skipping subset analysis for LightGBM (variable subsets disabled)
[208/266] Testing LightGBM (n_estimators=200, learning_rate=0.1...) + snv_deriv_d2 | Best: R²=0.871, RMSE=1.722

================================================================================
DIAGNOSTIC - LightGBM Training (Results Tab)
================================================================================
ALL LightGBM parameters after training:
  bagging_freq: 1
  boosting_type: gbdt
  class_weight: None
  colsample_bytree: 0.8
  importance_type: split
  learning_rate: 0.1
  max_depth: -1
  min_child_samples: 5
  min_child_weight: 0.001
  min_split_gain: 0.0
  n_estimators: 200
  n_jobs: -1
  num_leaves: 31
  objective: None
  random_state: 42
  reg_alpha: 0.1
  reg_lambda: 1.0
  subsample: 0.8
  subsample_for_bin: 200000
  subsample_freq: 0
  verbosity: -1

Old params dict (incomplete - only grid search params):
  {'n_estimators': 200, 'learning_rate': 0.1, 'num_leaves': 31, 'max_depth': -1, 'min_child_samples': 5, 'subsample': 0.8, 'bagging_freq': 1, 'colsample_bytree': 0.8, 'reg_alpha': 0.1, 'reg_lambda': 1.0}

New params dict (complete - ALL parameters):
  {'boosting_type': 'gbdt', 'class_weight': None, 'colsample_bytree': 0.8, 'importance_type': 'split', 'learning_rate': 0.1, 'max_depth': -1, 'min_child_samples': 5, 'min_child_weight': 0.001, 'min_split_gain': 0.0, 'n_estimators': 200, 'n_jobs': -1, 'num_leaves': 31, 'objective': None, 'random_state': 42, 'reg_alpha': 0.1, 'reg_lambda': 1.0, 'subsample': 0.8, 'subsample_for_bin': 200000, 'subsample_freq': 0, 'bagging_freq': 1, 'verbosity': -1}
================================================================================

     Full model: R²=0.771, RMSE=2.059
  -> Skipping subset analysis for LightGBM (variable subsets disabled)
[209/266] Testing LightGBM (n_estimators=200, learning_rate=0.1...) + snv_deriv_d2 | Best: R²=0.871, RMSE=1.722

================================================================================
DIAGNOSTIC - LightGBM Training (Results Tab)
================================================================================
ALL LightGBM parameters after training:
  bagging_freq: 1
  boosting_type: gbdt
  class_weight: None
  colsample_bytree: 0.8
  importance_type: splitC:\Users\sponheim\AppData\Local\Programs\Python\Python312\Lib\site-packages\sklearn\utils\validation.py:2749: UserWarning: X does not have valid feature names, but LGBMRegressor was fitted with feature names
  warnings.warn(
C:\Users\sponheim\AppData\Local\Programs\Python\Python312\Lib\site-packages\sklearn\utils\validation.py:2749: UserWarning: X does not have valid feature names, but LGBMRegressor was fitted with feature names
  warnings.warn(
C:\Users\sponheim\AppData\Local\Programs\Python\Python312\Lib\site-packages\sklearn\utils\validation.py:2749: UserWarning: X does not have valid feature names, but LGBMRegressor was fitted with feature names
  warnings.warn(
C:\Users\sponheim\AppData\Local\Programs\Python\Python312\Lib\site-packages\sklearn\utils\validation.py:2749: UserWarning: X does not have valid feature names, but LGBMRegressor was fitted with feature names
  warnings.warn(
C:\Users\sponheim\AppData\Local\Programs\Python\Python312\Lib\site-packages\sklearn\utils\validation.py:2749: UserWarning: X does not have valid feature names, but LGBMRegressor was fitted with feature names
  warnings.warn(
C:\Users\sponheim\AppData\Local\Programs\Python\Python312\Lib\site-packages\sklearn\utils\validation.py:2749: UserWarning: X does not have valid feature names, but LGBMRegressor was fitted with feature names
  warnings.warn(
C:\Users\sponheim\AppData\Local\Programs\Python\Python312\Lib\site-packages\sklearn\utils\validation.py:2749: UserWarning: X does not have valid feature names, but LGBMRegressor was fitted with feature names
  warnings.warn(
C:\Users\sponheim\AppData\Local\Programs\Python\Python312\Lib\site-packages\sklearn\utils\validation.py:2749: UserWarning: X does not have valid feature names, but LGBMRegressor was fitted with feature names
  warnings.warn(
C:\Users\sponheim\AppData\Local\Programs\Python\Python312\Lib\site-packages\sklearn\utils\validation.py:2749: UserWarning: X does not have valid feature names, but LGBMRegressor was fitted with feature names
  warnings.warn(
C:\Users\sponheim\AppData\Local\Programs\Python\Python312\Lib\site-packages\sklearn\utils\validation.py:2749: UserWarning: X does not have valid feature names, but LGBMRegressor was fitted with feature names
  warnings.warn(
C:\Users\sponheim\AppData\Local\Programs\Python\Python312\Lib\site-packages\sklearn\utils\validation.py:2749: UserWarning: X does not have valid feature names, but LGBMRegressor was fitted with feature names
  warnings.warn(
C:\Users\sponheim\AppData\Local\Programs\Python\Python312\Lib\site-packages\sklearn\utils\validation.py:2749: UserWarning: X does not have valid feature names, but LGBMRegressor was fitted with feature names
  warnings.warn(
C:\Users\sponheim\AppData\Local\Programs\Python\Python312\Lib\site-packages\sklearn\utils\validation.py:2749: UserWarning: X does not have valid feature names, but LGBMRegressor was fitted with feature names
  warnings.warn(
C:\Users\sponheim\AppData\Local\Programs\Python\Python312\Lib\site-packages\sklearn\utils\validation.py:2749: UserWarning: X does not have valid feature names, but LGBMRegressor was fitted with feature names
  warnings.warn(
C:\Users\sponheim\AppData\Local\Programs\Python\Python312\Lib\site-packages\sklearn\utils\validation.py:2749: UserWarning: X does not have valid feature names, but LGBMRegressor was fitted with feature names
  warnings.warn(

  learning_rate: 0.1
  max_depth: -1
  min_child_samples: 5
  min_child_weight: 0.001
  min_split_gain: 0.0
  n_estimators: 200
  n_jobs: -1
  num_leaves: 63
  objective: None
  random_state: 42
  reg_alpha: 0.1
  reg_lambda: 1.0
  subsample: 0.8
  subsample_for_bin: 200000
  subsample_freq: 0
  verbosity: -1

Old params dict (incomplete - only grid search params):
  {'n_estimators': 200, 'learning_rate': 0.1, 'num_leaves': 63, 'max_depth': -1, 'min_child_samples': 5, 'subsample': 0.8, 'bagging_freq': 1, 'colsample_bytree': 0.8, 'reg_alpha': 0.1, 'reg_lambda': 1.0}

New params dict (complete - ALL parameters):
  {'boosting_type': 'gbdt', 'class_weight': None, 'colsample_bytree': 0.8, 'importance_type': 'split', 'learning_rate': 0.1, 'max_depth': -1, 'min_child_samples': 5, 'min_child_weight': 0.001, 'min_split_gain': 0.0, 'n_estimators': 200, 'n_jobs': -1, 'num_leaves': 63, 'objective': None, 'random_state': 42, 'reg_alpha': 0.1, 'reg_lambda': 1.0, 'subsample': 0.8, 'subsample_for_bin': 200000, 'subsample_freq': 0, 'bagging_freq': 1, 'verbosity': -1}
================================================================================

     Full model: R²=0.771, RMSE=2.059
  -> Skipping subset analysis for LightGBM (variable subsets disabled)
[210/266] Testing PLS (n_components=2, max_iter=500...) + snv_deriv_d2 | Best: R²=0.871, RMSE=1.722

================================================================================
DIAGNOSTIC - PLS Training (Results Tab)
================================================================================
ALL PLS parameters after training:
  copy: True
  max_iter: 500
  n_components: 2
  scale: False
  tol: 1e-06

Old params dict (incomplete - only grid search params):
  {'n_components': 2, 'max_iter': 500, 'tol': 1e-06}

New params dict (complete - ALL parameters):
  {'copy': True, 'max_iter': 500, 'n_components': 2, 'scale': False, 'tol': 1e-06}
================================================================================

     Full model: R²=0.521, RMSE=3.153
  -> Skipping subset analysis for PLS (variable subsets disabled)
[211/266] Testing PLS (n_components=3, max_iter=500...) + snv_deriv_d2 | Best: R²=0.871, RMSE=1.722

================================================================================
DIAGNOSTIC - PLS Training (Results Tab)
================================================================================
ALL PLS parameters after training:
  copy: True
  max_iter: 500
  n_components: 3
  scale: False
  tol: 1e-06

Old params dict (incomplete - only grid search params):
  {'n_components': 3, 'max_iter': 500, 'tol': 1e-06}

New params dict (complete - ALL parameters):
  {'copy': True, 'max_iter': 500, 'n_components': 3, 'scale': False, 'tol': 1e-06}
================================================================================

     Full model: R²=0.569, RMSE=2.457
  -> Skipping subset analysis for PLS (variable subsets disabled)
[212/266] Testing PLS (n_components=4, max_iter=500...) + snv_deriv_d2 | Best: R²=0.871, RMSE=1.722

================================================================================
DIAGNOSTIC - PLS Training (Results Tab)
================================================================================
ALL PLS parameters after training:
  copy: True
  max_iter: 500
  n_components: 4
  scale: False
  tol: 1e-06

Old params dict (incomplete - only grid search params):
  {'n_components': 4, 'max_iter': 500, 'tol': 1e-06}

New params dict (complete - ALL parameters):
  {'copy': True, 'max_iter': 500, 'n_components': 4, 'scale': False, 'tol': 1e-06}
================================================================================

     Full model: R²=0.615, RMSE=2.345
  -> Skipping subset analysis for PLS (variable subsets disabled)
[213/266] Testing PLS (n_components=5, max_iter=500...) + snv_deriv_d2 | Best: R²=0.871, RMSE=1.722

================================================================================
DIAGNOSTIC - PLS Training (Results Tab)
================================================================================
ALL PLS parameters after training:
  copy: True
  max_iter: 500
  n_components: 5
  scale: False
  tol: 1e-06

Old params dict (incomplete - only grid search params):
  {'n_components': 5, 'max_iter': 500, 'tol': 1e-06}

New params dict (complete - ALL parameters):
  {'copy': True, 'max_iter': 500, 'n_components': 5, 'scale': False, 'tol': 1e-06}
================================================================================

     Full model: R²=0.678, RMSE=2.301
  -> Skipping subset analysis for PLS (variable subsets disabled)
[214/266] Testing PLS (n_components=6, max_iter=500...) + snv_deriv_d2 | Best: R²=0.871, RMSE=1.722

================================================================================
DIAGNOSTIC - PLS Training (Results Tab)
================================================================================
ALL PLS parameters after training:
  copy: True
  max_iter: 500
  n_components: 6
  scale: False
  tol: 1e-06

Old params dict (incomplete - only grid search params):
  {'n_components': 6, 'max_iter': 500, 'tol': 1e-06}

New params dict (complete - ALL parameters):
  {'copy': True, 'max_iter': 500, 'n_components': 6, 'scale': False, 'tol': 1e-06}
================================================================================

     Full model: R²=0.706, RMSE=2.251
  -> Skipping subset analysis for PLS (variable subsets disabled)
[215/266] Testing PLS (n_components=7, max_iter=500...) + snv_deriv_d2 | Best: R²=0.871, RMSE=1.722

================================================================================
DIAGNOSTIC - PLS Training (Results Tab)
================================================================================
ALL PLS parameters after training:
  copy: True
  max_iter: 500
  n_components: 7
  scale: False
  tol: 1e-06

Old params dict (incomplete - only grid search params):
  {'n_components': 7, 'max_iter': 500, 'tol': 1e-06}

New params dict (complete - ALL parameters):
  {'copy': True, 'max_iter': 500, 'n_components': 7, 'scale': False, 'tol': 1e-06}
================================================================================

     Full model: R²=0.726, RMSE=2.222
  -> Skipping subset analysis for PLS (variable subsets disabled)
[216/266] Testing Ridge (alpha=0.001, solver=auto...) + snv_deriv_d2 | Best: R²=0.871, RMSE=1.722

================================================================================
DIAGNOSTIC - Ridge Training (Results Tab)
================================================================================
ALL Ridge parameters after training:
  alpha: 0.001
  copy_X: True
  fit_intercept: True
  max_iter: None
  positive: False
  random_state: 42
  solver: auto
  tol: 0.0001

Old params dict (incomplete - only grid search params):
  {'alpha': 0.001, 'solver': 'auto', 'tol': 0.0001}

New params dict (complete - ALL parameters):
  {'alpha': 0.001, 'copy_X': True, 'fit_intercept': True, 'max_iter': None, 'positive': False, 'random_state': 42, 'solver': 'auto', 'tol': 0.0001}
================================================================================

     Full model: R²=-0.309, RMSE=6.119
  -> Skipping subset analysis for Ridge (variable subsets disabled)
[217/266] Testing Ridge (alpha=0.01, solver=auto...) + snv_deriv_d2 | Best: R²=0.871, RMSE=1.722

================================================================================
DIAGNOSTIC - Ridge Training (Results Tab)
================================================================================
ALL Ridge parameters after training:
  alpha: 0.01
  copy_X: True
  fit_intercept: True
  max_iter: None
  positive: False
  random_state: 42
  solver: auto
  tol: 0.0001

Old params dict (incomplete - only grid search params):
  {'alpha': 0.01, 'solver': 'auto', 'tol': 0.0001}

New params dict (complete - ALL parameters):
C:\Users\sponheim\AppData\Local\Programs\Python\Python312\Lib\site-packages\sklearn\utils\validation.py:2749: UserWarning: X does not have valid feature names, but LGBMRegressor was fitted with feature names
  warnings.warn(
C:\Users\sponheim\AppData\Local\Programs\Python\Python312\Lib\site-packages\sklearn\utils\validation.py:2749: UserWarning: X does not have valid feature names, but LGBMRegressor was fitted with feature names
  warnings.warn(
C:\Users\sponheim\AppData\Local\Programs\Python\Python312\Lib\site-packages\sklearn\utils\validation.py:2749: UserWarning: X does not have valid feature names, but LGBMRegressor was fitted with feature names
  warnings.warn(
C:\Users\sponheim\AppData\Local\Programs\Python\Python312\Lib\site-packages\sklearn\utils\validation.py:2749: UserWarning: X does not have valid feature names, but LGBMRegressor was fitted with feature names
  warnings.warn(
C:\Users\sponheim\AppData\Local\Programs\Python\Python312\Lib\site-packages\sklearn\utils\validation.py:2749: UserWarning: X does not have valid feature names, but LGBMRegressor was fitted with feature names
  warnings.warn(
C:\Users\sponheim\AppData\Local\Programs\Python\Python312\Lib\site-packages\sklearn\utils\validation.py:2749: UserWarning: X does not have valid feature names, but LGBMRegressor was fitted with feature names
  warnings.warn(
C:\Users\sponheim\AppData\Local\Programs\Python\Python312\Lib\site-packages\sklearn\utils\validation.py:2749: UserWarning: X does not have valid feature names, but LGBMRegressor was fitted with feature names
  warnings.warn(
C:\Users\sponheim\AppData\Local\Programs\Python\Python312\Lib\site-packages\sklearn\utils\validation.py:2749: UserWarning: X does not have valid feature names, but LGBMRegressor was fitted with feature names
  warnings.warn(
C:\Users\sponheim\AppData\Local\Programs\Python\Python312\Lib\site-packages\sklearn\utils\validation.py:2749: UserWarning: X does not have valid feature names, but LGBMRegressor was fitted with feature names
  warnings.warn(
C:\Users\sponheim\AppData\Local\Programs\Python\Python312\Lib\site-packages\sklearn\utils\validation.py:2749: UserWarning: X does not have valid feature names, but LGBMRegressor was fitted with feature names
  warnings.warn(
C:\Users\sponheim\AppData\Local\Programs\Python\Python312\Lib\site-packages\sklearn\utils\validation.py:2749: UserWarning: X does not have valid feature names, but LGBMRegressor was fitted with feature names
  warnings.warn(
C:\Users\sponheim\AppData\Local\Programs\Python\Python312\Lib\site-packages\sklearn\utils\validation.py:2749: UserWarning: X does not have valid feature names, but LGBMRegressor was fitted with feature names
  warnings.warn(
C:\Users\sponheim\AppData\Local\Programs\Python\Python312\Lib\site-packages\sklearn\utils\validation.py:2749: UserWarning: X does not have valid feature names, but LGBMRegressor was fitted with feature names
  warnings.warn(
C:\Users\sponheim\AppData\Local\Programs\Python\Python312\Lib\site-packages\sklearn\utils\validation.py:2749: UserWarning: X does not have valid feature names, but LGBMRegressor was fitted with feature names
  warnings.warn(
C:\Users\sponheim\AppData\Local\Programs\Python\Python312\Lib\site-packages\sklearn\utils\validation.py:2749: UserWarning: X does not have valid feature names, but LGBMRegressor was fitted with feature names
  warnings.warn(
C:\Users\sponheim\AppData\Local\Programs\Python\Python312\Lib\site-packages\sklearn\utils\validation.py:2749: UserWarning: X does not have valid feature names, but LGBMRegressor was fitted with feature names
  warnings.warn(
C:\Users\sponheim\AppData\Local\Programs\Python\Python312\Lib\site-packages\sklearn\utils\validation.py:2749: UserWarning: X does not have valid feature names, but LGBMRegressor was fitted with feature names
  warnings.warn(
C:\Users\sponheim\AppData\Local\Programs\Python\Python312\Lib\site-packages\sklearn\utils\validation.py:2749: UserWarning: X does not have valid feature names, but LGBMRegressor was fitted with feature names
  warnings.warn(
C:\Users\sponheim\AppData\Local\Programs\Python\Python312\Lib\site-packages\sklearn\utils\validation.py:2749: UserWarning: X does not have valid feature names, but LGBMRegressor was fitted with feature names
  warnings.warn(
C:\Users\sponheim\AppData\Local\Programs\Python\Python312\Lib\site-packages\sklearn\utils\validation.py:2749: UserWarning: X does not have valid feature names, but LGBMRegressor was fitted with feature names
  warnings.warn(
C:\Users\sponheim\AppData\Local\Programs\Python\Python312\Lib\site-packages\sklearn\utils\validation.py:2749: UserWarning: X does not have valid feature names, but LGBMRegressor was fitted with feature names
  warnings.warn(
C:\Users\sponheim\AppData\Local\Programs\Python\Python312\Lib\site-packages\sklearn\utils\validation.py:2749: UserWarning: X does not have valid feature names, but LGBMRegressor was fitted with feature names
  warnings.warn(
C:\Users\sponheim\AppData\Local\Programs\Python\Python312\Lib\site-packages\sklearn\utils\validation.py:2749: UserWarning: X does not have valid feature names, but LGBMRegressor was fitted with feature names
  warnings.warn(
C:\Users\sponheim\AppData\Local\Programs\Python\Python312\Lib\site-packages\sklearn\utils\validation.py:2749: UserWarning: X does not have valid feature names, but LGBMRegressor was fitted with feature names
  warnings.warn(
C:\Users\sponheim\AppData\Local\Programs\Python\Python312\Lib\site-packages\sklearn\utils\validation.py:2749: UserWarning: X does not have valid feature names, but LGBMRegressor was fitted with feature names
  warnings.warn(
  {'alpha': 0.01, 'copy_X': True, 'fit_intercept': True, 'max_iter': None, 'positive': False, 'random_state': 42, 'solver': 'auto', 'tol': 0.0001}
================================================================================

     Full model: R²=-0.649, RMSE=6.862
  -> Skipping subset analysis for Ridge (variable subsets disabled)
[218/266] Testing Ridge (alpha=0.1, solver=auto...) + snv_deriv_d2 | Best: R²=0.871, RMSE=1.722

================================================================================
DIAGNOSTIC - Ridge Training (Results Tab)
================================================================================
ALL Ridge parameters after training:
  alpha: 0.1
  copy_X: True
  fit_intercept: True
  max_iter: None
  positive: False
  random_state: 42
  solver: auto
  tol: 0.0001

Old params dict (incomplete - only grid search params):
  {'alpha': 0.1, 'solver': 'auto', 'tol': 0.0001}

New params dict (complete - ALL parameters):
  {'alpha': 0.1, 'copy_X': True, 'fit_intercept': True, 'max_iter': None, 'positive': False, 'random_state': 42, 'solver': 'auto', 'tol': 0.0001}
================================================================================

     Full model: R²=-0.696, RMSE=6.956
  -> Skipping subset analysis for Ridge (variable subsets disabled)
[219/266] Testing Ridge (alpha=1.0, solver=auto...) + snv_deriv_d2 | Best: R²=0.871, RMSE=1.722

================================================================================
DIAGNOSTIC - Ridge Training (Results Tab)
================================================================================
ALL Ridge parameters after training:
  alpha: 1.0
  copy_X: True
  fit_intercept: True
  max_iter: None
  positive: False
  random_state: 42
  solver: auto
  tol: 0.0001

Old params dict (incomplete - only grid search params):
  {'alpha': 1.0, 'solver': 'auto', 'tol': 0.0001}

New params dict (complete - ALL parameters):
  {'alpha': 1.0, 'copy_X': True, 'fit_intercept': True, 'max_iter': None, 'positive': False, 'random_state': 42, 'solver': 'auto', 'tol': 0.0001}
================================================================================

     Full model: R²=-0.700, RMSE=6.966
  -> Skipping subset analysis for Ridge (variable subsets disabled)
[220/266] Testing Ridge (alpha=10.0, solver=auto...) + snv_deriv_d2 | Best: R²=0.871, RMSE=1.722

================================================================================
DIAGNOSTIC - Ridge Training (Results Tab)
================================================================================
ALL Ridge parameters after training:
  alpha: 10.0
  copy_X: True
  fit_intercept: True
  max_iter: None
  positive: False
  random_state: 42
  solver: auto
  tol: 0.0001

Old params dict (incomplete - only grid search params):
  {'alpha': 10.0, 'solver': 'auto', 'tol': 0.0001}

New params dict (complete - ALL parameters):
  {'alpha': 10.0, 'copy_X': True, 'fit_intercept': True, 'max_iter': None, 'positive': False, 'random_state': 42, 'solver': 'auto', 'tol': 0.0001}
================================================================================

     Full model: R²=-0.701, RMSE=6.967
  -> Skipping subset analysis for Ridge (variable subsets disabled)
[221/266] Testing LightGBM (n_estimators=100, learning_rate=0.05...) + snv_deriv_d2 | Best: R²=0.871, RMSE=1.722

================================================================================
DIAGNOSTIC - LightGBM Training (Results Tab)
================================================================================
ALL LightGBM parameters after training:
  bagging_freq: 1
  boosting_type: gbdt
  class_weight: None
  colsample_bytree: 0.8
  importance_type: split
  learning_rate: 0.05
  max_depth: -1
  min_child_samples: 5
  min_child_weight: 0.001
  min_split_gain: 0.0
  n_estimators: 100
  n_jobs: -1
  num_leaves: 31
  objective: None
  random_state: 42
  reg_alpha: 0.1
  reg_lambda: 1.0
  subsample: 0.8
  subsample_for_bin: 200000
  subsample_freq: 0
  verbosity: -1

Old params dict (incomplete - only grid search params):
  {'n_estimators': 100, 'learning_rate': 0.05, 'num_leaves': 31, 'max_depth': -1, 'min_child_samples': 5, 'subsample': 0.8, 'bagging_freq': 1, 'colsample_bytree': 0.8, 'reg_alpha': 0.1, 'reg_lambda': 1.0}

New params dict (complete - ALL parameters):
  {'boosting_type': 'gbdt', 'class_weight': None, 'colsample_bytree': 0.8, 'importance_type': 'split', 'learning_rate': 0.05, 'max_depth': -1, 'min_child_samples': 5, 'min_child_weight': 0.001, 'min_split_gain': 0.0, 'n_estimators': 100, 'n_jobs': -1, 'num_leaves': 31, 'objective': None, 'random_state': 42, 'reg_alpha': 0.1, 'reg_lambda': 1.0, 'subsample': 0.8, 'subsample_for_bin': 200000, 'subsample_freq': 0, 'bagging_freq': 1, 'verbosity': -1}
================================================================================

     Full model: R²=0.866, RMSE=1.996
  -> Skipping subset analysis for LightGBM (variable subsets disabled)
[222/266] Testing LightGBM (n_estimators=100, learning_rate=0.05...) + snv_deriv_d2 | Best: R²=0.871, RMSE=1.722

================================================================================
DIAGNOSTIC - LightGBM Training (Results Tab)
================================================================================
ALL LightGBM parameters after training:
  bagging_freq: 1
  boosting_type: gbdt
  class_weight: None
  colsample_bytree: 0.8
  importance_type: split
  learning_rate: 0.05
  max_depth: -1
  min_child_samples: 5
  min_child_weight: 0.001
  min_split_gain: 0.0
  n_estimators: 100
  n_jobs: -1
  num_leaves: 63
  objective: None
  random_state: 42
  reg_alpha: 0.1
  reg_lambda: 1.0
  subsample: 0.8
  subsample_for_bin: 200000
  subsample_freq: 0
  verbosity: -1

Old params dict (incomplete - only grid search params):
  {'n_estimators': 100, 'learning_rate': 0.05, 'num_leaves': 63, 'max_depth': -1, 'min_child_samples': 5, 'subsample': 0.8, 'bagging_freq': 1, 'colsample_bytree': 0.8, 'reg_alpha': 0.1, 'reg_lambda': 1.0}

New params dict (complete - ALL parameters):
  {'boosting_type': 'gbdt', 'class_weight': None, 'colsample_bytree': 0.8, 'importance_type': 'split', 'learning_rate': 0.05, 'max_depth': -1, 'min_child_samples': 5, 'min_child_weight': 0.001, 'min_split_gain': 0.0, 'n_estimators': 100, 'n_jobs': -1, 'num_leaves': 63, 'objective': None, 'random_state': 42, 'reg_alpha': 0.1, 'reg_lambda': 1.0, 'subsample': 0.8, 'subsample_for_bin': 200000, 'subsample_freq': 0, 'bagging_freq': 1, 'verbosity': -1}
================================================================================

     Full model: R²=0.866, RMSE=1.996
  -> Skipping subset analysis for LightGBM (variable subsets disabled)
[223/266] Testing LightGBM (n_estimators=100, learning_rate=0.1...) + snv_deriv_d2 | Best: R²=0.871, RMSE=1.722

================================================================================
DIAGNOSTIC - LightGBM Training (Results Tab)
================================================================================
ALL LightGBM parameters after training:
  bagging_freq: 1
  boosting_type: gbdt
  class_weight: None
  colsample_bytree: 0.8
  importance_type: split
  learning_rate: 0.1
  max_depth: -1
  min_child_samples: 5
  min_child_weight: 0.001
  min_split_gain: 0.0
  n_estimators: 100
  n_jobs: -1
  num_leaves: 31
  objective: None
  random_state: 42
  reg_alpha: 0.1
  reg_lambda: 1.0
  subsample: 0.8
  subsample_for_bin: 200000
  subsample_freq: 0
  verbosity: -1

Old params dict (incomplete - only grid search params):
  {'n_estimators': 100, 'learning_rate': 0.1, 'num_leaves': 31, 'max_depth': -1, 'min_child_samples': 5, 'subsample': 0.8, 'bagging_freq': 1, 'colsample_bytree': 0.8, 'reg_alpha': 0.1, 'reg_lambda': 1.0}

New params dict (complete - ALL parameters):
  {'boosting_type': 'gbdt', 'class_weight': None, 'colsample_bytree': 0.8, 'importance_type': 'split', 'learning_rate': 0.1, 'max_depth': -1, 'min_child_samples': 5, 'min_child_weight': 0.001, 'min_split_gain': 0.0, 'n_estimators': 100, 'n_jobs': -1, 'num_leaves': 31, 'objective': None, 'random_state': 42, 'reg_alpha': 0.1, 'reg_lambda': 1.0, 'subsample': 0.8, 'subsample_for_bin': 200000, 'subsample_freq': 0, 'bagging_freq': 1, 'verbosity': -1}
================================================================================

     Full model: R²=0.866, RMSE=2.001
  -> Skipping subset analysis for LightGBM (variable subsets disabled)
[224/266] Testing LightGBM (n_estimators=100, learning_rate=0.1...) + snv_deriv_d2 | Best: R²=0.871, RMSE=1.722

================================================================================
DIAGNOSTIC - LightGBM Training (Results Tab)
================================================================================
ALL LightGBM parameters after training:
  bagging_freq: 1
  boosting_type: gbdt
  class_weight: None
  colsample_bytree: 0.8
  importance_type: split
  learning_rate: 0.1
  max_depth: -1
  min_child_samples: 5
  min_child_weight: 0.001
  min_split_gain: 0.0
  n_estimators: 100
  n_jobs: -1
  num_leaves: 63
  objective: None
  random_state: 42
  reg_alpha: 0.1
  reg_lambda: 1.0
  subsample: 0.8
  subsample_for_bin: 200000
  subsample_freq: 0
  verbosity: -1

Old params dict (incomplete - only grid search params):
  {'n_estimators': 100, 'learning_rate': 0.1, 'num_leaves': 63, 'max_depth': -1, 'min_child_samples': 5, 'subsample': 0.8, 'bagging_freq': 1, 'colsample_bytree': 0.8, 'reg_alpha': 0.1, 'reg_lambda': 1.0}

New params dict (complete - ALL parameters):
  {'boosting_type': 'gbdt', 'class_weight': None, 'colsample_bytree': 0.8, 'importance_type': 'split', 'learning_rate': 0.1, 'max_depth': -1, 'min_child_samples': 5, 'min_child_weight': 0.001, 'min_split_gain': 0.0, 'n_estimators': 100, 'n_jobs': -1, 'num_leaves': 63, 'objective': None, 'random_state': 42, 'reg_alpha': 0.1, 'reg_lambda': 1.0, 'subsample': 0.8, 'subsample_for_bin': 200000, 'subsample_freq': 0, 'bagging_freq': 1, 'verbosity': -1}
================================================================================

     Full model: R²=0.866, RMSE=2.001
  -> Skipping subset analysis for LightGBM (variable subsets disabled)
[225/266] Testing LightGBM (n_estimators=200, learning_rate=0.05...) + snv_deriv_d2 | Best: R²=0.871, RMSE=1.722

================================================================================
DIAGNOSTIC - LightGBM Training (Results Tab)
================================================================================
ALL LightGBM parameters after training:
  bagging_freq: 1
  boosting_type: gbdt
  class_weight: None
  colsample_bytree: 0.8
  importance_type: split
  learning_rate: 0.05
  max_depth: -1
  min_child_samples: 5
  min_child_weight: 0.001
  min_split_gain: 0.0
  n_estimators: 200
  n_jobs: -1
  num_leaves: 31
  objective: None
  random_state: 42
  reg_alpha: 0.1
  reg_lambda: 1.0
  subsample: 0.8
  subsample_for_bin: 200000
  subsample_freq: 0
  verbosity: -1

Old params dict (incomplete - only grid search params):
  {'n_estimators': 200, 'learning_rate': 0.05, 'num_leaves': 31, 'max_depth': -1, 'min_child_samples': 5, 'subsample': 0.8, 'bagging_freq': 1, 'colsample_bytree': 0.8, 'reg_alpha': 0.1, 'reg_lambda': 1.0}

New params dict (complete - ALL parameters):
  {'boosting_type': 'gbdt', 'class_weight': None, 'colsample_bytree': 0.8, 'importance_type': 'split', 'learning_rate': 0.05, 'max_depth': -1, 'min_child_samples': 5, 'min_child_weight': 0.001, 'min_split_gain': 0.0, 'n_estimators': 200, 'n_jobs': -1, 'num_leaves': 31, 'objective': None, 'random_state': 42, 'reg_alpha': 0.1, 'reg_lambda': 1.0, 'subsample': 0.8, 'subsample_for_bin': 200000, 'subsample_freq': 0, 'bagging_freq': 1, 'verbosity': -1}
================================================================================

     Full model: R²=0.870, RMSE=1.942
  -> Skipping subset analysis for LightGBM (variable subsets disabled)
[226/266] Testing LightGBM (n_estimators=200, learning_rate=0.05...) + snv_deriv_d2 | Best: R²=0.871, RMSE=1.722

================================================================================
DIAGNOSTIC - LightGBM Training (Results Tab)
================================================================================
ALL LightGBM parameters after training:
  bagging_freq: 1
  boosting_type: gbdt
  class_weight: None
  colsample_bytree: 0.8
  importance_type: split
  learning_rate: 0.05
  max_depth: -1
  min_child_samples: 5
  min_child_weight: 0.001
  min_split_gain: 0.0
  n_estimators: 200
  n_jobs: -1
  num_leaves: 63
  objective: None
  random_state: 42
  reg_alpha: 0.1
  reg_lambda: 1.0
  subsample: 0.8
  subsample_for_bin: 200000
  subsample_freq: 0
  verbosity: -1

Old params dict (incomplete - only grid search params):
  {'n_estimators': 200, 'learning_rate': 0.05, 'num_leaves': 63, 'max_depth': -1, 'min_child_samples': 5, 'subsample': 0.8, 'bagging_freq': 1, 'colsample_bytree': 0.8, 'reg_alpha': 0.1, 'reg_lambda': 1.0}

New params dict (complete - ALL parameters):
  {'boosting_type': 'gbdt', 'class_weight': None, 'colsample_bytree': 0.8, 'importance_type': 'split', 'learning_rate': 0.05, 'max_depth': -1, 'min_child_samples': 5, 'min_child_weight': 0.001, 'min_split_gain': 0.0, 'n_estimators': 200, 'n_jobs': -1, 'num_leaves': 63, 'objective': None, 'random_state': 42, 'reg_alpha': 0.1, 'reg_lambda': 1.0, 'subsample': 0.8, 'subsample_for_bin': 200000, 'subsample_freq': 0, 'bagging_freq': 1, 'verbosity': -1}
================================================================================

     Full model: R²=0.870, RMSE=1.942
  -> Skipping subset analysis for LightGBM (variable subsets disabled)
[227/266] Testing LightGBM (n_estimators=200, learning_rate=0.1...) + snv_deriv_d2 | Best: R²=0.871, RMSE=1.722

================================================================================
DIAGNOSTIC - LightGBM Training (Results Tab)
================================================================================
ALL LightGBM parameters after training:
  bagging_freq: 1
  boosting_type: gbdt
  class_weight: None
  colsample_bytree: 0.8
  importance_type: split
  learning_rate: 0.1
  max_depth: -1
  min_child_samples: 5
  min_child_weight: 0.001
  min_split_gain: 0.0
  n_estimators: 200
  n_jobs: -1
  num_leaves: 31
  objective: None
  random_state: 42
  reg_alpha: 0.1
  reg_lambda: 1.0
  subsample: 0.8
  subsample_for_bin: 200000
  subsample_freq: 0
  verbosity: -1

Old params dict (incomplete - only grid search params):
  {'n_estimators': 200, 'learning_rate': 0.1, 'num_leaves': 31, 'max_depth': -1, 'min_child_samples': 5, 'subsample': 0.8, 'bagging_freq': 1, 'colsample_bytree': 0.8, 'reg_alpha': 0.1, 'reg_lambda': 1.0}

New params dict (complete - ALL parameters):
  {'boosting_type': 'gbdt', 'class_weight': None, 'colsample_bytree': 0.8, 'importance_type': 'split', 'learning_rate': 0.1, 'max_depth': -1, 'min_child_samples': 5, 'min_child_weight': 0.001, 'min_split_gain': 0.0, 'n_estimators': 200, 'n_jobs': -1, 'num_leaves': 31, 'objective': None, 'random_state': 42, 'reg_alpha': 0.1, 'reg_lambda': 1.0, 'subsample': 0.8, 'subsample_for_bin': 200000, 'subsample_freq': 0, 'bagging_freq': 1, 'verbosity': -1}
================================================================================

     Full model: R²=0.867, RMSE=1.995
  -> Skipping subset analysis for LightGBM (variable subsets disabled)
[228/266] Testing LightGBM (n_estimators=200, learning_rate=0.1...) + snv_deriv_d2 | Best: R²=0.871, RMSE=1.722

================================================================================
DIAGNOSTIC - LightGBM Training (Results Tab)
================================================================================
ALL LightGBM parameters after training:
  bagging_freq: 1
  boosting_type: gbdt
  class_weight: None
  colsample_bytree: 0.8
  importance_type: splitC:\Users\sponheim\AppData\Local\Programs\Python\Python312\Lib\site-packages\sklearn\utils\validation.py:2749: UserWarning: X does not have valid feature names, but LGBMRegressor was fitted with feature names
  warnings.warn(
C:\Users\sponheim\AppData\Local\Programs\Python\Python312\Lib\site-packages\sklearn\utils\validation.py:2749: UserWarning: X does not have valid feature names, but LGBMRegressor was fitted with feature names
  warnings.warn(
C:\Users\sponheim\AppData\Local\Programs\Python\Python312\Lib\site-packages\sklearn\utils\validation.py:2749: UserWarning: X does not have valid feature names, but LGBMRegressor was fitted with feature names
  warnings.warn(
C:\Users\sponheim\AppData\Local\Programs\Python\Python312\Lib\site-packages\sklearn\utils\validation.py:2749: UserWarning: X does not have valid feature names, but LGBMRegressor was fitted with feature names
  warnings.warn(
C:\Users\sponheim\AppData\Local\Programs\Python\Python312\Lib\site-packages\sklearn\utils\validation.py:2749: UserWarning: X does not have valid feature names, but LGBMRegressor was fitted with feature names
  warnings.warn(
C:\Users\sponheim\AppData\Local\Programs\Python\Python312\Lib\site-packages\sklearn\utils\validation.py:2749: UserWarning: X does not have valid feature names, but LGBMRegressor was fitted with feature names
  warnings.warn(
C:\Users\sponheim\AppData\Local\Programs\Python\Python312\Lib\site-packages\sklearn\utils\validation.py:2749: UserWarning: X does not have valid feature names, but LGBMRegressor was fitted with feature names
  warnings.warn(
C:\Users\sponheim\AppData\Local\Programs\Python\Python312\Lib\site-packages\sklearn\utils\validation.py:2749: UserWarning: X does not have valid feature names, but LGBMRegressor was fitted with feature names
  warnings.warn(
C:\Users\sponheim\AppData\Local\Programs\Python\Python312\Lib\site-packages\sklearn\utils\validation.py:2749: UserWarning: X does not have valid feature names, but LGBMRegressor was fitted with feature names
  warnings.warn(
C:\Users\sponheim\AppData\Local\Programs\Python\Python312\Lib\site-packages\sklearn\utils\validation.py:2749: UserWarning: X does not have valid feature names, but LGBMRegressor was fitted with feature names
  warnings.warn(
C:\Users\sponheim\AppData\Local\Programs\Python\Python312\Lib\site-packages\sklearn\utils\validation.py:2749: UserWarning: X does not have valid feature names, but LGBMRegressor was fitted with feature names
  warnings.warn(
C:\Users\sponheim\AppData\Local\Programs\Python\Python312\Lib\site-packages\sklearn\utils\validation.py:2749: UserWarning: X does not have valid feature names, but LGBMRegressor was fitted with feature names
  warnings.warn(
C:\Users\sponheim\AppData\Local\Programs\Python\Python312\Lib\site-packages\sklearn\utils\validation.py:2749: UserWarning: X does not have valid feature names, but LGBMRegressor was fitted with feature names
  warnings.warn(
C:\Users\sponheim\AppData\Local\Programs\Python\Python312\Lib\site-packages\sklearn\utils\validation.py:2749: UserWarning: X does not have valid feature names, but LGBMRegressor was fitted with feature names
  warnings.warn(
C:\Users\sponheim\AppData\Local\Programs\Python\Python312\Lib\site-packages\sklearn\utils\validation.py:2749: UserWarning: X does not have valid feature names, but LGBMRegressor was fitted with feature names
  warnings.warn(

  learning_rate: 0.1
  max_depth: -1
  min_child_samples: 5
  min_child_weight: 0.001
  min_split_gain: 0.0
  n_estimators: 200
  n_jobs: -1
  num_leaves: 63
  objective: None
  random_state: 42
  reg_alpha: 0.1
  reg_lambda: 1.0
  subsample: 0.8
  subsample_for_bin: 200000
  subsample_freq: 0
  verbosity: -1

Old params dict (incomplete - only grid search params):
  {'n_estimators': 200, 'learning_rate': 0.1, 'num_leaves': 63, 'max_depth': -1, 'min_child_samples': 5, 'subsample': 0.8, 'bagging_freq': 1, 'colsample_bytree': 0.8, 'reg_alpha': 0.1, 'reg_lambda': 1.0}

New params dict (complete - ALL parameters):
  {'boosting_type': 'gbdt', 'class_weight': None, 'colsample_bytree': 0.8, 'importance_type': 'split', 'learning_rate': 0.1, 'max_depth': -1, 'min_child_samples': 5, 'min_child_weight': 0.001, 'min_split_gain': 0.0, 'n_estimators': 200, 'n_jobs': -1, 'num_leaves': 63, 'objective': None, 'random_state': 42, 'reg_alpha': 0.1, 'reg_lambda': 1.0, 'subsample': 0.8, 'subsample_for_bin': 200000, 'subsample_freq': 0, 'bagging_freq': 1, 'verbosity': -1}
================================================================================

     Full model: R²=0.867, RMSE=1.995
  -> Skipping subset analysis for LightGBM (variable subsets disabled)
[229/266] Testing PLS (n_components=2, max_iter=500...) + deriv_snv_d2 | Best: R²=0.871, RMSE=1.722

================================================================================
DIAGNOSTIC - PLS Training (Results Tab)
================================================================================
ALL PLS parameters after training:
  copy: True
  max_iter: 500
  n_components: 2
  scale: False
  tol: 1e-06

Old params dict (incomplete - only grid search params):
  {'n_components': 2, 'max_iter': 500, 'tol': 1e-06}

New params dict (complete - ALL parameters):
  {'copy': True, 'max_iter': 500, 'n_components': 2, 'scale': False, 'tol': 1e-06}
================================================================================

     Full model: R²=0.140, RMSE=5.025
  -> Skipping subset analysis for PLS (variable subsets disabled)
[230/266] Testing PLS (n_components=3, max_iter=500...) + deriv_snv_d2 | Best: R²=0.871, RMSE=1.722

================================================================================
DIAGNOSTIC - PLS Training (Results Tab)
================================================================================
ALL PLS parameters after training:
  copy: True
  max_iter: 500
  n_components: 3
  scale: False
  tol: 1e-06

Old params dict (incomplete - only grid search params):
  {'n_components': 3, 'max_iter': 500, 'tol': 1e-06}

New params dict (complete - ALL parameters):
  {'copy': True, 'max_iter': 500, 'n_components': 3, 'scale': False, 'tol': 1e-06}
================================================================================

     Full model: R²=0.229, RMSE=4.792
  -> Skipping subset analysis for PLS (variable subsets disabled)
[231/266] Testing PLS (n_components=4, max_iter=500...) + deriv_snv_d2 | Best: R²=0.871, RMSE=1.722

================================================================================
DIAGNOSTIC - PLS Training (Results Tab)
================================================================================
ALL PLS parameters after training:
  copy: True
  max_iter: 500
  n_components: 4
  scale: False
  tol: 1e-06

Old params dict (incomplete - only grid search params):
  {'n_components': 4, 'max_iter': 500, 'tol': 1e-06}

New params dict (complete - ALL parameters):
  {'copy': True, 'max_iter': 500, 'n_components': 4, 'scale': False, 'tol': 1e-06}
================================================================================

     Full model: R²=0.070, RMSE=5.074
  -> Skipping subset analysis for PLS (variable subsets disabled)
[232/266] Testing PLS (n_components=5, max_iter=500...) + deriv_snv_d2 | Best: R²=0.871, RMSE=1.722

================================================================================
DIAGNOSTIC - PLS Training (Results Tab)
================================================================================
ALL PLS parameters after training:
  copy: True
  max_iter: 500
  n_components: 5
  scale: False
  tol: 1e-06

Old params dict (incomplete - only grid search params):
  {'n_components': 5, 'max_iter': 500, 'tol': 1e-06}

New params dict (complete - ALL parameters):
  {'copy': True, 'max_iter': 500, 'n_components': 5, 'scale': False, 'tol': 1e-06}
================================================================================

     Full model: R²=-0.124, RMSE=5.391
  -> Skipping subset analysis for PLS (variable subsets disabled)
[233/266] Testing PLS (n_components=6, max_iter=500...) + deriv_snv_d2 | Best: R²=0.871, RMSE=1.722

================================================================================
DIAGNOSTIC - PLS Training (Results Tab)
================================================================================
ALL PLS parameters after training:
  copy: True
  max_iter: 500
  n_components: 6
  scale: False
  tol: 1e-06

Old params dict (incomplete - only grid search params):
  {'n_components': 6, 'max_iter': 500, 'tol': 1e-06}

New params dict (complete - ALL parameters):
  {'copy': True, 'max_iter': 500, 'n_components': 6, 'scale': False, 'tol': 1e-06}
================================================================================

     Full model: R²=-0.102, RMSE=5.268
  -> Skipping subset analysis for PLS (variable subsets disabled)
[234/266] Testing PLS (n_components=7, max_iter=500...) + deriv_snv_d2 | Best: R²=0.871, RMSE=1.722

================================================================================
DIAGNOSTIC - PLS Training (Results Tab)
================================================================================
ALL PLS parameters after training:
  copy: True
  max_iter: 500
  n_components: 7
  scale: False
  tol: 1e-06

Old params dict (incomplete - only grid search params):
  {'n_components': 7, 'max_iter': 500, 'tol': 1e-06}

New params dict (complete - ALL parameters):
  {'copy': True, 'max_iter': 500, 'n_components': 7, 'scale': False, 'tol': 1e-06}
================================================================================

     Full model: R²=-0.224, RMSE=5.348
  -> Skipping subset analysis for PLS (variable subsets disabled)
[235/266] Testing Ridge (alpha=0.001, solver=auto...) + deriv_snv_d2 | Best: R²=0.871, RMSE=1.722

================================================================================
DIAGNOSTIC - Ridge Training (Results Tab)
================================================================================
ALL Ridge parameters after training:
  alpha: 0.001
  copy_X: True
  fit_intercept: True
  max_iter: None
  positive: False
  random_state: 42
  solver: auto
  tol: 0.0001

Old params dict (incomplete - only grid search params):
  {'alpha': 0.001, 'solver': 'auto', 'tol': 0.0001}

New params dict (complete - ALL parameters):
  {'alpha': 0.001, 'copy_X': True, 'fit_intercept': True, 'max_iter': None, 'positive': False, 'random_state': 42, 'solver': 'auto', 'tol': 0.0001}
================================================================================

     Full model: R²=-0.563, RMSE=5.410
  -> Skipping subset analysis for Ridge (variable subsets disabled)
[236/266] Testing Ridge (alpha=0.01, solver=auto...) + deriv_snv_d2 | Best: R²=0.871, RMSE=1.722

================================================================================
DIAGNOSTIC - Ridge Training (Results Tab)
================================================================================
ALL Ridge parameters after training:
  alpha: 0.01
  copy_X: True
  fit_intercept: True
  max_iter: None
  positive: False
  random_state: 42
  solver: auto
  tol: 0.0001

Old params dict (incomplete - only grid search params):
  {'alpha': 0.01, 'solver': 'auto', 'tol': 0.0001}

New params dict (complete - ALL parameters):
C:\Users\sponheim\AppData\Local\Programs\Python\Python312\Lib\site-packages\sklearn\utils\validation.py:2749: UserWarning: X does not have valid feature names, but LGBMRegressor was fitted with feature names
  warnings.warn(
C:\Users\sponheim\AppData\Local\Programs\Python\Python312\Lib\site-packages\sklearn\utils\validation.py:2749: UserWarning: X does not have valid feature names, but LGBMRegressor was fitted with feature names
  warnings.warn(
C:\Users\sponheim\AppData\Local\Programs\Python\Python312\Lib\site-packages\sklearn\utils\validation.py:2749: UserWarning: X does not have valid feature names, but LGBMRegressor was fitted with feature names
  warnings.warn(
C:\Users\sponheim\AppData\Local\Programs\Python\Python312\Lib\site-packages\sklearn\utils\validation.py:2749: UserWarning: X does not have valid feature names, but LGBMRegressor was fitted with feature names
  warnings.warn(
C:\Users\sponheim\AppData\Local\Programs\Python\Python312\Lib\site-packages\sklearn\utils\validation.py:2749: UserWarning: X does not have valid feature names, but LGBMRegressor was fitted with feature names
  warnings.warn(
C:\Users\sponheim\AppData\Local\Programs\Python\Python312\Lib\site-packages\sklearn\utils\validation.py:2749: UserWarning: X does not have valid feature names, but LGBMRegressor was fitted with feature names
  warnings.warn(
C:\Users\sponheim\AppData\Local\Programs\Python\Python312\Lib\site-packages\sklearn\utils\validation.py:2749: UserWarning: X does not have valid feature names, but LGBMRegressor was fitted with feature names
  warnings.warn(
C:\Users\sponheim\AppData\Local\Programs\Python\Python312\Lib\site-packages\sklearn\utils\validation.py:2749: UserWarning: X does not have valid feature names, but LGBMRegressor was fitted with feature names
  warnings.warn(
C:\Users\sponheim\AppData\Local\Programs\Python\Python312\Lib\site-packages\sklearn\utils\validation.py:2749: UserWarning: X does not have valid feature names, but LGBMRegressor was fitted with feature names
  warnings.warn(
C:\Users\sponheim\AppData\Local\Programs\Python\Python312\Lib\site-packages\sklearn\utils\validation.py:2749: UserWarning: X does not have valid feature names, but LGBMRegressor was fitted with feature names
  warnings.warn(
C:\Users\sponheim\AppData\Local\Programs\Python\Python312\Lib\site-packages\sklearn\utils\validation.py:2749: UserWarning: X does not have valid feature names, but LGBMRegressor was fitted with feature names
  warnings.warn(
C:\Users\sponheim\AppData\Local\Programs\Python\Python312\Lib\site-packages\sklearn\utils\validation.py:2749: UserWarning: X does not have valid feature names, but LGBMRegressor was fitted with feature names
  warnings.warn(
C:\Users\sponheim\AppData\Local\Programs\Python\Python312\Lib\site-packages\sklearn\utils\validation.py:2749: UserWarning: X does not have valid feature names, but LGBMRegressor was fitted with feature names
  warnings.warn(
C:\Users\sponheim\AppData\Local\Programs\Python\Python312\Lib\site-packages\sklearn\utils\validation.py:2749: UserWarning: X does not have valid feature names, but LGBMRegressor was fitted with feature names
  warnings.warn(
C:\Users\sponheim\AppData\Local\Programs\Python\Python312\Lib\site-packages\sklearn\utils\validation.py:2749: UserWarning: X does not have valid feature names, but LGBMRegressor was fitted with feature names
  warnings.warn(
C:\Users\sponheim\AppData\Local\Programs\Python\Python312\Lib\site-packages\sklearn\utils\validation.py:2749: UserWarning: X does not have valid feature names, but LGBMRegressor was fitted with feature names
  warnings.warn(
C:\Users\sponheim\AppData\Local\Programs\Python\Python312\Lib\site-packages\sklearn\utils\validation.py:2749: UserWarning: X does not have valid feature names, but LGBMRegressor was fitted with feature names
  warnings.warn(
C:\Users\sponheim\AppData\Local\Programs\Python\Python312\Lib\site-packages\sklearn\utils\validation.py:2749: UserWarning: X does not have valid feature names, but LGBMRegressor was fitted with feature names
  warnings.warn(
C:\Users\sponheim\AppData\Local\Programs\Python\Python312\Lib\site-packages\sklearn\utils\validation.py:2749: UserWarning: X does not have valid feature names, but LGBMRegressor was fitted with feature names
  warnings.warn(
C:\Users\sponheim\AppData\Local\Programs\Python\Python312\Lib\site-packages\sklearn\utils\validation.py:2749: UserWarning: X does not have valid feature names, but LGBMRegressor was fitted with feature names
  warnings.warn(
C:\Users\sponheim\AppData\Local\Programs\Python\Python312\Lib\site-packages\sklearn\utils\validation.py:2749: UserWarning: X does not have valid feature names, but LGBMRegressor was fitted with feature names
  warnings.warn(
C:\Users\sponheim\AppData\Local\Programs\Python\Python312\Lib\site-packages\sklearn\utils\validation.py:2749: UserWarning: X does not have valid feature names, but LGBMRegressor was fitted with feature names
  warnings.warn(
C:\Users\sponheim\AppData\Local\Programs\Python\Python312\Lib\site-packages\sklearn\utils\validation.py:2749: UserWarning: X does not have valid feature names, but LGBMRegressor was fitted with feature names
  warnings.warn(
C:\Users\sponheim\AppData\Local\Programs\Python\Python312\Lib\site-packages\sklearn\utils\validation.py:2749: UserWarning: X does not have valid feature names, but LGBMRegressor was fitted with feature names
  warnings.warn(
C:\Users\sponheim\AppData\Local\Programs\Python\Python312\Lib\site-packages\sklearn\utils\validation.py:2749: UserWarning: X does not have valid feature names, but LGBMRegressor was fitted with feature names
  warnings.warn(
  {'alpha': 0.01, 'copy_X': True, 'fit_intercept': True, 'max_iter': None, 'positive': False, 'random_state': 42, 'solver': 'auto', 'tol': 0.0001}
================================================================================

     Full model: R²=-0.562, RMSE=5.410
  -> Skipping subset analysis for Ridge (variable subsets disabled)
[237/266] Testing Ridge (alpha=0.1, solver=auto...) + deriv_snv_d2 | Best: R²=0.871, RMSE=1.722

================================================================================
DIAGNOSTIC - Ridge Training (Results Tab)
================================================================================
ALL Ridge parameters after training:
  alpha: 0.1
  copy_X: True
  fit_intercept: True
  max_iter: None
  positive: False
  random_state: 42
  solver: auto
  tol: 0.0001

Old params dict (incomplete - only grid search params):
  {'alpha': 0.1, 'solver': 'auto', 'tol': 0.0001}

New params dict (complete - ALL parameters):
  {'alpha': 0.1, 'copy_X': True, 'fit_intercept': True, 'max_iter': None, 'positive': False, 'random_state': 42, 'solver': 'auto', 'tol': 0.0001}
================================================================================

     Full model: R²=-0.557, RMSE=5.404
  -> Skipping subset analysis for Ridge (variable subsets disabled)
[238/266] Testing Ridge (alpha=1.0, solver=auto...) + deriv_snv_d2 | Best: R²=0.871, RMSE=1.722

================================================================================
DIAGNOSTIC - Ridge Training (Results Tab)
================================================================================
ALL Ridge parameters after training:
  alpha: 1.0
  copy_X: True
  fit_intercept: True
  max_iter: None
  positive: False
  random_state: 42
  solver: auto
  tol: 0.0001

Old params dict (incomplete - only grid search params):
  {'alpha': 1.0, 'solver': 'auto', 'tol': 0.0001}

New params dict (complete - ALL parameters):
  {'alpha': 1.0, 'copy_X': True, 'fit_intercept': True, 'max_iter': None, 'positive': False, 'random_state': 42, 'solver': 'auto', 'tol': 0.0001}
================================================================================

     Full model: R²=-0.509, RMSE=5.350
  -> Skipping subset analysis for Ridge (variable subsets disabled)
[239/266] Testing Ridge (alpha=10.0, solver=auto...) + deriv_snv_d2 | Best: R²=0.871, RMSE=1.722

================================================================================
DIAGNOSTIC - Ridge Training (Results Tab)
================================================================================
ALL Ridge parameters after training:
  alpha: 10.0
  copy_X: True
  fit_intercept: True
  max_iter: None
  positive: False
  random_state: 42
  solver: auto
  tol: 0.0001

Old params dict (incomplete - only grid search params):
  {'alpha': 10.0, 'solver': 'auto', 'tol': 0.0001}

New params dict (complete - ALL parameters):
  {'alpha': 10.0, 'copy_X': True, 'fit_intercept': True, 'max_iter': None, 'positive': False, 'random_state': 42, 'solver': 'auto', 'tol': 0.0001}
================================================================================

     Full model: R²=-0.209, RMSE=5.041
  -> Skipping subset analysis for Ridge (variable subsets disabled)
[240/266] Testing LightGBM (n_estimators=100, learning_rate=0.05...) + deriv_snv_d2 | Best: R²=0.871, RMSE=1.722

================================================================================
DIAGNOSTIC - LightGBM Training (Results Tab)
================================================================================
ALL LightGBM parameters after training:
  bagging_freq: 1
  boosting_type: gbdt
  class_weight: None
  colsample_bytree: 0.8
  importance_type: split
  learning_rate: 0.05
  max_depth: -1
  min_child_samples: 5
  min_child_weight: 0.001
  min_split_gain: 0.0
  n_estimators: 100
  n_jobs: -1
  num_leaves: 31
  objective: None
  random_state: 42
  reg_alpha: 0.1
  reg_lambda: 1.0
  subsample: 0.8
  subsample_for_bin: 200000
  subsample_freq: 0
  verbosity: -1

Old params dict (incomplete - only grid search params):
  {'n_estimators': 100, 'learning_rate': 0.05, 'num_leaves': 31, 'max_depth': -1, 'min_child_samples': 5, 'subsample': 0.8, 'bagging_freq': 1, 'colsample_bytree': 0.8, 'reg_alpha': 0.1, 'reg_lambda': 1.0}

New params dict (complete - ALL parameters):
  {'boosting_type': 'gbdt', 'class_weight': None, 'colsample_bytree': 0.8, 'importance_type': 'split', 'learning_rate': 0.05, 'max_depth': -1, 'min_child_samples': 5, 'min_child_weight': 0.001, 'min_split_gain': 0.0, 'n_estimators': 100, 'n_jobs': -1, 'num_leaves': 31, 'objective': None, 'random_state': 42, 'reg_alpha': 0.1, 'reg_lambda': 1.0, 'subsample': 0.8, 'subsample_for_bin': 200000, 'subsample_freq': 0, 'bagging_freq': 1, 'verbosity': -1}
================================================================================

     Full model: R²=0.723, RMSE=2.737
  -> Skipping subset analysis for LightGBM (variable subsets disabled)
[241/266] Testing LightGBM (n_estimators=100, learning_rate=0.05...) + deriv_snv_d2 | Best: R²=0.871, RMSE=1.722

================================================================================
DIAGNOSTIC - LightGBM Training (Results Tab)
================================================================================
ALL LightGBM parameters after training:
  bagging_freq: 1
  boosting_type: gbdt
  class_weight: None
  colsample_bytree: 0.8
  importance_type: split
  learning_rate: 0.05
  max_depth: -1
  min_child_samples: 5
  min_child_weight: 0.001
  min_split_gain: 0.0
  n_estimators: 100
  n_jobs: -1
  num_leaves: 63
  objective: None
  random_state: 42
  reg_alpha: 0.1
  reg_lambda: 1.0
  subsample: 0.8
  subsample_for_bin: 200000
  subsample_freq: 0
  verbosity: -1

Old params dict (incomplete - only grid search params):
  {'n_estimators': 100, 'learning_rate': 0.05, 'num_leaves': 63, 'max_depth': -1, 'min_child_samples': 5, 'subsample': 0.8, 'bagging_freq': 1, 'colsample_bytree': 0.8, 'reg_alpha': 0.1, 'reg_lambda': 1.0}

New params dict (complete - ALL parameters):
  {'boosting_type': 'gbdt', 'class_weight': None, 'colsample_bytree': 0.8, 'importance_type': 'split', 'learning_rate': 0.05, 'max_depth': -1, 'min_child_samples': 5, 'min_child_weight': 0.001, 'min_split_gain': 0.0, 'n_estimators': 100, 'n_jobs': -1, 'num_leaves': 63, 'objective': None, 'random_state': 42, 'reg_alpha': 0.1, 'reg_lambda': 1.0, 'subsample': 0.8, 'subsample_for_bin': 200000, 'subsample_freq': 0, 'bagging_freq': 1, 'verbosity': -1}
================================================================================

     Full model: R²=0.723, RMSE=2.737
  -> Skipping subset analysis for LightGBM (variable subsets disabled)
[242/266] Testing LightGBM (n_estimators=100, learning_rate=0.1...) + deriv_snv_d2 | Best: R²=0.871, RMSE=1.722

================================================================================
DIAGNOSTIC - LightGBM Training (Results Tab)
================================================================================
ALL LightGBM parameters after training:
  bagging_freq: 1
  boosting_type: gbdt
  class_weight: None
  colsample_bytree: 0.8
  importance_type: split
  learning_rate: 0.1
  max_depth: -1
  min_child_samples: 5
  min_child_weight: 0.001
  min_split_gain: 0.0
  n_estimators: 100
  n_jobs: -1
  num_leaves: 31
  objective: None
  random_state: 42
  reg_alpha: 0.1
  reg_lambda: 1.0
  subsample: 0.8
  subsample_for_bin: 200000
  subsample_freq: 0
  verbosity: -1

Old params dict (incomplete - only grid search params):
  {'n_estimators': 100, 'learning_rate': 0.1, 'num_leaves': 31, 'max_depth': -1, 'min_child_samples': 5, 'subsample': 0.8, 'bagging_freq': 1, 'colsample_bytree': 0.8, 'reg_alpha': 0.1, 'reg_lambda': 1.0}

New params dict (complete - ALL parameters):
  {'boosting_type': 'gbdt', 'class_weight': None, 'colsample_bytree': 0.8, 'importance_type': 'split', 'learning_rate': 0.1, 'max_depth': -1, 'min_child_samples': 5, 'min_child_weight': 0.001, 'min_split_gain': 0.0, 'n_estimators': 100, 'n_jobs': -1, 'num_leaves': 31, 'objective': None, 'random_state': 42, 'reg_alpha': 0.1, 'reg_lambda': 1.0, 'subsample': 0.8, 'subsample_for_bin': 200000, 'subsample_freq': 0, 'bagging_freq': 1, 'verbosity': -1}
================================================================================

     Full model: R²=0.698, RMSE=2.925
  -> Skipping subset analysis for LightGBM (variable subsets disabled)
[243/266] Testing LightGBM (n_estimators=100, learning_rate=0.1...) + deriv_snv_d2 | Best: R²=0.871, RMSE=1.722

================================================================================
DIAGNOSTIC - LightGBM Training (Results Tab)
================================================================================
ALL LightGBM parameters after training:
  bagging_freq: 1
  boosting_type: gbdt
  class_weight: None
  colsample_bytree: 0.8
  importance_type: split
  learning_rate: 0.1
  max_depth: -1
  min_child_samples: 5
  min_child_weight: 0.001
  min_split_gain: 0.0
  n_estimators: 100
  n_jobs: -1
  num_leaves: 63
  objective: None
  random_state: 42
  reg_alpha: 0.1
  reg_lambda: 1.0
  subsample: 0.8
  subsample_for_bin: 200000
  subsample_freq: 0
  verbosity: -1

Old params dict (incomplete - only grid search params):
  {'n_estimators': 100, 'learning_rate': 0.1, 'num_leaves': 63, 'max_depth': -1, 'min_child_samples': 5, 'subsample': 0.8, 'bagging_freq': 1, 'colsample_bytree': 0.8, 'reg_alpha': 0.1, 'reg_lambda': 1.0}

New params dict (complete - ALL parameters):
  {'boosting_type': 'gbdt', 'class_weight': None, 'colsample_bytree': 0.8, 'importance_type': 'split', 'learning_rate': 0.1, 'max_depth': -1, 'min_child_samples': 5, 'min_child_weight': 0.001, 'min_split_gain': 0.0, 'n_estimators': 100, 'n_jobs': -1, 'num_leaves': 63, 'objective': None, 'random_state': 42, 'reg_alpha': 0.1, 'reg_lambda': 1.0, 'subsample': 0.8, 'subsample_for_bin': 200000, 'subsample_freq': 0, 'bagging_freq': 1, 'verbosity': -1}
================================================================================

     Full model: R²=0.698, RMSE=2.925
  -> Skipping subset analysis for LightGBM (variable subsets disabled)
[244/266] Testing LightGBM (n_estimators=200, learning_rate=0.05...) + deriv_snv_d2 | Best: R²=0.871, RMSE=1.722

================================================================================
DIAGNOSTIC - LightGBM Training (Results Tab)
================================================================================
ALL LightGBM parameters after training:
  bagging_freq: 1
  boosting_type: gbdt
  class_weight: None
  colsample_bytree: 0.8
  importance_type: split
  learning_rate: 0.05
  max_depth: -1
  min_child_samples: 5
  min_child_weight: 0.001
  min_split_gain: 0.0
  n_estimators: 200
  n_jobs: -1
  num_leaves: 31
  objective: None
  random_state: 42
  reg_alpha: 0.1
  reg_lambda: 1.0
  subsample: 0.8
  subsample_for_bin: 200000
  subsample_freq: 0
  verbosity: -1

Old params dict (incomplete - only grid search params):
  {'n_estimators': 200, 'learning_rate': 0.05, 'num_leaves': 31, 'max_depth': -1, 'min_child_samples': 5, 'subsample': 0.8, 'bagging_freq': 1, 'colsample_bytree': 0.8, 'reg_alpha': 0.1, 'reg_lambda': 1.0}

New params dict (complete - ALL parameters):
  {'boosting_type': 'gbdt', 'class_weight': None, 'colsample_bytree': 0.8, 'importance_type': 'split', 'learning_rate': 0.05, 'max_depth': -1, 'min_child_samples': 5, 'min_child_weight': 0.001, 'min_split_gain': 0.0, 'n_estimators': 200, 'n_jobs': -1, 'num_leaves': 31, 'objective': None, 'random_state': 42, 'reg_alpha': 0.1, 'reg_lambda': 1.0, 'subsample': 0.8, 'subsample_for_bin': 200000, 'subsample_freq': 0, 'bagging_freq': 1, 'verbosity': -1}
================================================================================

     Full model: R²=0.737, RMSE=2.655
  -> Skipping subset analysis for LightGBM (variable subsets disabled)
[245/266] Testing LightGBM (n_estimators=200, learning_rate=0.05...) + deriv_snv_d2 | Best: R²=0.871, RMSE=1.722

================================================================================
DIAGNOSTIC - LightGBM Training (Results Tab)
================================================================================
ALL LightGBM parameters after training:
  bagging_freq: 1
  boosting_type: gbdt
  class_weight: None
  colsample_bytree: 0.8
  importance_type: split
  learning_rate: 0.05
  max_depth: -1
  min_child_samples: 5
  min_child_weight: 0.001
  min_split_gain: 0.0
  n_estimators: 200
  n_jobs: -1
  num_leaves: 63
  objective: None
  random_state: 42
  reg_alpha: 0.1
  reg_lambda: 1.0
  subsample: 0.8
  subsample_for_bin: 200000
  subsample_freq: 0
  verbosity: -1

Old params dict (incomplete - only grid search params):
  {'n_estimators': 200, 'learning_rate': 0.05, 'num_leaves': 63, 'max_depth': -1, 'min_child_samples': 5, 'subsample': 0.8, 'bagging_freq': 1, 'colsample_bytree': 0.8, 'reg_alpha': 0.1, 'reg_lambda': 1.0}

New params dict (complete - ALL parameters):
  {'boosting_type': 'gbdt', 'class_weight': None, 'colsample_bytree': 0.8, 'importance_type': 'split', 'learning_rate': 0.05, 'max_depth': -1, 'min_child_samples': 5, 'min_child_weight': 0.001, 'min_split_gain': 0.0, 'n_estimators': 200, 'n_jobs': -1, 'num_leaves': 63, 'objective': None, 'random_state': 42, 'reg_alpha': 0.1, 'reg_lambda': 1.0, 'subsample': 0.8, 'subsample_for_bin': 200000, 'subsample_freq': 0, 'bagging_freq': 1, 'verbosity': -1}
================================================================================

     Full model: R²=0.737, RMSE=2.655
  -> Skipping subset analysis for LightGBM (variable subsets disabled)
[246/266] Testing LightGBM (n_estimators=200, learning_rate=0.1...) + deriv_snv_d2 | Best: R²=0.871, RMSE=1.722

================================================================================
DIAGNOSTIC - LightGBM Training (Results Tab)
================================================================================
ALL LightGBM parameters after training:
  bagging_freq: 1
  boosting_type: gbdt
  class_weight: None
  colsample_bytree: 0.8
  importance_type: split
  learning_rate: 0.1
  max_depth: -1
  min_child_samples: 5
  min_child_weight: 0.001
  min_split_gain: 0.0
  n_estimators: 200
  n_jobs: -1
  num_leaves: 31
  objective: None
  random_state: 42
  reg_alpha: 0.1
  reg_lambda: 1.0
  subsample: 0.8
  subsample_for_bin: 200000
  subsample_freq: 0
  verbosity: -1

Old params dict (incomplete - only grid search params):
  {'n_estimators': 200, 'learning_rate': 0.1, 'num_leaves': 31, 'max_depth': -1, 'min_child_samples': 5, 'subsample': 0.8, 'bagging_freq': 1, 'colsample_bytree': 0.8, 'reg_alpha': 0.1, 'reg_lambda': 1.0}

New params dict (complete - ALL parameters):
  {'boosting_type': 'gbdt', 'class_weight': None, 'colsample_bytree': 0.8, 'importance_type': 'split', 'learning_rate': 0.1, 'max_depth': -1, 'min_child_samples': 5, 'min_child_weight': 0.001, 'min_split_gain': 0.0, 'n_estimators': 200, 'n_jobs': -1, 'num_leaves': 31, 'objective': None, 'random_state': 42, 'reg_alpha': 0.1, 'reg_lambda': 1.0, 'subsample': 0.8, 'subsample_for_bin': 200000, 'subsample_freq': 0, 'bagging_freq': 1, 'verbosity': -1}
================================================================================

     Full model: R²=0.704, RMSE=2.910
  -> Skipping subset analysis for LightGBM (variable subsets disabled)
[247/266] Testing LightGBM (n_estimators=200, learning_rate=0.1...) + deriv_snv_d2 | Best: R²=0.871, RMSE=1.722

================================================================================
DIAGNOSTIC - LightGBM Training (Results Tab)
================================================================================
ALL LightGBM parameters after training:
  bagging_freq: 1
  boosting_type: gbdt
  class_weight: None
  colsample_bytree: 0.8
  importance_type: splitC:\Users\sponheim\AppData\Local\Programs\Python\Python312\Lib\site-packages\sklearn\utils\validation.py:2749: UserWarning: X does not have valid feature names, but LGBMRegressor was fitted with feature names
  warnings.warn(
C:\Users\sponheim\AppData\Local\Programs\Python\Python312\Lib\site-packages\sklearn\utils\validation.py:2749: UserWarning: X does not have valid feature names, but LGBMRegressor was fitted with feature names
  warnings.warn(
C:\Users\sponheim\AppData\Local\Programs\Python\Python312\Lib\site-packages\sklearn\utils\validation.py:2749: UserWarning: X does not have valid feature names, but LGBMRegressor was fitted with feature names
  warnings.warn(
C:\Users\sponheim\AppData\Local\Programs\Python\Python312\Lib\site-packages\sklearn\utils\validation.py:2749: UserWarning: X does not have valid feature names, but LGBMRegressor was fitted with feature names
  warnings.warn(
C:\Users\sponheim\AppData\Local\Programs\Python\Python312\Lib\site-packages\sklearn\utils\validation.py:2749: UserWarning: X does not have valid feature names, but LGBMRegressor was fitted with feature names
  warnings.warn(
C:\Users\sponheim\AppData\Local\Programs\Python\Python312\Lib\site-packages\sklearn\utils\validation.py:2749: UserWarning: X does not have valid feature names, but LGBMRegressor was fitted with feature names
  warnings.warn(
C:\Users\sponheim\AppData\Local\Programs\Python\Python312\Lib\site-packages\sklearn\utils\validation.py:2749: UserWarning: X does not have valid feature names, but LGBMRegressor was fitted with feature names
  warnings.warn(
C:\Users\sponheim\AppData\Local\Programs\Python\Python312\Lib\site-packages\sklearn\utils\validation.py:2749: UserWarning: X does not have valid feature names, but LGBMRegressor was fitted with feature names
  warnings.warn(
C:\Users\sponheim\AppData\Local\Programs\Python\Python312\Lib\site-packages\sklearn\utils\validation.py:2749: UserWarning: X does not have valid feature names, but LGBMRegressor was fitted with feature names
  warnings.warn(
C:\Users\sponheim\AppData\Local\Programs\Python\Python312\Lib\site-packages\sklearn\utils\validation.py:2749: UserWarning: X does not have valid feature names, but LGBMRegressor was fitted with feature names
  warnings.warn(
C:\Users\sponheim\AppData\Local\Programs\Python\Python312\Lib\site-packages\sklearn\utils\validation.py:2749: UserWarning: X does not have valid feature names, but LGBMRegressor was fitted with feature names
  warnings.warn(
C:\Users\sponheim\AppData\Local\Programs\Python\Python312\Lib\site-packages\sklearn\utils\validation.py:2749: UserWarning: X does not have valid feature names, but LGBMRegressor was fitted with feature names
  warnings.warn(
C:\Users\sponheim\AppData\Local\Programs\Python\Python312\Lib\site-packages\sklearn\utils\validation.py:2749: UserWarning: X does not have valid feature names, but LGBMRegressor was fitted with feature names
  warnings.warn(
C:\Users\sponheim\AppData\Local\Programs\Python\Python312\Lib\site-packages\sklearn\utils\validation.py:2749: UserWarning: X does not have valid feature names, but LGBMRegressor was fitted with feature names
  warnings.warn(
C:\Users\sponheim\AppData\Local\Programs\Python\Python312\Lib\site-packages\sklearn\utils\validation.py:2749: UserWarning: X does not have valid feature names, but LGBMRegressor was fitted with feature names
  warnings.warn(

  learning_rate: 0.1
  max_depth: -1
  min_child_samples: 5
  min_child_weight: 0.001
  min_split_gain: 0.0
  n_estimators: 200
  n_jobs: -1
  num_leaves: 63
  objective: None
  random_state: 42
  reg_alpha: 0.1
  reg_lambda: 1.0
  subsample: 0.8
  subsample_for_bin: 200000
  subsample_freq: 0
  verbosity: -1

Old params dict (incomplete - only grid search params):
  {'n_estimators': 200, 'learning_rate': 0.1, 'num_leaves': 63, 'max_depth': -1, 'min_child_samples': 5, 'subsample': 0.8, 'bagging_freq': 1, 'colsample_bytree': 0.8, 'reg_alpha': 0.1, 'reg_lambda': 1.0}

New params dict (complete - ALL parameters):
  {'boosting_type': 'gbdt', 'class_weight': None, 'colsample_bytree': 0.8, 'importance_type': 'split', 'learning_rate': 0.1, 'max_depth': -1, 'min_child_samples': 5, 'min_child_weight': 0.001, 'min_split_gain': 0.0, 'n_estimators': 200, 'n_jobs': -1, 'num_leaves': 63, 'objective': None, 'random_state': 42, 'reg_alpha': 0.1, 'reg_lambda': 1.0, 'subsample': 0.8, 'subsample_for_bin': 200000, 'subsample_freq': 0, 'bagging_freq': 1, 'verbosity': -1}
================================================================================

     Full model: R²=0.704, RMSE=2.910
  -> Skipping subset analysis for LightGBM (variable subsets disabled)
[248/266] Testing PLS (n_components=2, max_iter=500...) + deriv_snv_d2 | Best: R²=0.871, RMSE=1.722

================================================================================
DIAGNOSTIC - PLS Training (Results Tab)
================================================================================
ALL PLS parameters after training:
  copy: True
  max_iter: 500
  n_components: 2
  scale: False
  tol: 1e-06

Old params dict (incomplete - only grid search params):
  {'n_components': 2, 'max_iter': 500, 'tol': 1e-06}

New params dict (complete - ALL parameters):
  {'copy': True, 'max_iter': 500, 'n_components': 2, 'scale': False, 'tol': 1e-06}
================================================================================

     Full model: R²=0.728, RMSE=2.422
  -> Skipping subset analysis for PLS (variable subsets disabled)
[249/266] Testing PLS (n_components=3, max_iter=500...) + deriv_snv_d2 | Best: R²=0.871, RMSE=1.722

================================================================================
DIAGNOSTIC - PLS Training (Results Tab)
================================================================================
ALL PLS parameters after training:
  copy: True
  max_iter: 500
  n_components: 3
  scale: False
  tol: 1e-06

Old params dict (incomplete - only grid search params):
  {'n_components': 3, 'max_iter': 500, 'tol': 1e-06}

New params dict (complete - ALL parameters):
  {'copy': True, 'max_iter': 500, 'n_components': 3, 'scale': False, 'tol': 1e-06}
================================================================================

     Full model: R²=0.772, RMSE=2.041
  -> Skipping subset analysis for PLS (variable subsets disabled)
[250/266] Testing PLS (n_components=4, max_iter=500...) + deriv_snv_d2 | Best: R²=0.871, RMSE=1.722

================================================================================
DIAGNOSTIC - PLS Training (Results Tab)
================================================================================
ALL PLS parameters after training:
  copy: True
  max_iter: 500
  n_components: 4
  scale: False
  tol: 1e-06

Old params dict (incomplete - only grid search params):
  {'n_components': 4, 'max_iter': 500, 'tol': 1e-06}

New params dict (complete - ALL parameters):
  {'copy': True, 'max_iter': 500, 'n_components': 4, 'scale': False, 'tol': 1e-06}
================================================================================

     Full model: R²=0.751, RMSE=2.089
  -> Skipping subset analysis for PLS (variable subsets disabled)
[251/266] Testing PLS (n_components=5, max_iter=500...) + deriv_snv_d2 | Best: R²=0.871, RMSE=1.722

================================================================================
DIAGNOSTIC - PLS Training (Results Tab)
================================================================================
ALL PLS parameters after training:
  copy: True
  max_iter: 500
  n_components: 5
  scale: False
  tol: 1e-06

Old params dict (incomplete - only grid search params):
  {'n_components': 5, 'max_iter': 500, 'tol': 1e-06}

New params dict (complete - ALL parameters):
  {'copy': True, 'max_iter': 500, 'n_components': 5, 'scale': False, 'tol': 1e-06}
================================================================================

     Full model: R²=0.734, RMSE=2.258
  -> Skipping subset analysis for PLS (variable subsets disabled)
[252/266] Testing PLS (n_components=6, max_iter=500...) + deriv_snv_d2 | Best: R²=0.871, RMSE=1.722

================================================================================
DIAGNOSTIC - PLS Training (Results Tab)
================================================================================
ALL PLS parameters after training:
  copy: True
  max_iter: 500
  n_components: 6
  scale: False
  tol: 1e-06

Old params dict (incomplete - only grid search params):
  {'n_components': 6, 'max_iter': 500, 'tol': 1e-06}

New params dict (complete - ALL parameters):
  {'copy': True, 'max_iter': 500, 'n_components': 6, 'scale': False, 'tol': 1e-06}
================================================================================

     Full model: R²=0.745, RMSE=2.287
  -> Skipping subset analysis for PLS (variable subsets disabled)
[253/266] Testing PLS (n_components=7, max_iter=500...) + deriv_snv_d2 | Best: R²=0.871, RMSE=1.722

================================================================================
DIAGNOSTIC - PLS Training (Results Tab)
================================================================================
ALL PLS parameters after training:
  copy: True
  max_iter: 500
  n_components: 7
  scale: False
  tol: 1e-06

Old params dict (incomplete - only grid search params):
  {'n_components': 7, 'max_iter': 500, 'tol': 1e-06}

New params dict (complete - ALL parameters):
  {'copy': True, 'max_iter': 500, 'n_components': 7, 'scale': False, 'tol': 1e-06}
================================================================================

     Full model: R²=0.744, RMSE=2.377
  -> Skipping subset analysis for PLS (variable subsets disabled)
[254/266] Testing Ridge (alpha=0.001, solver=auto...) + deriv_snv_d2 | Best: R²=0.871, RMSE=1.722

================================================================================
DIAGNOSTIC - Ridge Training (Results Tab)
================================================================================
ALL Ridge parameters after training:
  alpha: 0.001
  copy_X: True
  fit_intercept: True
  max_iter: None
  positive: False
  random_state: 42
  solver: auto
  tol: 0.0001

Old params dict (incomplete - only grid search params):
  {'alpha': 0.001, 'solver': 'auto', 'tol': 0.0001}

New params dict (complete - ALL parameters):
  {'alpha': 0.001, 'copy_X': True, 'fit_intercept': True, 'max_iter': None, 'positive': False, 'random_state': 42, 'solver': 'auto', 'tol': 0.0001}
================================================================================

     Full model: R²=0.667, RMSE=2.714
  -> Skipping subset analysis for Ridge (variable subsets disabled)
[255/266] Testing Ridge (alpha=0.01, solver=auto...) + deriv_snv_d2 | Best: R²=0.871, RMSE=1.722

================================================================================
DIAGNOSTIC - Ridge Training (Results Tab)
================================================================================
ALL Ridge parameters after training:
  alpha: 0.01
  copy_X: True
  fit_intercept: True
  max_iter: None
  positive: False
  random_state: 42
  solver: auto
  tol: 0.0001

Old params dict (incomplete - only grid search params):
  {'alpha': 0.01, 'solver': 'auto', 'tol': 0.0001}

New params dict (complete - ALL parameters):
C:\Users\sponheim\AppData\Local\Programs\Python\Python312\Lib\site-packages\sklearn\utils\validation.py:2749: UserWarning: X does not have valid feature names, but LGBMRegressor was fitted with feature names
  warnings.warn(
C:\Users\sponheim\AppData\Local\Programs\Python\Python312\Lib\site-packages\sklearn\utils\validation.py:2749: UserWarning: X does not have valid feature names, but LGBMRegressor was fitted with feature names
  warnings.warn(
C:\Users\sponheim\AppData\Local\Programs\Python\Python312\Lib\site-packages\sklearn\utils\validation.py:2749: UserWarning: X does not have valid feature names, but LGBMRegressor was fitted with feature names
  warnings.warn(
C:\Users\sponheim\AppData\Local\Programs\Python\Python312\Lib\site-packages\sklearn\utils\validation.py:2749: UserWarning: X does not have valid feature names, but LGBMRegressor was fitted with feature names
  warnings.warn(
C:\Users\sponheim\AppData\Local\Programs\Python\Python312\Lib\site-packages\sklearn\utils\validation.py:2749: UserWarning: X does not have valid feature names, but LGBMRegressor was fitted with feature names
  warnings.warn(
C:\Users\sponheim\AppData\Local\Programs\Python\Python312\Lib\site-packages\sklearn\utils\validation.py:2749: UserWarning: X does not have valid feature names, but LGBMRegressor was fitted with feature names
  warnings.warn(
C:\Users\sponheim\AppData\Local\Programs\Python\Python312\Lib\site-packages\sklearn\utils\validation.py:2749: UserWarning: X does not have valid feature names, but LGBMRegressor was fitted with feature names
  warnings.warn(
C:\Users\sponheim\AppData\Local\Programs\Python\Python312\Lib\site-packages\sklearn\utils\validation.py:2749: UserWarning: X does not have valid feature names, but LGBMRegressor was fitted with feature names
  warnings.warn(
C:\Users\sponheim\AppData\Local\Programs\Python\Python312\Lib\site-packages\sklearn\utils\validation.py:2749: UserWarning: X does not have valid feature names, but LGBMRegressor was fitted with feature names
  warnings.warn(
C:\Users\sponheim\AppData\Local\Programs\Python\Python312\Lib\site-packages\sklearn\utils\validation.py:2749: UserWarning: X does not have valid feature names, but LGBMRegressor was fitted with feature names
  warnings.warn(
C:\Users\sponheim\AppData\Local\Programs\Python\Python312\Lib\site-packages\sklearn\utils\validation.py:2749: UserWarning: X does not have valid feature names, but LGBMRegressor was fitted with feature names
  warnings.warn(
C:\Users\sponheim\AppData\Local\Programs\Python\Python312\Lib\site-packages\sklearn\utils\validation.py:2749: UserWarning: X does not have valid feature names, but LGBMRegressor was fitted with feature names
  warnings.warn(
C:\Users\sponheim\AppData\Local\Programs\Python\Python312\Lib\site-packages\sklearn\utils\validation.py:2749: UserWarning: X does not have valid feature names, but LGBMRegressor was fitted with feature names
  warnings.warn(
C:\Users\sponheim\AppData\Local\Programs\Python\Python312\Lib\site-packages\sklearn\utils\validation.py:2749: UserWarning: X does not have valid feature names, but LGBMRegressor was fitted with feature names
  warnings.warn(
C:\Users\sponheim\AppData\Local\Programs\Python\Python312\Lib\site-packages\sklearn\utils\validation.py:2749: UserWarning: X does not have valid feature names, but LGBMRegressor was fitted with feature names
  warnings.warn(
C:\Users\sponheim\AppData\Local\Programs\Python\Python312\Lib\site-packages\sklearn\utils\validation.py:2749: UserWarning: X does not have valid feature names, but LGBMRegressor was fitted with feature names
  warnings.warn(
C:\Users\sponheim\AppData\Local\Programs\Python\Python312\Lib\site-packages\sklearn\utils\validation.py:2749: UserWarning: X does not have valid feature names, but LGBMRegressor was fitted with feature names
  warnings.warn(
C:\Users\sponheim\AppData\Local\Programs\Python\Python312\Lib\site-packages\sklearn\utils\validation.py:2749: UserWarning: X does not have valid feature names, but LGBMRegressor was fitted with feature names
  warnings.warn(
C:\Users\sponheim\AppData\Local\Programs\Python\Python312\Lib\site-packages\sklearn\utils\validation.py:2749: UserWarning: X does not have valid feature names, but LGBMRegressor was fitted with feature names
  warnings.warn(
C:\Users\sponheim\AppData\Local\Programs\Python\Python312\Lib\site-packages\sklearn\utils\validation.py:2749: UserWarning: X does not have valid feature names, but LGBMRegressor was fitted with feature names
  warnings.warn(
C:\Users\sponheim\AppData\Local\Programs\Python\Python312\Lib\site-packages\sklearn\utils\validation.py:2749: UserWarning: X does not have valid feature names, but LGBMRegressor was fitted with feature names
  warnings.warn(
C:\Users\sponheim\AppData\Local\Programs\Python\Python312\Lib\site-packages\sklearn\utils\validation.py:2749: UserWarning: X does not have valid feature names, but LGBMRegressor was fitted with feature names
  warnings.warn(
C:\Users\sponheim\AppData\Local\Programs\Python\Python312\Lib\site-packages\sklearn\utils\validation.py:2749: UserWarning: X does not have valid feature names, but LGBMRegressor was fitted with feature names
  warnings.warn(
C:\Users\sponheim\AppData\Local\Programs\Python\Python312\Lib\site-packages\sklearn\utils\validation.py:2749: UserWarning: X does not have valid feature names, but LGBMRegressor was fitted with feature names
  warnings.warn(
C:\Users\sponheim\AppData\Local\Programs\Python\Python312\Lib\site-packages\sklearn\utils\validation.py:2749: UserWarning: X does not have valid feature names, but LGBMRegressor was fitted with feature names
  warnings.warn(
  {'alpha': 0.01, 'copy_X': True, 'fit_intercept': True, 'max_iter': None, 'positive': False, 'random_state': 42, 'solver': 'auto', 'tol': 0.0001}
================================================================================

     Full model: R²=0.667, RMSE=2.713
  -> Skipping subset analysis for Ridge (variable subsets disabled)
[256/266] Testing Ridge (alpha=0.1, solver=auto...) + deriv_snv_d2 | Best: R²=0.871, RMSE=1.722

================================================================================
DIAGNOSTIC - Ridge Training (Results Tab)
================================================================================
ALL Ridge parameters after training:
  alpha: 0.1
  copy_X: True
  fit_intercept: True
  max_iter: None
  positive: False
  random_state: 42
  solver: auto
  tol: 0.0001

Old params dict (incomplete - only grid search params):
  {'alpha': 0.1, 'solver': 'auto', 'tol': 0.0001}

New params dict (complete - ALL parameters):
  {'alpha': 0.1, 'copy_X': True, 'fit_intercept': True, 'max_iter': None, 'positive': False, 'random_state': 42, 'solver': 'auto', 'tol': 0.0001}
================================================================================

     Full model: R²=0.669, RMSE=2.703
  -> Skipping subset analysis for Ridge (variable subsets disabled)
[257/266] Testing Ridge (alpha=1.0, solver=auto...) + deriv_snv_d2 | Best: R²=0.871, RMSE=1.722

================================================================================
DIAGNOSTIC - Ridge Training (Results Tab)
================================================================================
ALL Ridge parameters after training:
  alpha: 1.0
  copy_X: True
  fit_intercept: True
  max_iter: None
  positive: False
  random_state: 42
  solver: auto
  tol: 0.0001

Old params dict (incomplete - only grid search params):
  {'alpha': 1.0, 'solver': 'auto', 'tol': 0.0001}

New params dict (complete - ALL parameters):
  {'alpha': 1.0, 'copy_X': True, 'fit_intercept': True, 'max_iter': None, 'positive': False, 'random_state': 42, 'solver': 'auto', 'tol': 0.0001}
================================================================================

     Full model: R²=0.684, RMSE=2.619
  -> Skipping subset analysis for Ridge (variable subsets disabled)
[258/266] Testing Ridge (alpha=10.0, solver=auto...) + deriv_snv_d2 | Best: R²=0.871, RMSE=1.722

================================================================================
DIAGNOSTIC - Ridge Training (Results Tab)
================================================================================
ALL Ridge parameters after training:
  alpha: 10.0
  copy_X: True
  fit_intercept: True
  max_iter: None
  positive: False
  random_state: 42
  solver: auto
  tol: 0.0001

Old params dict (incomplete - only grid search params):
  {'alpha': 10.0, 'solver': 'auto', 'tol': 0.0001}

New params dict (complete - ALL parameters):
  {'alpha': 10.0, 'copy_X': True, 'fit_intercept': True, 'max_iter': None, 'positive': False, 'random_state': 42, 'solver': 'auto', 'tol': 0.0001}
================================================================================

     Full model: R²=0.735, RMSE=2.319
  -> Skipping subset analysis for Ridge (variable subsets disabled)
[259/266] Testing LightGBM (n_estimators=100, learning_rate=0.05...) + deriv_snv_d2 | Best: R²=0.871, RMSE=1.722

================================================================================
DIAGNOSTIC - LightGBM Training (Results Tab)
================================================================================
ALL LightGBM parameters after training:
  bagging_freq: 1
  boosting_type: gbdt
  class_weight: None
  colsample_bytree: 0.8
  importance_type: split
  learning_rate: 0.05
  max_depth: -1
  min_child_samples: 5
  min_child_weight: 0.001
  min_split_gain: 0.0
  n_estimators: 100
  n_jobs: -1
  num_leaves: 31
  objective: None
  random_state: 42
  reg_alpha: 0.1
  reg_lambda: 1.0
  subsample: 0.8
  subsample_for_bin: 200000
  subsample_freq: 0
  verbosity: -1

Old params dict (incomplete - only grid search params):
  {'n_estimators': 100, 'learning_rate': 0.05, 'num_leaves': 31, 'max_depth': -1, 'min_child_samples': 5, 'subsample': 0.8, 'bagging_freq': 1, 'colsample_bytree': 0.8, 'reg_alpha': 0.1, 'reg_lambda': 1.0}

New params dict (complete - ALL parameters):
  {'boosting_type': 'gbdt', 'class_weight': None, 'colsample_bytree': 0.8, 'importance_type': 'split', 'learning_rate': 0.05, 'max_depth': -1, 'min_child_samples': 5, 'min_child_weight': 0.001, 'min_split_gain': 0.0, 'n_estimators': 100, 'n_jobs': -1, 'num_leaves': 31, 'objective': None, 'random_state': 42, 'reg_alpha': 0.1, 'reg_lambda': 1.0, 'subsample': 0.8, 'subsample_for_bin': 200000, 'subsample_freq': 0, 'bagging_freq': 1, 'verbosity': -1}
================================================================================

     Full model: R²=0.637, RMSE=2.497
  -> Skipping subset analysis for LightGBM (variable subsets disabled)
[260/266] Testing LightGBM (n_estimators=100, learning_rate=0.05...) + deriv_snv_d2 | Best: R²=0.871, RMSE=1.722

================================================================================
DIAGNOSTIC - LightGBM Training (Results Tab)
================================================================================
ALL LightGBM parameters after training:
  bagging_freq: 1
  boosting_type: gbdt
  class_weight: None
  colsample_bytree: 0.8
  importance_type: split
  learning_rate: 0.05
  max_depth: -1
  min_child_samples: 5
  min_child_weight: 0.001
  min_split_gain: 0.0
  n_estimators: 100
  n_jobs: -1
  num_leaves: 63
  objective: None
  random_state: 42
  reg_alpha: 0.1
  reg_lambda: 1.0
  subsample: 0.8
  subsample_for_bin: 200000
  subsample_freq: 0
  verbosity: -1

Old params dict (incomplete - only grid search params):
  {'n_estimators': 100, 'learning_rate': 0.05, 'num_leaves': 63, 'max_depth': -1, 'min_child_samples': 5, 'subsample': 0.8, 'bagging_freq': 1, 'colsample_bytree': 0.8, 'reg_alpha': 0.1, 'reg_lambda': 1.0}

New params dict (complete - ALL parameters):
  {'boosting_type': 'gbdt', 'class_weight': None, 'colsample_bytree': 0.8, 'importance_type': 'split', 'learning_rate': 0.05, 'max_depth': -1, 'min_child_samples': 5, 'min_child_weight': 0.001, 'min_split_gain': 0.0, 'n_estimators': 100, 'n_jobs': -1, 'num_leaves': 63, 'objective': None, 'random_state': 42, 'reg_alpha': 0.1, 'reg_lambda': 1.0, 'subsample': 0.8, 'subsample_for_bin': 200000, 'subsample_freq': 0, 'bagging_freq': 1, 'verbosity': -1}
================================================================================

     Full model: R²=0.637, RMSE=2.497
  -> Skipping subset analysis for LightGBM (variable subsets disabled)
[261/266] Testing LightGBM (n_estimators=100, learning_rate=0.1...) + deriv_snv_d2 | Best: R²=0.871, RMSE=1.722

================================================================================
DIAGNOSTIC - LightGBM Training (Results Tab)
================================================================================
ALL LightGBM parameters after training:
  bagging_freq: 1
  boosting_type: gbdt
  class_weight: None
  colsample_bytree: 0.8
  importance_type: split
  learning_rate: 0.1
  max_depth: -1
  min_child_samples: 5
  min_child_weight: 0.001
  min_split_gain: 0.0
  n_estimators: 100
  n_jobs: -1
  num_leaves: 31
  objective: None
  random_state: 42
  reg_alpha: 0.1
  reg_lambda: 1.0
  subsample: 0.8
  subsample_for_bin: 200000
  subsample_freq: 0
  verbosity: -1

Old params dict (incomplete - only grid search params):
  {'n_estimators': 100, 'learning_rate': 0.1, 'num_leaves': 31, 'max_depth': -1, 'min_child_samples': 5, 'subsample': 0.8, 'bagging_freq': 1, 'colsample_bytree': 0.8, 'reg_alpha': 0.1, 'reg_lambda': 1.0}

New params dict (complete - ALL parameters):
  {'boosting_type': 'gbdt', 'class_weight': None, 'colsample_bytree': 0.8, 'importance_type': 'split', 'learning_rate': 0.1, 'max_depth': -1, 'min_child_samples': 5, 'min_child_weight': 0.001, 'min_split_gain': 0.0, 'n_estimators': 100, 'n_jobs': -1, 'num_leaves': 31, 'objective': None, 'random_state': 42, 'reg_alpha': 0.1, 'reg_lambda': 1.0, 'subsample': 0.8, 'subsample_for_bin': 200000, 'subsample_freq': 0, 'bagging_freq': 1, 'verbosity': -1}
================================================================================

     Full model: R²=0.616, RMSE=2.558
  -> Skipping subset analysis for LightGBM (variable subsets disabled)
[262/266] Testing LightGBM (n_estimators=100, learning_rate=0.1...) + deriv_snv_d2 | Best: R²=0.871, RMSE=1.722

================================================================================
DIAGNOSTIC - LightGBM Training (Results Tab)
================================================================================
ALL LightGBM parameters after training:
  bagging_freq: 1
  boosting_type: gbdt
  class_weight: None
  colsample_bytree: 0.8
  importance_type: split
  learning_rate: 0.1
  max_depth: -1
  min_child_samples: 5
  min_child_weight: 0.001
  min_split_gain: 0.0
  n_estimators: 100
  n_jobs: -1
  num_leaves: 63
  objective: None
  random_state: 42
  reg_alpha: 0.1
  reg_lambda: 1.0
  subsample: 0.8
  subsample_for_bin: 200000
  subsample_freq: 0
  verbosity: -1

Old params dict (incomplete - only grid search params):
  {'n_estimators': 100, 'learning_rate': 0.1, 'num_leaves': 63, 'max_depth': -1, 'min_child_samples': 5, 'subsample': 0.8, 'bagging_freq': 1, 'colsample_bytree': 0.8, 'reg_alpha': 0.1, 'reg_lambda': 1.0}

New params dict (complete - ALL parameters):
  {'boosting_type': 'gbdt', 'class_weight': None, 'colsample_bytree': 0.8, 'importance_type': 'split', 'learning_rate': 0.1, 'max_depth': -1, 'min_child_samples': 5, 'min_child_weight': 0.001, 'min_split_gain': 0.0, 'n_estimators': 100, 'n_jobs': -1, 'num_leaves': 63, 'objective': None, 'random_state': 42, 'reg_alpha': 0.1, 'reg_lambda': 1.0, 'subsample': 0.8, 'subsample_for_bin': 200000, 'subsample_freq': 0, 'bagging_freq': 1, 'verbosity': -1}
================================================================================

     Full model: R²=0.616, RMSE=2.558
  -> Skipping subset analysis for LightGBM (variable subsets disabled)
[263/266] Testing LightGBM (n_estimators=200, learning_rate=0.05...) + deriv_snv_d2 | Best: R²=0.871, RMSE=1.722

================================================================================
DIAGNOSTIC - LightGBM Training (Results Tab)
================================================================================
ALL LightGBM parameters after training:
  bagging_freq: 1
  boosting_type: gbdt
  class_weight: None
  colsample_bytree: 0.8
  importance_type: split
  learning_rate: 0.05
  max_depth: -1
  min_child_samples: 5
  min_child_weight: 0.001
  min_split_gain: 0.0
  n_estimators: 200
  n_jobs: -1
  num_leaves: 31
  objective: None
  random_state: 42
  reg_alpha: 0.1
  reg_lambda: 1.0
  subsample: 0.8
  subsample_for_bin: 200000
  subsample_freq: 0
  verbosity: -1

Old params dict (incomplete - only grid search params):
  {'n_estimators': 200, 'learning_rate': 0.05, 'num_leaves': 31, 'max_depth': -1, 'min_child_samples': 5, 'subsample': 0.8, 'bagging_freq': 1, 'colsample_bytree': 0.8, 'reg_alpha': 0.1, 'reg_lambda': 1.0}

New params dict (complete - ALL parameters):
  {'boosting_type': 'gbdt', 'class_weight': None, 'colsample_bytree': 0.8, 'importance_type': 'split', 'learning_rate': 0.05, 'max_depth': -1, 'min_child_samples': 5, 'min_child_weight': 0.001, 'min_split_gain': 0.0, 'n_estimators': 200, 'n_jobs': -1, 'num_leaves': 31, 'objective': None, 'random_state': 42, 'reg_alpha': 0.1, 'reg_lambda': 1.0, 'subsample': 0.8, 'subsample_for_bin': 200000, 'subsample_freq': 0, 'bagging_freq': 1, 'verbosity': -1}
================================================================================

     Full model: R²=0.642, RMSE=2.485
  -> Skipping subset analysis for LightGBM (variable subsets disabled)
[264/266] Testing LightGBM (n_estimators=200, learning_rate=0.05...) + deriv_snv_d2 | Best: R²=0.871, RMSE=1.722

================================================================================
DIAGNOSTIC - LightGBM Training (Results Tab)
================================================================================
ALL LightGBM parameters after training:
  bagging_freq: 1
  boosting_type: gbdt
  class_weight: None
  colsample_bytree: 0.8
  importance_type: split
  learning_rate: 0.05
  max_depth: -1
  min_child_samples: 5
  min_child_weight: 0.001
  min_split_gain: 0.0
  n_estimators: 200
  n_jobs: -1
  num_leaves: 63
  objective: None
  random_state: 42
  reg_alpha: 0.1
  reg_lambda: 1.0
  subsample: 0.8
  subsample_for_bin: 200000
  subsample_freq: 0
  verbosity: -1

Old params dict (incomplete - only grid search params):
  {'n_estimators': 200, 'learning_rate': 0.05, 'num_leaves': 63, 'max_depth': -1, 'min_child_samples': 5, 'subsample': 0.8, 'bagging_freq': 1, 'colsample_bytree': 0.8, 'reg_alpha': 0.1, 'reg_lambda': 1.0}

New params dict (complete - ALL parameters):
  {'boosting_type': 'gbdt', 'class_weight': None, 'colsample_bytree': 0.8, 'importance_type': 'split', 'learning_rate': 0.05, 'max_depth': -1, 'min_child_samples': 5, 'min_child_weight': 0.001, 'min_split_gain': 0.0, 'n_estimators': 200, 'n_jobs': -1, 'num_leaves': 63, 'objective': None, 'random_state': 42, 'reg_alpha': 0.1, 'reg_lambda': 1.0, 'subsample': 0.8, 'subsample_for_bin': 200000, 'subsample_freq': 0, 'bagging_freq': 1, 'verbosity': -1}
================================================================================

     Full model: R²=0.642, RMSE=2.485
  -> Skipping subset analysis for LightGBM (variable subsets disabled)
[265/266] Testing LightGBM (n_estimators=200, learning_rate=0.1...) + deriv_snv_d2 | Best: R²=0.871, RMSE=1.722

================================================================================
DIAGNOSTIC - LightGBM Training (Results Tab)
================================================================================
ALL LightGBM parameters after training:
  bagging_freq: 1
  boosting_type: gbdt
  class_weight: None
  colsample_bytree: 0.8
  importance_type: split
  learning_rate: 0.1
  max_depth: -1
  min_child_samples: 5
  min_child_weight: 0.001
  min_split_gain: 0.0
  n_estimators: 200
  n_jobs: -1
  num_leaves: 31
  objective: None
  random_state: 42
  reg_alpha: 0.1
  reg_lambda: 1.0
  subsample: 0.8
  subsample_for_bin: 200000
  subsample_freq: 0
  verbosity: -1

Old params dict (incomplete - only grid search params):
  {'n_estimators': 200, 'learning_rate': 0.1, 'num_leaves': 31, 'max_depth': -1, 'min_child_samples': 5, 'subsample': 0.8, 'bagging_freq': 1, 'colsample_bytree': 0.8, 'reg_alpha': 0.1, 'reg_lambda': 1.0}

New params dict (complete - ALL parameters):
  {'boosting_type': 'gbdt', 'class_weight': None, 'colsample_bytree': 0.8, 'importance_type': 'split', 'learning_rate': 0.1, 'max_depth': -1, 'min_child_samples': 5, 'min_child_weight': 0.001, 'min_split_gain': 0.0, 'n_estimators': 200, 'n_jobs': -1, 'num_leaves': 31, 'objective': None, 'random_state': 42, 'reg_alpha': 0.1, 'reg_lambda': 1.0, 'subsample': 0.8, 'subsample_for_bin': 200000, 'subsample_freq': 0, 'bagging_freq': 1, 'verbosity': -1}
================================================================================

     Full model: R²=0.612, RMSE=2.567
  -> Skipping subset analysis for LightGBM (variable subsets disabled)
[266/266] Testing LightGBM (n_estimators=200, learning_rate=0.1...) + deriv_snv_d2 | Best: R²=0.871, RMSE=1.722

================================================================================
DIAGNOSTIC - LightGBM Training (Results Tab)
================================================================================
ALL LightGBM parameters after training:
  bagging_freq: 1
  boosting_type: gbdt
  class_weight: None
  colsample_bytree: 0.8
  importance_type: split
  learning_rate: 0.1
  max_depth: -1
  min_child_samples: 5
  min_child_weight: 0.001
  min_split_gain: 0.0
  n_estimators: 200
  n_jobs: -1
  num_leaves: 63
  objective: None
  random_state: 42
  reg_alpha: 0.1
  reg_lambda: 1.0
  subsample: 0.8
  subsample_for_bin: 200000
  subsample_freq: 0
  verbosity: -1

Old params dict (incomplete - only grid search params):
  {'n_estimators': 200, 'learning_rate': 0.1, 'num_leaves': 63, 'max_depth': -1, 'min_child_samples': 5, 'subsample': 0.8, 'bagging_freq': 1, 'colsample_bytree': 0.8, 'reg_alpha': 0.1, 'reg_lambda': 1.0}

New params dict (complete - ALL parameters):
  {'boosting_type': 'gbdt', 'class_weight': None, 'colsample_bytree': 0.8, 'importance_type': 'split', 'learning_rate': 0.1, 'max_depth': -1, 'min_child_samples': 5, 'min_child_weight': 0.001, 'min_split_gain': 0.0, 'n_estimators': 200, 'n_jobs': -1, 'num_leaves': 63, 'objective': None, 'random_state': 42, 'reg_alpha': 0.1, 'reg_lambda': 1.0, 'subsample': 0.8, 'subsample_for_bin': 200000, 'subsample_freq': 0, 'bagging_freq': 1, 'verbosity': -1}
================================================================================

     Full model: R²=0.612, RMSE=2.567
  -> Skipping subset analysis for LightGBM (variable subsets disabled)

[DEBUG] Results before scoring: 266 rows
[DEBUG] SubsetTag counts BEFORE scoring:
SubsetTag
full    266

[DEBUG] Results after scoring: 266 rows
[DEBUG] SubsetTag counts AFTER scoring:
SubsetTag
full    266

Grid search completed: 266 configurations tested

Best results by model type:
----------------------------------------------------------------------
Model           Preprocessing        CV RMSE      CV R2       
----------------------------------------------------------------------
Traceback (most recent call last):
  File "C:\Users\sponheim\AppData\Local\Programs\Python\Python312\Lib\site-packages\pandas\core\indexes\base.py", line 3812, in get_loc
    return self._engine.get_loc(casted_key)
           ^^^^^^^^^^^^^^^^^^^^^^^^^^^^^^^^
  File "pandas/_libs/index.pyx", line 167, in pandas._libs.index.IndexEngine.get_loc
  File "pandas/_libs/index.pyx", line 196, in pandas._libs.index.IndexEngine.get_loc
  File "pandas/_libs/hashtable_class_helper.pxi", line 7088, in pandas._libs.hashtable.PyObjectHashTable.get_item
  File "pandas/_libs/hashtable_class_helper.pxi", line 7096, in pandas._libs.hashtable.PyObjectHashTable.get_item
KeyError: 'CV RMSE'

The above exception was the direct cause of the following exception:

Traceback (most recent call last):
  File "C:\Users\sponheim\git\dasp\scripts\v1_comprehensive_test.py", line 937, in <module>
    results = main()
              ^^^^^^
  File "C:\Users\sponheim\git\dasp\scripts\v1_comprehensive_test.py", line 874, in main
    baseline_results = stage2_grid_search(data)
                       ^^^^^^^^^^^^^^^^^^^^^^^^
  File "C:\Users\sponheim\git\dasp\scripts\v1_comprehensive_test.py", line 214, in stage2_grid_search
    best = model_results.loc[model_results['CV RMSE'].idxmin()]
                             ~~~~~~~~~~~~~^^^^^^^^^^^
  File "C:\Users\sponheim\AppData\Local\Programs\Python\Python312\Lib\site-packages\pandas\core\frame.py", line 4113, in __getitem__
    indexer = self.columns.get_loc(key)
              ^^^^^^^^^^^^^^^^^^^^^^^^^
  File "C:\Users\sponheim\AppData\Local\Programs\Python\Python312\Lib\site-packages\pandas\core\indexes\base.py", line 3819, in get_loc
    raise KeyError(key) from err
KeyError: 'CV RMSE'
